################################################################################
#                                                                              #
#      IAR Universal Linker V5.0.2.5/W32                                       #
#                                                                              #
#           Link time     =  07/Jan/2020  18:19:37                             #
#           Target CPU    =  x51                                               #
#           List file     =  "G:\workspaces\hardware\my-zigbee\zigbeeÍø¹Ø¿ª·¢° #
#                            åV4.0\08.´úÂë¼°Æä½Ì³Ì\2.½ø½×Æª-TI BasicRF ¼òµ¥ÎÞÏ #
#                            ßµã¶Ôµã´«ÊäÐ­Òé\1.CC2530 BasicRF£¨ÎÞÏßµãµÆ£©»ùÓÚQ #
#                            2530SB°å\BasicRF\ide\srf05_cc2530\iar\temp\light_ #
#                            switch.map"                                       #
#           Output file 1 =  "G:\workspaces\hardware\my-zigbee\zigbeeÍø¹Ø¿ª·¢° #
#                            åV4.0\08.´úÂë¼°Æä½Ì³Ì\2.½ø½×Æª-TI BasicRF ¼òµ¥ÎÞÏ #
#                            ßµã¶Ôµã´«ÊäÐ­Òé\1.CC2530 BasicRF£¨ÎÞÏßµãµÆ£©»ùÓÚQ #
#                            2530SB°å\BasicRF\ide\srf05_cc2530\iar\light_switc #
#                            h.hex"                                            #
#                            Format: intel-extended                            #
#           Output file 2 =  "G:\workspaces\hardware\my-zigbee\zigbeeÍø¹Ø¿ª·¢° #
#                            åV4.0\08.´úÂë¼°Æä½Ì³Ì\2.½ø½×Æª-TI BasicRF ¼òµ¥ÎÞÏ #
#                            ßµã¶Ôµã´«ÊäÐ­Òé\1.CC2530 BasicRF£¨ÎÞÏßµãµÆ£©»ùÓÚQ #
#                            2530SB°å\BasicRF\ide\srf05_cc2530\iar\light_switc #
#                            h.d51"                                            #
#                            Format: debug                                     #
#                            UBROF version 10.0.3                              #
#                            Using library modules for C-SPY (-rt)             #
#           Command line  =  "-IG:\Program Files (x86)\IAR Systems\Embedded Wo #
#                            rkbench 6.0 Evaluation\8051\CONFIG\"              #
#                            -D_NR_OF_BANKS=0x07 -D_CODEBANK_END=0xFFFF        #
#                            -D_CODEBANK_START=0x8000 -D?CBANK_MASK=0xFF       #
#                            -D?CBANK=0x9F                                     #
#                            "G:\workspaces\hardware\my-zigbee\zigbeeÍø¹Ø¿ª·¢° #
#                            åV4.0\08.´úÂë¼°Æä½Ì³Ì\2.½ø½×Æª-TI BasicRF ¼òµ¥ÎÞÏ #
#                            ßµã¶Ôµã´«ÊäÐ­Òé\1.CC2530 BasicRF£¨ÎÞÏßµãµÆ£©»ùÓÚQ #
#                            2530SB°å\BasicRF\ide\srf05_cc2530\iar\temp\light_ #
#                            switch\adc.r51"                                   #
#                            "G:\workspaces\hardware\my-zigbee\zigbeeÍø¹Ø¿ª·¢° #
#                            åV4.0\08.´úÂë¼°Æä½Ì³Ì\2.½ø½×Æª-TI BasicRF ¼òµ¥ÎÞÏ #
#                            ßµã¶Ôµã´«ÊäÐ­Òé\1.CC2530 BasicRF£¨ÎÞÏßµãµÆ£©»ùÓÚQ #
#                            2530SB°å\BasicRF\ide\srf05_cc2530\iar\temp\light_ #
#                            switch\basic_rf.r51"                              #
#                            "G:\workspaces\hardware\my-zigbee\zigbeeÍø¹Ø¿ª·¢° #
#                            åV4.0\08.´úÂë¼°Æä½Ì³Ì\2.½ø½×Æª-TI BasicRF ¼òµ¥ÎÞÏ #
#                            ßµã¶Ôµã´«ÊäÐ­Òé\1.CC2530 BasicRF£¨ÎÞÏßµãµÆ£©»ùÓÚQ #
#                            2530SB°å\BasicRF\ide\srf05_cc2530\iar\temp\light_ #
#                            switch\basic_rf_security.r51"                     #
#                            "G:\workspaces\hardware\my-zigbee\zigbeeÍø¹Ø¿ª·¢° #
#                            åV4.0\08.´úÂë¼°Æä½Ì³Ì\2.½ø½×Æª-TI BasicRF ¼òµ¥ÎÞÏ #
#                            ßµã¶Ôµã´«ÊäÐ­Òé\1.CC2530 BasicRF£¨ÎÞÏßµãµÆ£©»ùÓÚQ #
#                            2530SB°å\BasicRF\ide\srf05_cc2530\iar\temp\light_ #
#                            switch\clock.r51"                                 #
#                            "G:\workspaces\hardware\my-zigbee\zigbeeÍø¹Ø¿ª·¢° #
#                            åV4.0\08.´úÂë¼°Æä½Ì³Ì\2.½ø½×Æª-TI BasicRF ¼òµ¥ÎÞÏ #
#                            ßµã¶Ôµã´«ÊäÐ­Òé\1.CC2530 BasicRF£¨ÎÞÏßµãµÆ£©»ùÓÚQ #
#                            2530SB°å\BasicRF\ide\srf05_cc2530\iar\temp\light_ #
#                            switch\hal_assert.r51"                            #
#                            "G:\workspaces\hardware\my-zigbee\zigbeeÍø¹Ø¿ª·¢° #
#                            åV4.0\08.´úÂë¼°Æä½Ì³Ì\2.½ø½×Æª-TI BasicRF ¼òµ¥ÎÞÏ #
#                            ßµã¶Ôµã´«ÊäÐ­Òé\1.CC2530 BasicRF£¨ÎÞÏßµãµÆ£©»ùÓÚQ #
#                            2530SB°å\BasicRF\ide\srf05_cc2530\iar\temp\light_ #
#                            switch\hal_board.r51"                             #
#                            "G:\workspaces\hardware\my-zigbee\zigbeeÍø¹Ø¿ª·¢° #
#                            åV4.0\08.´úÂë¼°Æä½Ì³Ì\2.½ø½×Æª-TI BasicRF ¼òµ¥ÎÞÏ #
#                            ßµã¶Ôµã´«ÊäÐ­Òé\1.CC2530 BasicRF£¨ÎÞÏßµãµÆ£©»ùÓÚQ #
#                            2530SB°å\BasicRF\ide\srf05_cc2530\iar\temp\light_ #
#                            switch\hal_button.r51"                            #
#                            "G:\workspaces\hardware\my-zigbee\zigbeeÍø¹Ø¿ª·¢° #
#                            åV4.0\08.´úÂë¼°Æä½Ì³Ì\2.½ø½×Æª-TI BasicRF ¼òµ¥ÎÞÏ #
#                            ßµã¶Ôµã´«ÊäÐ­Òé\1.CC2530 BasicRF£¨ÎÞÏßµãµÆ£©»ùÓÚQ #
#                            2530SB°å\BasicRF\ide\srf05_cc2530\iar\temp\light_ #
#                            switch\hal_digio.r51"                             #
#                            "G:\workspaces\hardware\my-zigbee\zigbeeÍø¹Ø¿ª·¢° #
#                            åV4.0\08.´úÂë¼°Æä½Ì³Ì\2.½ø½×Æª-TI BasicRF ¼òµ¥ÎÞÏ #
#                            ßµã¶Ôµã´«ÊäÐ­Òé\1.CC2530 BasicRF£¨ÎÞÏßµãµÆ£©»ùÓÚQ #
#                            2530SB°å\BasicRF\ide\srf05_cc2530\iar\temp\light_ #
#                            switch\hal_int.r51"                               #
#                            "G:\workspaces\hardware\my-zigbee\zigbeeÍø¹Ø¿ª·¢° #
#                            åV4.0\08.´úÂë¼°Æä½Ì³Ì\2.½ø½×Æª-TI BasicRF ¼òµ¥ÎÞÏ #
#                            ßµã¶Ôµã´«ÊäÐ­Òé\1.CC2530 BasicRF£¨ÎÞÏßµãµÆ£©»ùÓÚQ #
#                            2530SB°å\BasicRF\ide\srf05_cc2530\iar\temp\light_ #
#                            switch\hal_joystick.r51"                          #
#                            "G:\workspaces\hardware\my-zigbee\zigbeeÍø¹Ø¿ª·¢° #
#                            åV4.0\08.´úÂë¼°Æä½Ì³Ì\2.½ø½×Æª-TI BasicRF ¼òµ¥ÎÞÏ #
#                            ßµã¶Ôµã´«ÊäÐ­Òé\1.CC2530 BasicRF£¨ÎÞÏßµãµÆ£©»ùÓÚQ #
#                            2530SB°å\BasicRF\ide\srf05_cc2530\iar\temp\light_ #
#                            switch\hal_lcd_srf05.r51"                         #
#                            "G:\workspaces\hardware\my-zigbee\zigbeeÍø¹Ø¿ª·¢° #
#                            åV4.0\08.´úÂë¼°Æä½Ì³Ì\2.½ø½×Æª-TI BasicRF ¼òµ¥ÎÞÏ #
#                            ßµã¶Ôµã´«ÊäÐ­Òé\1.CC2530 BasicRF£¨ÎÞÏßµãµÆ£©»ùÓÚQ #
#                            2530SB°å\BasicRF\ide\srf05_cc2530\iar\temp\light_ #
#                            switch\hal_led.r51"                               #
#                            "G:\workspaces\hardware\my-zigbee\zigbeeÍø¹Ø¿ª·¢° #
#                            åV4.0\08.´úÂë¼°Æä½Ì³Ì\2.½ø½×Æª-TI BasicRF ¼òµ¥ÎÞÏ #
#                            ßµã¶Ôµã´«ÊäÐ­Òé\1.CC2530 BasicRF£¨ÎÞÏßµãµÆ£©»ùÓÚQ #
#                            2530SB°å\BasicRF\ide\srf05_cc2530\iar\temp\light_ #
#                            switch\hal_mcu.r51"                               #
#                            "G:\workspaces\hardware\my-zigbee\zigbeeÍø¹Ø¿ª·¢° #
#                            åV4.0\08.´úÂë¼°Æä½Ì³Ì\2.½ø½×Æª-TI BasicRF ¼òµ¥ÎÞÏ #
#                            ßµã¶Ôµã´«ÊäÐ­Òé\1.CC2530 BasicRF£¨ÎÞÏßµãµÆ£©»ùÓÚQ #
#                            2530SB°å\BasicRF\ide\srf05_cc2530\iar\temp\light_ #
#                            switch\hal_rf.r51"                                #
#                            "G:\workspaces\hardware\my-zigbee\zigbeeÍø¹Ø¿ª·¢° #
#                            åV4.0\08.´úÂë¼°Æä½Ì³Ì\2.½ø½×Æª-TI BasicRF ¼òµ¥ÎÞÏ #
#                            ßµã¶Ôµã´«ÊäÐ­Òé\1.CC2530 BasicRF£¨ÎÞÏßµãµÆ£©»ùÓÚQ #
#                            2530SB°å\BasicRF\ide\srf05_cc2530\iar\temp\light_ #
#                            switch\hal_rf_security.r51"                       #
#                            "G:\workspaces\hardware\my-zigbee\zigbeeÍø¹Ø¿ª·¢° #
#                            åV4.0\08.´úÂë¼°Æä½Ì³Ì\2.½ø½×Æª-TI BasicRF ¼òµ¥ÎÞÏ #
#                            ßµã¶Ôµã´«ÊäÐ­Òé\1.CC2530 BasicRF£¨ÎÞÏßµãµÆ£©»ùÓÚQ #
#                            2530SB°å\BasicRF\ide\srf05_cc2530\iar\temp\light_ #
#                            switch\light_switch.r51"                          #
#                            "G:\workspaces\hardware\my-zigbee\zigbeeÍø¹Ø¿ª·¢° #
#                            åV4.0\08.´úÂë¼°Æä½Ì³Ì\2.½ø½×Æª-TI BasicRF ¼òµ¥ÎÞÏ #
#                            ßµã¶Ôµã´«ÊäÐ­Òé\1.CC2530 BasicRF£¨ÎÞÏßµãµÆ£©»ùÓÚQ #
#                            2530SB°å\BasicRF\ide\srf05_cc2530\iar\temp\light_ #
#                            switch\util.r51"                                  #
#                            "G:\workspaces\hardware\my-zigbee\zigbeeÍø¹Ø¿ª·¢° #
#                            åV4.0\08.´úÂë¼°Æä½Ì³Ì\2.½ø½×Æª-TI BasicRF ¼òµ¥ÎÞÏ #
#                            ßµã¶Ôµã´«ÊäÐ­Òé\1.CC2530 BasicRF£¨ÎÞÏßµãµÆ£©»ùÓÚQ #
#                            2530SB°å\BasicRF\ide\srf05_cc2530\iar\temp\light_ #
#                            switch\util_buffer.r51"                           #
#                            "G:\workspaces\hardware\my-zigbee\zigbeeÍø¹Ø¿ª·¢° #
#                            åV4.0\08.´úÂë¼°Æä½Ì³Ì\2.½ø½×Æª-TI BasicRF ¼òµ¥ÎÞÏ #
#                            ßµã¶Ôµã´«ÊäÐ­Òé\1.CC2530 BasicRF£¨ÎÞÏßµãµÆ£©»ùÓÚQ #
#                            2530SB°å\BasicRF\ide\srf05_cc2530\iar\temp\light_ #
#                            switch\util_lcd.r51"                              #
#                            -o                                                #
#                            "G:\workspaces\hardware\my-zigbee\zigbeeÍø¹Ø¿ª·¢° #
#                            åV4.0\08.´úÂë¼°Æä½Ì³Ì\2.½ø½×Æª-TI BasicRF ¼òµ¥ÎÞÏ #
#                            ßµã¶Ôµã´«ÊäÐ­Òé\1.CC2530 BasicRF£¨ÎÞÏßµãµÆ£©»ùÓÚQ #
#                            2530SB°å\BasicRF\ide\srf05_cc2530\iar\light_switc #
#                            h.d51"                                            #
#                            -l                                                #
#                            "G:\workspaces\hardware\my-zigbee\zigbeeÍø¹Ø¿ª·¢° #
#                            åV4.0\08.´úÂë¼°Æä½Ì³Ì\2.½ø½×Æª-TI BasicRF ¼òµ¥ÎÞÏ #
#                            ßµã¶Ôµã´«ÊäÐ­Òé\1.CC2530 BasicRF£¨ÎÞÏßµãµÆ£©»ùÓÚQ #
#                            2530SB°å\BasicRF\ide\srf05_cc2530\iar\temp\light_ #
#                            switch.map"                                       #
#                            -xmsn                                             #
#                            "-IG:\Program Files (x86)\IAR Systems\Embedded Wo #
#                            rkbench 6.0 Evaluation\8051\LIB\"                 #
#                            -f                                                #
#                            "G:\Program Files (x86)\IAR Systems\Embedded Work #
#                            bench 6.0 Evaluation\8051\config\devices\Texas In #
#                            struments\lnk51ew_cc2530F256_banked.xcl"          #
#                            (-D_IDATA0_START=0x00 -D_IDATA0_END=0xFF          #
#                            -D_PDATA0_START=0x1E00 -D_PDATA0_END=0x1EFF       #
#                            -D_IXDATA0_START=0x0001 -D_IXDATA0_END=0x1EFF     #
#                            -D_XDATA0_START=_IXDATA0_START                    #
#                            -D_XDATA0_END=_IXDATA0_END                        #
#                            -D_NEAR_CODE_START=0x0000                         #
#                            -D_FIRST_BANK_ADDR=0x10000 -D?REGISTER_BANK=0x0   #
#                            -D_REGISTER_BANK_START=0x0 -D_BREG_START=0x00     #
#                            -D?VB=0x20 -D?ESP=0x9B -Z(BIT)BREG=_BREG_START    #
#                            -Z(BIT)BIT_N=0-7F                                 #
#                            -Z(DATA)REGISTERS+8=_REGISTER_BANK_START          #
#                            -Z(DATA)BDATA_Z,BDATA_N,BDATA_I=20-2F             #
#                            -Z(DATA)VREG+_NR_OF_VIRTUAL_REGISTERS=08-7F       #
#                            -Z(DATA)PSP,XSP=08-7F -Z(DATA)DOVERLAY=08-7F      #
#                            -Z(DATA)DATA_I,DATA_Z,DATA_N=08-7F                #
#                            -U(IDATA)0-7F=(DATA)0-7F                          #
#                            -Z(IDATA)IDATA_I,IDATA_Z,IDATA_N=08-_IDATA0_END   #
#                            -Z(IDATA)ISTACK+_IDATA_STACK_SIZE#08-_IDATA0_END  #
#                            -Z(IDATA)IOVERLAY=08-FF -Z(CODE)INTVEC=0          #
#                            -Z(CODE)CSTART=_NEAR_CODE_START-(_CODEBANK_START- #
#                            1)                                                #
#                            -Z(CODE)BIT_ID,BDATA_ID,DATA_ID,IDATA_ID,IXDATA_I #
#                            D,PDATA_ID,XDATA_ID=_NEAR_CODE_START-(_CODEBANK_S #
#                            TART-1)                                           #
#                            -Z(CODE)BANK_RELAYS,RCODE,DIFUNCT,CODE_C,CODE_N,N #
#                            EAR_CODE=_NEAR_CODE_START-(_CODEBANK_START-1)     #
#                            -P(CODE)BANKED_CODE=_NEAR_CODE_START-(_CODEBANK_S #
#                            TART-1),[(_CODEBANK_START+_FIRST_BANK_ADDR)-(_COD #
#                            EBANK_END+_FIRST_BANK_ADDR)]*_NR_OF_BANKS+10000   #
#                            -Z(CODE)CHECKSUM#(_CODEBANK_START-1)              #
#                            -Z(XDATA)PDATA_Z,PDATA_I=_PDATA0_START-_PDATA0_EN #
#                            D                                                 #
#                            -P(XDATA)PDATA_N=_PDATA0_START-_PDATA0_END        #
#                            -Z(XDATA)PSTACK+_PDATA_STACK_SIZE=_PDATA0_START-_ #
#                            PDATA0_END                                        #
#                            -Z(XDATA)EXT_STACK+_EXTENDED_STACK_SIZE=_EXTENDED #
#                            _STACK_START                                      #
#                            -Z(XDATA)XSTACK+_XDATA_STACK_SIZE=_XDATA0_START-_ #
#                            XDATA0_END                                        #
#                            -Z(XDATA)IXDATA_Z,IXDATA_I=_IXDATA0_START-_IXDATA #
#                            0_END                                             #
#                            -P(XDATA)IXDATA_N=_IXDATA0_START-_IXDATA0_END     #
#                            -Z(XDATA)XDATA_Z,XDATA_I=_XDATA0_START-_XDATA0_EN #
#                            D                                                 #
#                            -P(XDATA)XDATA_N=_XDATA0_START-_XDATA0_END        #
#                            -Z(XDATA)XDATA_HEAP+_XDATA_HEAP_SIZE=_XDATA0_STAR #
#                            T-_XDATA0_END                                     #
#                            -Z(CONST)XDATA_ROM_C=_XDATA0_START-_XDATA0_END    #
#                            -cx51                                             #
#                            -M(CODE)[(_CODEBANK_START+_FIRST_BANK_ADDR)-(_COD #
#                            EBANK_END+_FIRST_BANK_ADDR)]*_NR_OF_BANKS+0x10000 #
#                            =0x8000                                           #
#                            -ww69=i -D_BANK0_START=0x00000                    #
#                            -D_BANK0_END=0x07FFF -D_BANK1_START=0x18000       #
#                            -D_BANK1_END=0x1FFFF -D_BANK2_START=0x28000       #
#                            -D_BANK2_END=0x2FFFF -D_BANK3_START=0x38000       #
#                            -D_BANK3_END=0x3FFFF -D_BANK4_START=0x48000       #
#                            -D_BANK4_END=0x4FFFF -D_BANK5_START=0x58000       #
#                            -D_BANK5_END=0x5FFFF -D_BANK6_START=0x68000       #
#                            -D_BANK6_END=0x6FFFF -D_BANK7_START=0x78000       #
#                            -D_BANK7_END=0x7FFFF                              #
#                            -P(CODE)BANK0=_BANK0_START-_BANK0_END             #
#                            -P(CODE)BANK1=_BANK1_START-_BANK1_END             #
#                            -P(CODE)BANK2=_BANK2_START-_BANK2_END             #
#                            -P(CODE)BANK3=_BANK3_START-_BANK3_END             #
#                            -P(CODE)BANK4=_BANK4_START-_BANK4_END             #
#                            -P(CODE)BANK5=_BANK5_START-_BANK5_END             #
#                            -P(CODE)BANK6=_BANK6_START-_BANK6_END             #
#                            -P(CODE)BANK7=_BANK7_START-_BANK7_END             #
#                            -D_FLASH_LOCK_BITS_START=0x7FFF0                  #
#                            -D_FLASH_LOCK_BITS_END=0x7FFFF                    #
#                            -Z(CODE)FLASH_LOCK_BITS=_FLASH_LOCK_BITS_START-_F #
#                            LASH_LOCK_BITS_END                                #
#                            -U(CODE)0x0000=(CODE)_FLASH_LOCK_BITS_START-_FLAS #
#                            H_LOCK_BITS_END)                                  #
#                            -e?BCALL_FF=?BCALL -e?BRET_FF=?BRET               #
#                            -e?BDISPATCH_FF=?BDISPATCH                        #
#                            -D_NR_OF_VIRTUAL_REGISTERS=8 -D?PBANK=0x93        #
#                            -e_medium_write=_formatted_write                  #
#                            -e_medium_read=_formatted_read -rt                #
#                            "-Ointel-extended=G:\workspaces\hardware\my-zigbe #
#                            e\zigbeeÍø¹Ø¿ª·¢°åV4.0\08.´úÂë¼°Æä½Ì³Ì\2.½ø½×Æª-T #
#                            I BasicRF ¼òµ¥ÎÞÏßµã¶Ôµã´«ÊäÐ­Òé\1.CC2530 BasicRF #
#                            £¨ÎÞÏßµãµÆ£©»ùÓÚQ2530SB°å\BasicRF\ide\srf05_cc253 #
#                            0\iar\light_switch.hex"                           #
#                            -s __program_start                                #
#                            "G:\Program Files (x86)\IAR Systems\Embedded Work #
#                            bench 6.0 Evaluation\8051\LIB\CLIB\cl-pli-blxd-1e #
#                            16x01.r51"                                        #
#                            -D_IDATA_STACK_SIZE=0x40                          #
#                            -D_EXTENDED_STACK_START=0x00                      #
#                            -D_EXTENDED_STACK_SIZE=0x00                       #
#                            -D_PDATA_STACK_SIZE=0x80                          #
#                            -D_XDATA_STACK_SIZE=0x100                         #
#                            -D_XDATA_HEAP_SIZE=0xFF -D_FAR_HEAP_SIZE=0xFFF    #
#                            -D_HUGE_HEAP_SIZE=0xFFF                           #
#                            -D_FAR22_HEAP_SIZE=0xFFF                          #
#                                                                              #
#                           Copyright (C) 1987-2010 IAR Systems AB.            #
################################################################################





                ****************************************
                *                                      *
                *           CROSS REFERENCE            *
                *                                      *
                ****************************************

       Program entry at : CODE      000000E3  Relocatable, from module : CSTARTUP




                ****************************************
                *                                      *
                *            RUNTIME MODEL             *
                *                                      *
                ****************************************

  __SystemLibrary          = CLib
  __calling_convention     = xdata_reentrant
  __code_model             = banked
  __core                   = plain
  __data_model             = large
  __dptr_size              = 16
  __extended_stack         = disabled
  __location_for_constants = data
  __number_of_dptrs        = 1
  __rt_version             = 1



                ****************************************
                *                                      *
                *              MODULE MAP              *
                *                                      *
                ****************************************


  DEFINED ABSOLUTE ENTRIES
    *************************************************************************

  DEFINED ABSOLUTE ENTRIES
  PROGRAM MODULE, NAME : ?ABS_ENTRY_MOD

Absolute parts
           ENTRY                   ADDRESS         REF BY
           =====                   =======         ======
           _FAR22_HEAP_SIZE        00000FFF 
           _HUGE_HEAP_SIZE         00000FFF 
           _FAR_HEAP_SIZE          00000FFF 
           _XDATA_HEAP_SIZE        000000FF 
           _XDATA_STACK_SIZE       00000100 
           _PDATA_STACK_SIZE       00000080 
           _EXTENDED_STACK_SIZE    00000000 
           _EXTENDED_STACK_START   00000000 
           _IDATA_STACK_SIZE       00000040 
           ?PBANK                  00000093 
           _NR_OF_VIRTUAL_REGISTERS
                                   00000008 
           _FLASH_LOCK_BITS_END    0003FFFF 
           _FLASH_LOCK_BITS_START
                                   0003FFF0 
           _BANK7_END              0003FFFF 
           _BANK7_START            00038000 
           _BANK6_END              00037FFF 
           _BANK6_START            00030000 
           _BANK5_END              0002FFFF 
           _BANK5_START            00028000 
           _BANK4_END              00027FFF 
           _BANK4_START            00020000 
           _BANK3_END              0001FFFF 
           _BANK3_START            00018000 
           _BANK2_END              00017FFF 
           _BANK2_START            00010000 
           _BANK1_END              0000FFFF 
           _BANK1_START            00008000 
           _BANK0_END              00007FFF 
           _BANK0_START            00000000 
           ?ESP                    0000009B 
           ?VB                     00000020        ?BANKED_ENTER_XDATA (?BANKED_ENTER_XDATA)
                                                   ?BANKED_LEAVE_XDATA (?BANKED_LEAVE_XDATA)
                                                   ?INTERRUPT_ENTER_XSP (?INTERRUPT_ENTER_XSP)
                                                   ?INTERRUPT_LEAVE_XSP (?INTERRUPT_LEAVE_XSP)
           _BREG_START             00000000 
           _REGISTER_BANK_START    00000000 
           ?REGISTER_BANK          00000000        Segment part 6 (CSTARTUP)
           _FIRST_BANK_ADDR        00010000 
           _NEAR_CODE_START        00000000 
           _XDATA0_END             00001EFF 
           _XDATA0_START           00000001 
           _IXDATA0_END            00001EFF 
           _IXDATA0_START          00000001 
           _PDATA0_END             00001EFF 
           _PDATA0_START           00001E00 
           _IDATA0_END             000000FF 
           _IDATA0_START           00000000 
           ?CBANK                  0000009F        ?RESET_CODE_BANK (CSTARTUP)
                                                   Segment part 0 (?BANKED_CODE_SUPPORT)
           ?CBANK_MASK             000000FF 
           _CODEBANK_START         00008000 
           _CODEBANK_END           0000FFFF 
           _NR_OF_BANKS            00000007 
    *************************************************************************

  FILE NAME : G:\workspaces\hardware\my-zigbee\zigbeeÍø¹Ø¿ª·¢°åV4.0\08.´úÂë¼°Æä½Ì³Ì\2.½ø½×Æª-TI BasicRF ¼òµ¥ÎÞÏßµã¶Ôµã´«ÊäÐ­Òé\1.CC2530 BasicRF£¨ÎÞÏßµãµÆ£©»ùÓÚQ2530SB°å\BasicRF\ide\srf05_cc2530\iar\temp\light_switch\adc.r51
    *************************************************************************

  FILE NAME : G:\workspaces\hardware\my-zigbee\zigbeeÍø¹Ø¿ª·¢°åV4.0\08.´úÂë¼°Æä½Ì³Ì\2.½ø½×Æª-TI BasicRF ¼òµ¥ÎÞÏßµã¶Ôµã´«ÊäÐ­Òé\1.CC2530 BasicRF£¨ÎÞÏßµãµÆ£©»ùÓÚQ2530SB°å\BasicRF\ide\srf05_cc2530\iar\temp\light_switch\basic_rf.r51
  PROGRAM MODULE, NAME : basic_rf

  SEGMENTS IN THE MODULE
  ======================
XDATA_I
  Relative segment, address: XDATA 000001BE - 000001C9 (0xc bytes), align: 0
  Segment part 34.            Intra module refs:   basicRfInit
                                                   basicRfRxFrmDoneIsr
                                                   main
           LOCAL                   ADDRESS         
           =====                   =======         
           rxi                     000001BE 
    -------------------------------------------------------------------------
XDATA_I
  Relative segment, address: XDATA 000001CA - 000001CD (0x4 bytes), align: 0
  Segment part 46.            Intra module refs:   basicRfInit
           ENTRY                   ADDRESS         REF BY
           =====                   =======         ======
           __Constant_0            000001CA 
    -------------------------------------------------------------------------
XDATA_Z
  Relative segment, address: XDATA 00000101 - 00000107 (0x7 bytes), align: 0
  Segment part 36.            Intra module refs:   basicRfInit
                                                   basicRfRxFrmDoneIsr
                                                   main
           LOCAL                   ADDRESS         
           =====                   =======         
           txState                 00000101 
    -------------------------------------------------------------------------
XDATA_Z
  Relative segment, address: XDATA 00000108 - 00000109 (0x2 bytes), align: 0
  Segment part 37.            Intra module refs:   ?Subroutine2
                                                   basicRfInit
           LOCAL                   ADDRESS         
           =====                   =======         
           pConfig                 00000108 
    -------------------------------------------------------------------------
XDATA_Z
  Relative segment, address: XDATA 0000010A - 00000189 (0x80 bytes), align: 0
  Segment part 38.            Intra module refs:   ?Subroutine3
                                                   basicRfRxFrmDoneIsr
           LOCAL                   ADDRESS         
           =====                   =======         
           rxMpdu                  0000010A 
    -------------------------------------------------------------------------
<BANKED_CODE> 1 (was BANKED_CODE)
  Relative segment, address: CODE 000004BC - 00000596 (0xdb bytes), align: 0
  Segment part 48.            Intra module refs:   basicRfRxFrmDoneIsr::?relay
           LOCAL                   ADDRESS         
           =====                   =======         
           basicRfRxFrmDoneIsr     000004BC 
               calls direct, is indirectly called
               ISTACK = 00000000 ( 00000002 )
    -------------------------------------------------------------------------
<BANKED_CODE> 1 (was BANKED_CODE)
  Relative segment, address: CODE 00000597 - 000005A4 (0xe bytes), align: 0
  Segment part 50.            Intra module refs:   basicRfRxFrmDoneIsr
           LOCAL                   ADDRESS         
           =====                   =======         
           ?Subroutine3            00000597 
    -------------------------------------------------------------------------
<BANKED_CODE> 1 (was BANKED_CODE)
  Relative segment, address: CODE 000005A5 - 0000062D (0x89 bytes), align: 0
  Segment part 51.            Intra module refs:   basicRfInit::?relay
           ENTRY                   ADDRESS         REF BY
           =====                   =======         ======
           basicRfInit             000005A5 
               calls direct
               XSTACK = 00000000 ( 00000009 )
    -------------------------------------------------------------------------
<BANKED_CODE> 1 (was BANKED_CODE)
  Relative segment, address: CODE 0000062E - 0000063B (0xe bytes), align: 0
  Segment part 53.            Intra module refs:   basicRfInit
           LOCAL                   ADDRESS         
           =====                   =======         
           ?Subroutine2            0000062E 
    -------------------------------------------------------------------------
SFR_AN
  Relative segment, address: DATA 00000080 - 00000080 (0x1 bytes), align: 0
  Segment part 1. ROOT.       Intra module refs:   halLedToggle
                                                   main
           ENTRY                   ADDRESS         REF BY
           =====                   =======         ======
           _A_P0                   00000080 
           LOCAL                   ADDRESS         
           =====                   =======         
           P0                      00000080 
    -------------------------------------------------------------------------
SFR_AN
  Relative segment, address: DATA 00000089 - 00000089 (0x1 bytes), align: 0
  Segment part 2. ROOT.       Intra module refs:   port0_ISR
           ENTRY                   ADDRESS         REF BY
           =====                   =======         ======
           P0IFG                   00000089 
    -------------------------------------------------------------------------
SFR_AN
  Relative segment, address: DATA 0000008A - 0000008A (0x1 bytes), align: 0
  Segment part 3. ROOT.       Intra module refs:   port1_ISR
           ENTRY                   ADDRESS         REF BY
           =====                   =======         ======
           P1IFG                   0000008A 
    -------------------------------------------------------------------------
SFR_AN
  Relative segment, address: DATA 0000008B - 0000008B (0x1 bytes), align: 0
  Segment part 4. ROOT.       Intra module refs:   port2_ISR
           ENTRY                   ADDRESS         REF BY
           =====                   =======         ======
           P2IFG                   0000008B 
    -------------------------------------------------------------------------
SFR_AN
  Relative segment, address: DATA 0000008F - 0000008F (0x1 bytes), align: 0
  Segment part 5. ROOT.       Intra module refs:   main
           ENTRY                   ADDRESS         REF BY
           =====                   =======         ======
           P0INP                   0000008F 
    -------------------------------------------------------------------------
SFR_AN
  Relative segment, address: DATA 00000090 - 00000090 (0x1 bytes), align: 0
  Segment part 6. ROOT.       Intra module refs:   halLedToggle
                                                   main
           ENTRY                   ADDRESS         REF BY
           =====                   =======         ======
           _A_P1                   00000090 
           LOCAL                   ADDRESS         
           =====                   =======         
           P1                      00000090 
    -------------------------------------------------------------------------
SFR_AN
  Relative segment, address: DATA 0000009A - 0000009A (0x1 bytes), align: 0
  Segment part 7. ROOT.       Intra module refs:   halRfDisableRxInterrupt
                                                   halRfEnableRxInterrupt
           ENTRY                   ADDRESS         REF BY
           =====                   =======         ======
           IEN2                    0000009A 
    -------------------------------------------------------------------------
SFR_AN
  Relative segment, address: DATA 0000009B - 0000009B (0x1 bytes), align: 0
  Segment part 8. ROOT.       Intra module refs:   rfIsr
           ENTRY                   ADDRESS         REF BY
           =====                   =======         ======
           S1CON                   0000009B 
    -------------------------------------------------------------------------
SFR_AN
  Relative segment, address: DATA 0000009D - 0000009D (0x1 bytes), align: 0
  Segment part 9. ROOT.       Intra module refs:   clockSetMainSrc
           ENTRY                   ADDRESS         REF BY
           =====                   =======         ======
           SLEEPSTA                0000009D 
    -------------------------------------------------------------------------
SFR_AN
  Relative segment, address: DATA 0000009E - 0000009E (0x1 bytes), align: 0
  Segment part 10. ROOT.      Intra module refs:   clockSelect32k
                                                   clockSetMainSrc
           ENTRY                   ADDRESS         REF BY
           =====                   =======         ======
           CLKCONSTA               0000009E 
    -------------------------------------------------------------------------
SFR_AN
  Relative segment, address: DATA 000000A8 - 000000A8 (0x1 bytes), align: 0
  Segment part 11. ROOT.      Intra module refs:   basicRfInit
                                                   basicRfRxFrmDoneIsr
                                                   main
                                                   rfIsr
           ENTRY                   ADDRESS         REF BY
           =====                   =======         ======
           _A_IEN0                 000000A8 
           LOCAL                   ADDRESS         
           =====                   =======         
           IEN0                    000000A8 
    -------------------------------------------------------------------------
SFR_AN
  Relative segment, address: DATA 000000BE - 000000BE (0x1 bytes), align: 0
  Segment part 12. ROOT.      Intra module refs:   clockSetMainSrc
           ENTRY                   ADDRESS         REF BY
           =====                   =======         ======
           SLEEPCMD                000000BE 
    -------------------------------------------------------------------------
SFR_AN
  Relative segment, address: DATA 000000C0 - 000000C0 (0x1 bytes), align: 0
  Segment part 13. ROOT.      Intra module refs:   port0_ISR
           ENTRY                   ADDRESS         REF BY
           =====                   =======         ======
           _A_IRCON                000000C0 
           LOCAL                   ADDRESS         
           =====                   =======         
           IRCON                   000000C0 
    -------------------------------------------------------------------------
SFR_AN
  Relative segment, address: DATA 000000C6 - 000000C6 (0x1 bytes), align: 0
  Segment part 14. ROOT.      Intra module refs:   clockSelect32k
                                                   clockSetMainSrc
           ENTRY                   ADDRESS         REF BY
           =====                   =======         ======
           CLKCONCMD               000000C6 
    -------------------------------------------------------------------------
SFR_AN
  Relative segment, address: DATA 000000D9 - 000000D9 (0x1 bytes), align: 0
  Segment part 15. ROOT.      Intra module refs:   halRfReadRxBuf
           ENTRY                   ADDRESS         REF BY
           =====                   =======         ======
           RFD                     000000D9 
    -------------------------------------------------------------------------
SFR_AN
  Relative segment, address: DATA 000000E1 - 000000E1 (0x1 bytes), align: 0
  Segment part 16. ROOT.      Intra module refs:   main
           ENTRY                   ADDRESS         REF BY
           =====                   =======         ======
           RFST                    000000E1 
    -------------------------------------------------------------------------
SFR_AN
  Relative segment, address: DATA 000000E8 - 000000E8 (0x1 bytes), align: 0
  Segment part 17. ROOT.      Intra module refs:   port1_ISR
                                                   port2_ISR
           ENTRY                   ADDRESS         REF BY
           =====                   =======         ======
           _A_IRCON2               000000E8 
           LOCAL                   ADDRESS         
           =====                   =======         
           IRCON2                  000000E8 
    -------------------------------------------------------------------------
SFR_AN
  Relative segment, address: DATA 000000E9 - 000000E9 (0x1 bytes), align: 0
  Segment part 18. ROOT.      Intra module refs:   rfIsr
           ENTRY                   ADDRESS         REF BY
           =====                   =======         ======
           RFIRQF0                 000000E9 
    -------------------------------------------------------------------------
SFR_AN
  Relative segment, address: DATA 000000F3 - 000000F3 (0x1 bytes), align: 0
  Segment part 19. ROOT.      Intra module refs:   main
           ENTRY                   ADDRESS         REF BY
           =====                   =======         ======
           P0SEL                   000000F3 
    -------------------------------------------------------------------------
SFR_AN
  Relative segment, address: DATA 000000F5 - 000000F5 (0x1 bytes), align: 0
  Segment part 20. ROOT.      Intra module refs:   main
           ENTRY                   ADDRESS         REF BY
           =====                   =======         ======
           P2SEL                   000000F5 
    -------------------------------------------------------------------------
SFR_AN
  Relative segment, address: DATA 000000F7 - 000000F7 (0x1 bytes), align: 0
  Segment part 21. ROOT.      Intra module refs:   main
           ENTRY                   ADDRESS         REF BY
           =====                   =======         ======
           P2INP                   000000F7 
    -------------------------------------------------------------------------
SFR_AN
  Relative segment, address: DATA 000000FD - 000000FD (0x1 bytes), align: 0
  Segment part 22. ROOT.      Intra module refs:   main
           ENTRY                   ADDRESS         REF BY
           =====                   =======         ======
           P0DIR                   000000FD 
    -------------------------------------------------------------------------
SFR_AN
  Relative segment, address: DATA 000000FE - 000000FE (0x1 bytes), align: 0
  Segment part 23. ROOT.      Intra module refs:   main
           ENTRY                   ADDRESS         REF BY
           =====                   =======         ======
           P1DIR                   000000FE 
    -------------------------------------------------------------------------
SFR_AN
  Relative segment, address: DATA 000000FF - 000000FF (0x1 bytes), align: 0
  Segment part 24. ROOT.      Intra module refs:   main
           ENTRY                   ADDRESS         REF BY
           =====                   =======         ======
           P2DIR                   000000FF 
    -------------------------------------------------------------------------
<BANKED_CODE> 1 (was BANKED_CODE)
  Relative segment, address: CODE 0000063C - 0000066F (0x34 bytes), align: 0
  Segment part 54.            Intra module refs:   clockSetMainSrc::?relay
           ENTRY                   ADDRESS         REF BY
           =====                   =======         ======
           clockSetMainSrc         0000063C 
    -------------------------------------------------------------------------
<BANKED_CODE> 1 (was BANKED_CODE)
  Relative segment, address: CODE 00000670 - 00000698 (0x29 bytes), align: 0
  Segment part 56.            Intra module refs:   clockSelect32k::?relay
           ENTRY                   ADDRESS         REF BY
           =====                   =======         ======
           clockSelect32k          00000670 
    -------------------------------------------------------------------------
<BANKED_CODE> 1 (was BANKED_CODE)
  Relative segment, address: CODE 00000699 - 000006C5 (0x2d bytes), align: 0
  Segment part 58.            Intra module refs:   halMcuWaitUs::?relay
           ENTRY                   ADDRESS         REF BY
           =====                   =======         ======
           halMcuWaitUs            00000699 
               XSTACK = 00000009 ( 00000000 )
    -------------------------------------------------------------------------
<BANKED_CODE> 1 (was BANKED_CODE)
  Relative segment, address: CODE 000006C6 - 000006EC (0x27 bytes), align: 0
  Segment part 60.            Intra module refs:   halMcuWaitMs::?relay
           ENTRY                   ADDRESS         REF BY
           =====                   =======         ======
           halMcuWaitMs            000006C6 
               calls direct
               XSTACK = 00000000 ( 00000009 )
    -------------------------------------------------------------------------
XDATA_Z
  Relative segment, address: XDATA 0000018A - 0000018B (0x2 bytes), align: 0
  Segment part 39.            Intra module refs:   basicRfInit
                                                   rfIsr
           LOCAL                   ADDRESS         
           =====                   =======         
           pfISR                   0000018A 
    -------------------------------------------------------------------------
<BANKED_CODE> 1 (was BANKED_CODE)
  Relative segment, address: CODE 000006ED - 0000070F (0x23 bytes), align: 0
  Segment part 62.            Intra module refs:   halRfInit::?relay
           ENTRY                   ADDRESS         REF BY
           =====                   =======         ======
           halRfInit               000006ED 
               calls direct
               XSTACK = 00000009 ( 00000000 )
               ISTACK = 00000000 ( 00000002 )
    -------------------------------------------------------------------------
<BANKED_CODE> 1 (was BANKED_CODE)
  Relative segment, address: CODE 00000710 - 00000727 (0x18 bytes), align: 0
  Segment part 64.            Intra module refs:   halRfReadRxBuf::?relay
           ENTRY                   ADDRESS         REF BY
           =====                   =======         ======
           halRfReadRxBuf          00000710 
               ISTACK = 00000000 ( 00000003 )
    -------------------------------------------------------------------------
<BANKED_CODE> 1 (was BANKED_CODE)
  Relative segment, address: CODE 00000728 - 00000735 (0xe bytes), align: 0
  Segment part 66.            Intra module refs:   halRfDisableRxInterrupt::?relay
           ENTRY                   ADDRESS         REF BY
           =====                   =======         ======
           halRfDisableRxInterrupt
                                   00000728 
               ISTACK = 00000000 ( 00000002 )
    -------------------------------------------------------------------------
<BANKED_CODE> 1 (was BANKED_CODE)
  Relative segment, address: CODE 00000736 - 0000073C (0x7 bytes), align: 0
  Segment part 68.            Intra module refs:   basicRfRxFrmDoneIsr
                                                   halLedToggle
                                                   halRfDisableRxInterrupt
                                                   halRfEnableRxInterrupt
                                                   halRfInit
                                                   halRfReadRxBuf
           LOCAL                   ADDRESS         
           =====                   =======         
           ?Subroutine0            00000736 
    -------------------------------------------------------------------------
<BANKED_CODE> 1 (was BANKED_CODE)
  Relative segment, address: CODE 0000073D - 0000074C (0x10 bytes), align: 0
  Segment part 69.            Intra module refs:   halRfEnableRxInterrupt::?relay
           ENTRY                   ADDRESS         REF BY
           =====                   =======         ======
           halRfEnableRxInterrupt
                                   0000073D 
               ISTACK = 00000000 ( 00000002 )
    -------------------------------------------------------------------------
NEAR_CODE
  Relative segment, address: CODE 00000367 - 0000039E (0x38 bytes), align: 0
  Segment part 77.            Intra module refs:   rfIsr::??INTVEC 131
           ENTRY                   ADDRESS         REF BY
           =====                   =======         ======
           rfIsr                   00000367 
               interrupt function
               XSTACK = 00000000 ( 0000000E )
    -------------------------------------------------------------------------
<BANKED_CODE> 1 (was BANKED_CODE)
  Relative segment, address: CODE 0000074D - 0000076D (0x21 bytes), align: 0
  Segment part 71.            Intra module refs:   halAssertHandler::?relay
           ENTRY                   ADDRESS         REF BY
           =====                   =======         ======
           halAssertHandler        0000074D 
               calls direct
               ISTACK = 00000000 ( 00000002 )
    -------------------------------------------------------------------------
XDATA_Z
  Relative segment, address: XDATA 0000018C - 0000019B (0x10 bytes), align: 0
  Segment part 40.            Intra module refs:   port0_ISR
           LOCAL                   ADDRESS         
           =====                   =======         
           port0_isr_tbl           0000018C 
    -------------------------------------------------------------------------
XDATA_Z
  Relative segment, address: XDATA 0000019C - 000001AB (0x10 bytes), align: 0
  Segment part 41.            Intra module refs:   port1_ISR
           LOCAL                   ADDRESS         
           =====                   =======         
           port1_isr_tbl           0000019C 
    -------------------------------------------------------------------------
XDATA_Z
  Relative segment, address: XDATA 000001AC - 000001B5 (0xa bytes), align: 0
  Segment part 42.            Intra module refs:   port2_ISR
           LOCAL                   ADDRESS         
           =====                   =======         
           port2_isr_tbl           000001AC 
    -------------------------------------------------------------------------
NEAR_CODE
  Relative segment, address: CODE 0000039F - 000003F2 (0x54 bytes), align: 0
  Segment part 78.            Intra module refs:   port0_ISR::??INTVEC 107
           ENTRY                   ADDRESS         REF BY
           =====                   =======         ======
           port0_ISR               0000039F 
               interrupt function
               XSTACK = 00000000 ( 0000000F )
    -------------------------------------------------------------------------
NEAR_CODE
  Relative segment, address: CODE 000003F3 - 000003F7 (0x5 bytes), align: 0
  Segment part 79.            Intra module refs:   port0_ISR
                                                   port1_ISR
                                                   port2_ISR
           LOCAL                   ADDRESS         
           =====                   =======         
           ?Subroutine1            000003F3 
    -------------------------------------------------------------------------
NEAR_CODE
  Relative segment, address: CODE 000003F8 - 0000044D (0x56 bytes), align: 0
  Segment part 80.            Intra module refs:   port1_ISR::??INTVEC 123
           ENTRY                   ADDRESS         REF BY
           =====                   =======         ======
           port1_ISR               000003F8 
               interrupt function
               XSTACK = 00000000 ( 0000000F )
    -------------------------------------------------------------------------
NEAR_CODE
  Relative segment, address: CODE 0000044E - 00000458 (0xb bytes), align: 0
  Segment part 81.            Intra module refs:   port0_ISR
                                                   port1_ISR
                                                   port2_ISR
           LOCAL                   ADDRESS         
           =====                   =======         
           ?Subroutine5            0000044E 
    -------------------------------------------------------------------------
NEAR_CODE
  Relative segment, address: CODE 00000459 - 00000464 (0xc bytes), align: 0
  Segment part 82.            Intra module refs:   port0_ISR
                                                   port1_ISR
                                                   port2_ISR
           LOCAL                   ADDRESS         
           =====                   =======         
           ?Subroutine4            00000459 
    -------------------------------------------------------------------------
NEAR_CODE
  Relative segment, address: CODE 00000465 - 000004BB (0x57 bytes), align: 0
  Segment part 83.            Intra module refs:   port2_ISR::??INTVEC 51
           ENTRY                   ADDRESS         REF BY
           =====                   =======         ======
           port2_ISR               00000465 
               interrupt function
               XSTACK = 00000000 ( 0000000F )
    -------------------------------------------------------------------------
XDATA_Z
  Relative segment, address: XDATA 000001B6 - 000001B6 (0x1 bytes), align: 0
  Segment part 43.            Intra module refs:   halLedToggle
           ENTRY                   ADDRESS         REF BY
           =====                   =======         ======
           led4State               000001B6 
    -------------------------------------------------------------------------
<BANKED_CODE> 1 (was BANKED_CODE)
  Relative segment, address: CODE 0000076E - 0000079B (0x2e bytes), align: 0
  Segment part 73.            Intra module refs:   halLedToggle::?relay
           ENTRY                   ADDRESS         REF BY
           =====                   =======         ======
           halLedToggle            0000076E 
               ISTACK = 00000000 ( 00000002 )
    -------------------------------------------------------------------------
XDATA_Z
  Relative segment, address: XDATA 000001B7 - 000001B7 (0x1 bytes), align: 0
  Segment part 44.            Intra module refs:   main
           LOCAL                   ADDRESS         
           =====                   =======         
           pRxData                 000001B7 
    -------------------------------------------------------------------------
XDATA_Z
  Relative segment, address: XDATA 000001B8 - 000001BD (0x6 bytes), align: 0
  Segment part 45.            Intra module refs:   main
           LOCAL                   ADDRESS         
           =====                   =======         
           basicRfConfig           000001B8 
    -------------------------------------------------------------------------
<BANKED_CODE> 1 (was BANKED_CODE)
  Relative segment, address: CODE 0000079C - 00000864 (0xc9 bytes), align: 0
  Segment part 75.
           ENTRY                   ADDRESS         REF BY
           =====                   =======         ======
           main                    0000079C        ?call_main (?cmain)
               calls direct
               XSTACK = 00000000 ( 00000002 )
    -------------------------------------------------------------------------
INTVEC
  Common segment, address: CODE 00000000 - 00000035 (0x36 bytes), align: 0
  Segment part 25. ROOT.
           ENTRY                   ADDRESS         REF BY
           =====                   =======         ======
           port2_ISR::??INTVEC 51
                                   00000033 
    -------------------------------------------------------------------------
INTVEC
  Common segment, address: CODE 00000000 - 0000006D (0x6e bytes), align: 0
  Segment part 26. ROOT.
           ENTRY                   ADDRESS         REF BY
           =====                   =======         ======
           port0_ISR::??INTVEC 107
                                   0000006B 
    -------------------------------------------------------------------------
INTVEC
  Common segment, address: CODE 00000000 - 0000007D (0x7e bytes), align: 0
  Segment part 27. ROOT.
           ENTRY                   ADDRESS         REF BY
           =====                   =======         ======
           port1_ISR::??INTVEC 123
                                   0000007B 
    -------------------------------------------------------------------------
INTVEC
  Common segment, address: CODE 00000000 - 00000085 (0x86 bytes), align: 0
  Segment part 28. ROOT.
           ENTRY                   ADDRESS         REF BY
           =====                   =======         ======
           rfIsr::??INTVEC 131     00000083 
    -------------------------------------------------------------------------
XDATA_ID
  Relative segment, address: CODE 00000116 - 00000121 (0xc bytes), align: 0
  Segment part 35.            Intra module refs:   rxi
    -------------------------------------------------------------------------
XDATA_ID
  Relative segment, address: CODE 00000122 - 00000125 (0x4 bytes), align: 0
  Segment part 47.            Intra module refs:   __Constant_0
    -------------------------------------------------------------------------
BANK_RELAYS
  Relative segment, address: CODE 00000126 - 0000012B (0x6 bytes), align: 0
  Segment part 49.            Intra module refs:   basicRfInit
           LOCAL                   ADDRESS         
           =====                   =======         
           basicRfRxFrmDoneIsr::?relay
                                   00000126 
    -------------------------------------------------------------------------
BANK_RELAYS
  Relative segment, address: CODE 0000012C - 00000131 (0x6 bytes), align: 0
  Segment part 52.            Intra module refs:   main
           ENTRY                   ADDRESS         REF BY
           =====                   =======         ======
           basicRfInit::?relay     0000012C 
    -------------------------------------------------------------------------
BANK_RELAYS
  Relative segment, address: CODE 00000132 - 00000137 (0x6 bytes), align: 0
  Segment part 55.            Intra module refs:   main
           ENTRY                   ADDRESS         REF BY
           =====                   =======         ======
           clockSetMainSrc::?relay
                                   00000132 
    -------------------------------------------------------------------------
BANK_RELAYS
  Relative segment, address: CODE 00000138 - 0000013D (0x6 bytes), align: 0
  Segment part 57.            Intra module refs:   main
           ENTRY                   ADDRESS         REF BY
           =====                   =======         ======
           clockSelect32k::?relay
                                   00000138 
    -------------------------------------------------------------------------
BANK_RELAYS
  Relative segment, address: CODE 0000013E - 00000143 (0x6 bytes), align: 0
  Segment part 59.            Intra module refs:   halMcuWaitMs
           ENTRY                   ADDRESS         REF BY
           =====                   =======         ======
           halMcuWaitUs::?relay    0000013E 
    -------------------------------------------------------------------------
BANK_RELAYS
  Relative segment, address: CODE 00000144 - 00000149 (0x6 bytes), align: 0
  Segment part 61.            Intra module refs:   halAssertHandler
           ENTRY                   ADDRESS         REF BY
           =====                   =======         ======
           halMcuWaitMs::?relay    00000144 
    -------------------------------------------------------------------------
BANK_RELAYS
  Relative segment, address: CODE 0000014A - 0000014F (0x6 bytes), align: 0
  Segment part 63.            Intra module refs:   basicRfInit
                                                   main
           ENTRY                   ADDRESS         REF BY
           =====                   =======         ======
           halRfInit::?relay       0000014A 
    -------------------------------------------------------------------------
BANK_RELAYS
  Relative segment, address: CODE 00000150 - 00000155 (0x6 bytes), align: 0
  Segment part 65.            Intra module refs:   ?Subroutine3
                                                   basicRfRxFrmDoneIsr
           ENTRY                   ADDRESS         REF BY
           =====                   =======         ======
           halRfReadRxBuf::?relay
                                   00000150 
    -------------------------------------------------------------------------
BANK_RELAYS
  Relative segment, address: CODE 00000156 - 0000015B (0x6 bytes), align: 0
  Segment part 67.            Intra module refs:   basicRfRxFrmDoneIsr
           ENTRY                   ADDRESS         REF BY
           =====                   =======         ======
           halRfDisableRxInterrupt::?relay
                                   00000156 
    -------------------------------------------------------------------------
BANK_RELAYS
  Relative segment, address: CODE 0000015C - 00000161 (0x6 bytes), align: 0
  Segment part 70.            Intra module refs:   basicRfRxFrmDoneIsr
                                                   halRfInit
           ENTRY                   ADDRESS         REF BY
           =====                   =======         ======
           halRfEnableRxInterrupt::?relay
                                   0000015C 
    -------------------------------------------------------------------------
BANK_RELAYS
  Relative segment, address: CODE 00000162 - 00000167 (0x6 bytes), align: 0
  Segment part 72.            Intra module refs:   main
           ENTRY                   ADDRESS         REF BY
           =====                   =======         ======
           halAssertHandler::?relay
                                   00000162 
    -------------------------------------------------------------------------
BANK_RELAYS
  Relative segment, address: CODE 00000168 - 0000016D (0x6 bytes), align: 0
  Segment part 74.            Intra module refs:   halAssertHandler
                                                   main
           ENTRY                   ADDRESS         REF BY
           =====                   =======         ======
           halLedToggle::?relay    00000168 

    *************************************************************************

  FILE NAME : G:\workspaces\hardware\my-zigbee\zigbeeÍø¹Ø¿ª·¢°åV4.0\08.´úÂë¼°Æä½Ì³Ì\2.½ø½×Æª-TI BasicRF ¼òµ¥ÎÞÏßµã¶Ôµã´«ÊäÐ­Òé\1.CC2530 BasicRF£¨ÎÞÏßµãµÆ£©»ùÓÚQ2530SB°å\BasicRF\ide\srf05_cc2530\iar\temp\light_switch\basic_rf_security.r51
    *************************************************************************

  FILE NAME : G:\workspaces\hardware\my-zigbee\zigbeeÍø¹Ø¿ª·¢°åV4.0\08.´úÂë¼°Æä½Ì³Ì\2.½ø½×Æª-TI BasicRF ¼òµ¥ÎÞÏßµã¶Ôµã´«ÊäÐ­Òé\1.CC2530 BasicRF£¨ÎÞÏßµãµÆ£©»ùÓÚQ2530SB°å\BasicRF\ide\srf05_cc2530\iar\temp\light_switch\clock.r51
    *************************************************************************

  FILE NAME : G:\workspaces\hardware\my-zigbee\zigbeeÍø¹Ø¿ª·¢°åV4.0\08.´úÂë¼°Æä½Ì³Ì\2.½ø½×Æª-TI BasicRF ¼òµ¥ÎÞÏßµã¶Ôµã´«ÊäÐ­Òé\1.CC2530 BasicRF£¨ÎÞÏßµãµÆ£©»ùÓÚQ2530SB°å\BasicRF\ide\srf05_cc2530\iar\temp\light_switch\hal_assert.r51
    *************************************************************************

  FILE NAME : G:\workspaces\hardware\my-zigbee\zigbeeÍø¹Ø¿ª·¢°åV4.0\08.´úÂë¼°Æä½Ì³Ì\2.½ø½×Æª-TI BasicRF ¼òµ¥ÎÞÏßµã¶Ôµã´«ÊäÐ­Òé\1.CC2530 BasicRF£¨ÎÞÏßµãµÆ£©»ùÓÚQ2530SB°å\BasicRF\ide\srf05_cc2530\iar\temp\light_switch\hal_board.r51
    *************************************************************************

  FILE NAME : G:\workspaces\hardware\my-zigbee\zigbeeÍø¹Ø¿ª·¢°åV4.0\08.´úÂë¼°Æä½Ì³Ì\2.½ø½×Æª-TI BasicRF ¼òµ¥ÎÞÏßµã¶Ôµã´«ÊäÐ­Òé\1.CC2530 BasicRF£¨ÎÞÏßµãµÆ£©»ùÓÚQ2530SB°å\BasicRF\ide\srf05_cc2530\iar\temp\light_switch\hal_button.r51
    *************************************************************************

  FILE NAME : G:\workspaces\hardware\my-zigbee\zigbeeÍø¹Ø¿ª·¢°åV4.0\08.´úÂë¼°Æä½Ì³Ì\2.½ø½×Æª-TI BasicRF ¼òµ¥ÎÞÏßµã¶Ôµã´«ÊäÐ­Òé\1.CC2530 BasicRF£¨ÎÞÏßµãµÆ£©»ùÓÚQ2530SB°å\BasicRF\ide\srf05_cc2530\iar\temp\light_switch\hal_digio.r51
    *************************************************************************

  FILE NAME : G:\workspaces\hardware\my-zigbee\zigbeeÍø¹Ø¿ª·¢°åV4.0\08.´úÂë¼°Æä½Ì³Ì\2.½ø½×Æª-TI BasicRF ¼òµ¥ÎÞÏßµã¶Ôµã´«ÊäÐ­Òé\1.CC2530 BasicRF£¨ÎÞÏßµãµÆ£©»ùÓÚQ2530SB°å\BasicRF\ide\srf05_cc2530\iar\temp\light_switch\hal_int.r51
    *************************************************************************

  FILE NAME : G:\workspaces\hardware\my-zigbee\zigbeeÍø¹Ø¿ª·¢°åV4.0\08.´úÂë¼°Æä½Ì³Ì\2.½ø½×Æª-TI BasicRF ¼òµ¥ÎÞÏßµã¶Ôµã´«ÊäÐ­Òé\1.CC2530 BasicRF£¨ÎÞÏßµãµÆ£©»ùÓÚQ2530SB°å\BasicRF\ide\srf05_cc2530\iar\temp\light_switch\hal_joystick.r51
    *************************************************************************

  FILE NAME : G:\workspaces\hardware\my-zigbee\zigbeeÍø¹Ø¿ª·¢°åV4.0\08.´úÂë¼°Æä½Ì³Ì\2.½ø½×Æª-TI BasicRF ¼òµ¥ÎÞÏßµã¶Ôµã´«ÊäÐ­Òé\1.CC2530 BasicRF£¨ÎÞÏßµãµÆ£©»ùÓÚQ2530SB°å\BasicRF\ide\srf05_cc2530\iar\temp\light_switch\hal_lcd_srf05.r51
    *************************************************************************

  FILE NAME : G:\workspaces\hardware\my-zigbee\zigbeeÍø¹Ø¿ª·¢°åV4.0\08.´úÂë¼°Æä½Ì³Ì\2.½ø½×Æª-TI BasicRF ¼òµ¥ÎÞÏßµã¶Ôµã´«ÊäÐ­Òé\1.CC2530 BasicRF£¨ÎÞÏßµãµÆ£©»ùÓÚQ2530SB°å\BasicRF\ide\srf05_cc2530\iar\temp\light_switch\hal_led.r51
    *************************************************************************

  FILE NAME : G:\workspaces\hardware\my-zigbee\zigbeeÍø¹Ø¿ª·¢°åV4.0\08.´úÂë¼°Æä½Ì³Ì\2.½ø½×Æª-TI BasicRF ¼òµ¥ÎÞÏßµã¶Ôµã´«ÊäÐ­Òé\1.CC2530 BasicRF£¨ÎÞÏßµãµÆ£©»ùÓÚQ2530SB°å\BasicRF\ide\srf05_cc2530\iar\temp\light_switch\hal_mcu.r51
    *************************************************************************

  FILE NAME : G:\workspaces\hardware\my-zigbee\zigbeeÍø¹Ø¿ª·¢°åV4.0\08.´úÂë¼°Æä½Ì³Ì\2.½ø½×Æª-TI BasicRF ¼òµ¥ÎÞÏßµã¶Ôµã´«ÊäÐ­Òé\1.CC2530 BasicRF£¨ÎÞÏßµãµÆ£©»ùÓÚQ2530SB°å\BasicRF\ide\srf05_cc2530\iar\temp\light_switch\hal_rf.r51
    *************************************************************************

  FILE NAME : G:\workspaces\hardware\my-zigbee\zigbeeÍø¹Ø¿ª·¢°åV4.0\08.´úÂë¼°Æä½Ì³Ì\2.½ø½×Æª-TI BasicRF ¼òµ¥ÎÞÏßµã¶Ôµã´«ÊäÐ­Òé\1.CC2530 BasicRF£¨ÎÞÏßµãµÆ£©»ùÓÚQ2530SB°å\BasicRF\ide\srf05_cc2530\iar\temp\light_switch\hal_rf_security.r51
    *************************************************************************

  FILE NAME : G:\workspaces\hardware\my-zigbee\zigbeeÍø¹Ø¿ª·¢°åV4.0\08.´úÂë¼°Æä½Ì³Ì\2.½ø½×Æª-TI BasicRF ¼òµ¥ÎÞÏßµã¶Ôµã´«ÊäÐ­Òé\1.CC2530 BasicRF£¨ÎÞÏßµãµÆ£©»ùÓÚQ2530SB°å\BasicRF\ide\srf05_cc2530\iar\temp\light_switch\light_switch.r51
    *************************************************************************

  FILE NAME : G:\workspaces\hardware\my-zigbee\zigbeeÍø¹Ø¿ª·¢°åV4.0\08.´úÂë¼°Æä½Ì³Ì\2.½ø½×Æª-TI BasicRF ¼òµ¥ÎÞÏßµã¶Ôµã´«ÊäÐ­Òé\1.CC2530 BasicRF£¨ÎÞÏßµãµÆ£©»ùÓÚQ2530SB°å\BasicRF\ide\srf05_cc2530\iar\temp\light_switch\util.r51
    *************************************************************************

  FILE NAME : G:\workspaces\hardware\my-zigbee\zigbeeÍø¹Ø¿ª·¢°åV4.0\08.´úÂë¼°Æä½Ì³Ì\2.½ø½×Æª-TI BasicRF ¼òµ¥ÎÞÏßµã¶Ôµã´«ÊäÐ­Òé\1.CC2530 BasicRF£¨ÎÞÏßµãµÆ£©»ùÓÚQ2530SB°å\BasicRF\ide\srf05_cc2530\iar\temp\light_switch\util_buffer.r51
    *************************************************************************

  FILE NAME : G:\workspaces\hardware\my-zigbee\zigbeeÍø¹Ø¿ª·¢°åV4.0\08.´úÂë¼°Æä½Ì³Ì\2.½ø½×Æª-TI BasicRF ¼òµ¥ÎÞÏßµã¶Ôµã´«ÊäÐ­Òé\1.CC2530 BasicRF£¨ÎÞÏßµãµÆ£©»ùÓÚQ2530SB°å\BasicRF\ide\srf05_cc2530\iar\temp\light_switch\util_lcd.r51
    *************************************************************************

  FILE NAME : G:\Program Files (x86)\IAR Systems\Embedded Workbench 6.0 Evaluation\8051\LIB\CLIB\cl-pli-blxd-1e16x01.r51
  LIBRARY MODULE, NAME : ?cexit

  SEGMENTS IN THE MODULE
  ======================
CSTART
  Relative segment, address: CODE 00000086 - 0000008A (0x5 bytes), align: 0
  Segment part 0.
           ENTRY                   ADDRESS         REF BY
           =====                   =======         ======
           exit                    00000086        ?call_main (?cmain)
           ?C_EXIT                 00000086 
           ?ROM_MONITOR_NOPS       00000086 

    -------------------------------------------------------------------------
  LIBRARY MODULE, NAME : ?cmain

  SEGMENTS IN THE MODULE
  ======================
CSTART
  Relative segment, address: CODE 0000008B, align: 0
  Segment part 0.
           ENTRY                   ADDRESS         REF BY
           =====                   =======         ======
           ?cmain                  0000008B        Segment part 13 (CSTARTUP)
    -------------------------------------------------------------------------
CSTART
  Relative segment, address: CODE 0000008B - 00000093 (0x9 bytes), align: 0
  Segment part 1.
           ENTRY                   ADDRESS         REF BY
           =====                   =======         ======
           __low_level_init_call   0000008B        __low_level_init (?low_level_init)
    -------------------------------------------------------------------------
CSTART
  Relative segment, address: CODE 00000094 - 000000A3 (0x10 bytes), align: 0
  Segment part 11.
           ENTRY                   ADDRESS         REF BY
           =====                   =======         ======
           __INIT_XDATA_Z          00000094        basicRfConfig (basic_rf)
                                                   led4State (basic_rf)
                                                   pConfig (basic_rf)
                                                   pRxData (basic_rf)
                                                   pfISR (basic_rf)
                                                   port0_isr_tbl (basic_rf)
                                                   port1_isr_tbl (basic_rf)
                                                   port2_isr_tbl (basic_rf)
                                                   rxMpdu (basic_rf)
                                                   txState (basic_rf)
    -------------------------------------------------------------------------
CSTART
  Relative segment, address: CODE 000000A4 - 000000CC (0x29 bytes), align: 0
  Segment part 28.
           ENTRY                   ADDRESS         REF BY
           =====                   =======         ======
           __INIT_XDATA_I          000000A4        __Constant_0 (basic_rf)
                                                   rxi (basic_rf)
    -------------------------------------------------------------------------
CSTART
  Relative segment, address: CODE 000000CD, align: 0
  Segment part 32.            Intra module refs:   __low_level_init_call
    -------------------------------------------------------------------------
CSTART
  Relative segment, address: CODE 000000CD - 000000E2 (0x16 bytes), align: 0
  Segment part 33.            Intra module refs:   ?cmain
           ENTRY                   ADDRESS         REF BY
           =====                   =======         ======
           ?call_main              000000CD 

    -------------------------------------------------------------------------
  LIBRARY MODULE, NAME : CSTARTUP

  SEGMENTS IN THE MODULE
  ======================
REGISTERS
  Relative segment, address: DATA 00000000, align: 0
  Segment part 0.             Intra module refs:   Segment part 6
           ENTRY                   ADDRESS         REF BY
           =====                   =======         ======
           ?REGISTERS              00000000 
    -------------------------------------------------------------------------
ISTACK
  Relative segment, address: IDATA 000000C0, align: 0
  Segment part 1.             Intra module refs:   Segment part 6
           ENTRY                   ADDRESS         REF BY
           =====                   =======         ======
           ?ISTACK_START           000000C0 
    -------------------------------------------------------------------------
XSTACK
  Relative segment, address: XDATA 00000001, align: 0
  Segment part 3.             Intra module refs:   ?RESET_XSP
           ENTRY                   ADDRESS         REF BY
           =====                   =======         ======
           ?XSTACK_START           00000001 
    -------------------------------------------------------------------------
INTVEC
  Common segment, address: CODE 00000000 - 00000002 (0x3 bytes), align: 0
  Segment part 5. ROOT.       Intra module refs:   Segment part 6
    -------------------------------------------------------------------------
CSTART
  Relative segment, address: CODE 000000E3 - 000000E8 (0x6 bytes), align: 0
  Segment part 6. ROOT.       Intra module refs:   Segment part 5
           ENTRY                   ADDRESS         REF BY
           =====                   =======         ======
           __program_start         000000E3        Absolute parts (?ABS_ENTRY_MOD)
           ?RESET_SP               000000E6 
    -------------------------------------------------------------------------
CSTART
  Relative segment, address: CODE 000000E9 - 000000EE (0x6 bytes), align: 0
  Segment part 8.
           ENTRY                   ADDRESS         REF BY
           =====                   =======         ======
           ?RESET_XSP              000000E9        ?XSP (VIRTUAL_REGISTERS)
    -------------------------------------------------------------------------
CSTART
  Relative segment, address: CODE 000000EF - 000000F1 (0x3 bytes), align: 0
  Segment part 9.
           ENTRY                   ADDRESS         REF BY
           =====                   =======         ======
           ?RESET_CODE_BANK        000000EF        Absolute parts (?BANKED_CODE_SUPPORT)
    -------------------------------------------------------------------------
CSTART
  Relative segment, address: CODE 000000F2 - 000000F4 (0x3 bytes), align: 0
  Segment part 13.            Intra module refs:   Absolute parts

    -------------------------------------------------------------------------
  LIBRARY MODULE, NAME : VIRTUAL_REGISTERS

  SEGMENTS IN THE MODULE
  ======================
BREG
  Relative segment, address: BIT 00000020.0 - 00000020.7 (0x8 bits), align: 0
  Segment part 0.
           ENTRY                   ADDRESS         REF BY
           =====                   =======         ======
           ?B0                     00000020.0      Absolute parts (CSTARTUP)
    -------------------------------------------------------------------------
VREG
  Relative segment, address: DATA 00000008, align: 0
  Segment part 1.
           ENTRY                   ADDRESS         REF BY
           =====                   =======         ======
           ?V0                     00000008        ?BANKED_ENTER_XDATA (?BANKED_ENTER_XDATA)
                                                   ?BANKED_LEAVE_XDATA (?BANKED_LEAVE_XDATA)
                                                   ?INTERRUPT_ENTER_XSP (?INTERRUPT_ENTER_XSP)
                                                   ?INTERRUPT_LEAVE_XSP (?INTERRUPT_LEAVE_XSP)
                                                   main (basic_rf)
                                                   memcpy (?memcpy)
                                                   port0_ISR (basic_rf)
                                                   port1_ISR (basic_rf)
                                                   port2_ISR (basic_rf)
    -------------------------------------------------------------------------
XSP
  Relative segment, address: DATA 00000010 - 00000011 (0x2 bytes), align: 0
  Segment part 3.
           ENTRY                   ADDRESS         REF BY
           =====                   =======         ======
           ?XSP                    00000010        ?ADD_XSTACK_DISP0_8 (?ADD_XSTACK_DISP8)
                                                   ?BANKED_ENTER_XDATA (?BANKED_ENTER_XDATA)
                                                   ?BANKED_LEAVE_XDATA (?BANKED_LEAVE_XDATA)
                                                   ?DEALLOC_XSTACK8 (?DEALLOC_XSTACK8)
                                                   ?INTERRUPT_ENTER_XSP (?INTERRUPT_ENTER_XSP)
                                                   ?INTERRUPT_LEAVE_XSP (?INTERRUPT_LEAVE_XSP)
                                                   ?RESET_XSP (CSTARTUP)
                                                   ?XSTACK_DISP0_8 (?XSTACK_DISP8)

    -------------------------------------------------------------------------
  LIBRARY MODULE, NAME : ?BANKED_CODE_SUPPORT

  SEGMENTS IN THE MODULE
  ======================
CSTART
  Relative segment, address: CODE 000000F5 - 00000112 (0x1e bytes), align: 0
  Segment part 0.
           ENTRY                   ADDRESS         REF BY
           =====                   =======         ======
           ?BCALL_FF               000000F5        ?call_main (?cmain)
           ?BRET_FF                000000FB        ?BANKED_LEAVE_XDATA (?BANKED_LEAVE_XDATA)
                                                   ?Subroutine0 (basic_rf)
                                                   clockSelect32k (basic_rf)
                                                   clockSetMainSrc (basic_rf)
                                                   halMcuWaitUs (basic_rf)
           ?BDISPATCH_FF           000000FE        basicRfInit::?relay (basic_rf)
                                                   basicRfRxFrmDoneIsr::?relay (basic_rf)
                                                   clockSelect32k::?relay (basic_rf)
                                                   clockSetMainSrc::?relay (basic_rf)
                                                   halAssertHandler::?relay (basic_rf)
                                                   halLedToggle::?relay (basic_rf)
                                                   halMcuWaitMs::?relay (basic_rf)
                                                   halMcuWaitUs::?relay (basic_rf)
                                                   halRfDisableRxInterrupt::?relay (basic_rf)
                                                   halRfEnableRxInterrupt::?relay (basic_rf)
                                                   halRfInit::?relay (basic_rf)
                                                   halRfReadRxBuf::?relay (basic_rf)
                                                   memcpy::?relay (?memcpy)

    -------------------------------------------------------------------------
  LIBRARY MODULE, NAME : ?XLOAD_R2345

  SEGMENTS IN THE MODULE
  ======================
RCODE
  Relative segment, address: CODE 00000174 - 0000017F (0xc bytes), align: 0
  Segment part 0.
           ENTRY                   ADDRESS         REF BY
           =====                   =======         ======
           ?XLOAD_R2345            00000174        basicRfInit (basic_rf)

    -------------------------------------------------------------------------
  LIBRARY MODULE, NAME : ?XSTORE_R2345

  SEGMENTS IN THE MODULE
  ======================
RCODE
  Relative segment, address: CODE 00000180 - 0000018B (0xc bytes), align: 0
  Segment part 0.
           ENTRY                   ADDRESS         REF BY
           =====                   =======         ======
           ?XSTORE_R2345           00000180        basicRfInit (basic_rf)

    -------------------------------------------------------------------------
  LIBRARY MODULE, NAME : ?MOVE_LONG8_XDATA_IDATA

  SEGMENTS IN THE MODULE
  ======================
RCODE
  Relative segment, address: CODE 0000018C - 00000198 (0xd bytes), align: 0
  Segment part 0.
           ENTRY                   ADDRESS         REF BY
           =====                   =======         ======
           ?MOVE_LONG8_XDATA_IDATA
                                   0000018C        ?PUSH_XSTACK_I (?PUSH_XSTACK_I)

    -------------------------------------------------------------------------
  LIBRARY MODULE, NAME : ?S_SHL

  SEGMENTS IN THE MODULE
  ======================
RCODE
  Relative segment, address: CODE 00000199 - 0000019B (0x3 bytes), align: 0
  Segment part 0.
           ENTRY                   ADDRESS         REF BY
           =====                   =======         ======
           ?S_SHL                  00000199        port0_ISR (basic_rf)
                                                   port1_ISR (basic_rf)
                                                   port2_ISR (basic_rf)
    -------------------------------------------------------------------------
RCODE
  Relative segment, address: CODE 0000019C - 0000019E (0x3 bytes), align: 0
  Segment part 1.             Intra module refs:   Segment part 2
           ENTRY                   ADDRESS         REF BY
           =====                   =======         ======
           ?S_SHL_REW              0000019C 
    -------------------------------------------------------------------------
RCODE
  Relative segment, address: CODE 0000019F - 000001AB (0xd bytes), align: 0
  Segment part 2.             Intra module refs:   ?S_SHL
                                                   ?S_SHL_REW

    -------------------------------------------------------------------------
  LIBRARY MODULE, NAME : ?DEALLOC_XSTACK8

  SEGMENTS IN THE MODULE
  ======================
RCODE
  Relative segment, address: CODE 000001AC - 000001C5 (0x1a bytes), align: 0
  Segment part 0.
           ENTRY                   ADDRESS         REF BY
           =====                   =======         ======
           ?DEALLOC_XSTACK8        000001AC        main (basic_rf)

    -------------------------------------------------------------------------
  LIBRARY MODULE, NAME : ?ADD_XSTACK_DISP8

  SEGMENTS IN THE MODULE
  ======================
RCODE
  Relative segment, address: CODE 000001C6 - 000001E0 (0x1b bytes), align: 0
  Segment part 1.
           ENTRY                   ADDRESS         REF BY
           =====                   =======         ======
           ?ADD_XSTACK_DISP0_8     000001C6        ?PUSH_XSTACK_I (?PUSH_XSTACK_I)

    -------------------------------------------------------------------------
  LIBRARY MODULE, NAME : ?XSTACK_DISP8

  SEGMENTS IN THE MODULE
  ======================
RCODE
  Relative segment, address: CODE 000001E1 - 000001EA (0xa bytes), align: 0
  Segment part 1.
           ENTRY                   ADDRESS         REF BY
           =====                   =======         ======
           ?XSTACK_DISP0_8         000001E1        memcpy (?memcpy)

    -------------------------------------------------------------------------
  LIBRARY MODULE, NAME : ?CALL_IND

  SEGMENTS IN THE MODULE
  ======================
RCODE
  Relative segment, address: CODE 000001EB - 000001EC (0x2 bytes), align: 0
  Segment part 0.
           ENTRY                   ADDRESS         REF BY
           =====                   =======         ======
           ?CALL_IND               000001EB        port0_ISR (basic_rf)
                                                   port1_ISR (basic_rf)
                                                   port2_ISR (basic_rf)
                                                   rfIsr (basic_rf)

    -------------------------------------------------------------------------
  LIBRARY MODULE, NAME : ?BANKED_ENTER_XDATA

  SEGMENTS IN THE MODULE
  ======================
RCODE
  Relative segment, address: CODE 000001ED - 00000258 (0x6c bytes), align: 0
  Segment part 1.
           ENTRY                   ADDRESS         REF BY
           =====                   =======         ======
           ?BANKED_ENTER_XDATA     000001ED        basicRfInit (basic_rf)
                                                   halMcuWaitMs (basic_rf)
                                                   memcpy (?memcpy)

    -------------------------------------------------------------------------
  LIBRARY MODULE, NAME : ?BANKED_LEAVE_XDATA

  SEGMENTS IN THE MODULE
  ======================
RCODE
  Relative segment, address: CODE 00000259 - 0000029E (0x46 bytes), align: 0
  Segment part 1.
           ENTRY                   ADDRESS         REF BY
           =====                   =======         ======
           ?BANKED_LEAVE_XDATA     00000259        basicRfInit (basic_rf)
                                                   halMcuWaitMs (basic_rf)
                                                   memcpy (?memcpy)

    -------------------------------------------------------------------------
  LIBRARY MODULE, NAME : ?INTERRUPT_ENTER_XSP

  SEGMENTS IN THE MODULE
  ======================
RCODE
  Relative segment, address: CODE 0000029F - 000002FD (0x5f bytes), align: 0
  Segment part 1.
           ENTRY                   ADDRESS         REF BY
           =====                   =======         ======
           ?INTERRUPT_ENTER_XSP    0000029F        port0_ISR (basic_rf)
                                                   port1_ISR (basic_rf)
                                                   port2_ISR (basic_rf)
                                                   rfIsr (basic_rf)

    -------------------------------------------------------------------------
  LIBRARY MODULE, NAME : ?INTERRUPT_LEAVE_XSP

  SEGMENTS IN THE MODULE
  ======================
RCODE
  Relative segment, address: CODE 000002FE - 00000355 (0x58 bytes), align: 0
  Segment part 1.
           ENTRY                   ADDRESS         REF BY
           =====                   =======         ======
           ?INTERRUPT_LEAVE_XSP    000002FE        ?Subroutine1 (basic_rf)
                                                   rfIsr (basic_rf)

    -------------------------------------------------------------------------
  LIBRARY MODULE, NAME : ?PUSH_XSTACK_I

  SEGMENTS IN THE MODULE
  ======================
RCODE
  Relative segment, address: CODE 00000356 - 00000359 (0x4 bytes), align: 0
  Segment part 2.
           ENTRY                   ADDRESS         REF BY
           =====                   =======         ======
           ?PUSH_XSTACK_I_TWO      00000356        main (basic_rf)
    -------------------------------------------------------------------------
RCODE
  Relative segment, address: CODE 0000035A - 00000366 (0xd bytes), align: 0
  Segment part 4.             Intra module refs:   ?PUSH_XSTACK_I_TWO
           ENTRY                   ADDRESS         REF BY
           =====                   =======         ======
           ?PUSH_XSTACK_I          0000035A 

    -------------------------------------------------------------------------
  LIBRARY MODULE, NAME : ?memcpy

  SEGMENTS IN THE MODULE
  ======================
<BANKED_CODE> 1 (was BANKED_CODE)
  Relative segment, address: CODE 00000865 - 000008AA (0x46 bytes), align: 0
  Segment part 6.             Intra module refs:   memcpy::?relay
           ENTRY                   ADDRESS         REF BY
           =====                   =======         ======
           memcpy                  00000865 
               XSTACK = 00000002 ( 0000000A )
               ISTACK = 00000000 ( 00000001 )
    -------------------------------------------------------------------------
BANK_RELAYS
  Relative segment, address: CODE 0000016E - 00000173 (0x6 bytes), align: 0
  Segment part 7.
           ENTRY                   ADDRESS         REF BY
           =====                   =======         ======
           memcpy::?relay          0000016E        main (basic_rf)

    -------------------------------------------------------------------------
  LIBRARY MODULE, NAME : ?low_level_init

  SEGMENTS IN THE MODULE
  ======================
CSTART
  Relative segment, address: CODE 00000113 - 00000115 (0x3 bytes), align: 0
  Segment part 6. ROOT.
           ENTRY                   ADDRESS         REF BY
           =====                   =======         ======
           __low_level_init        00000113        __low_level_init_call (?cmain)




                ****************************************
                *                                      *
                *            MODULE SUMMARY            *
                *                                      *
                ****************************************

Module                    CODE      DATA      XDATA  IDATA    BIT
------                    ----      ----      -----  -----    ---
                         (Rel)  (Rel)  (Abs)  (Rel)  (Rel)  (Rel)
?ADD_XSTACK_DISP8           27
?BANKED_CODE_SUPPORT        30
?BANKED_ENTER_XDATA        108
?BANKED_LEAVE_XDATA         70
?CALL_IND                    2
?DEALLOC_XSTACK8            26
?INTERRUPT_ENTER_XSP        95
?INTERRUPT_LEAVE_XSP        88
?MOVE_LONG8_XDATA_IDATA     13
?PUSH_XSTACK_I              17
?S_SHL                      19
?XLOAD_R2345                12
?XSTACK_DISP8               10
?XSTORE_R2345               12
?cexit                       5
?cmain                      88
?low_level_init              3
?memcpy                     76
CSTARTUP                    18
  + common                   3
VIRTUAL_REGISTERS                   2                           8
basic_rf                 1 366            24    205
  + common                 134
N/A (command line)                 16           256     64
N/A (alignment)
----------               -----     --     --    ---     --      -
Total:                   2 085     18     24    461     64      8
  + common                 134


                ****************************************
                *                                      *
                *      SEGMENTS IN ADDRESS ORDER       *
                *                                      *
                ****************************************


SEGMENT              SPACE    START ADDRESS   END ADDRESS     SIZE  TYPE  ALIGN
=======              =====    =============   ===========     ====  ====  =====
INTVEC               CODE          00000000 - 00000085          86   com    0
CSTART               CODE          00000086 - 00000115          90   rel    0
IDATA_ID             CODE               00000116                     dse    0
BDATA_ID             CODE               00000116                     dse    0
BIT_ID               CODE               00000116                     dse    0
IXDATA_ID            CODE               00000116                     dse    0
PDATA_ID             CODE               00000116                     dse    0
DATA_ID              CODE               00000116                     dse    0
XDATA_ID             CODE          00000116 - 00000125          10   rel    0
BANK_RELAYS          CODE          00000126 - 00000173          4E   rel    0
RCODE                CODE          00000174 - 00000366         1F3   rel    0
CODE_C               CODE               00000367                     dse    0
CODE_N               CODE               00000367                     dse    0
DIFUNCT              CODE               00000367                     dse    0
NEAR_CODE            CODE          00000367 - 000004BB         155   rel    0
<BANKED_CODE> 1      CODE          000004BC - 000008AA         3EF   rel    0
REGISTERS            DATA          00000000 - 00000007           8   rel    0
VREG                 DATA          00000008 - 0000000F           8   rel    0
PSP                  DATA               00000010                     dse    0
XSP                  DATA          00000010 - 00000011           2   rel    0
BREG                 BIT        00000020.0  -  00000020.7        8   rel    0
SFR_AN               DATA          00000080 - 00000080           1   rel    0
                     DATA          00000089 - 0000008B           3 
                     DATA          0000008F - 00000090           2 
                     DATA          0000009A - 0000009B           2 
                     DATA          0000009D - 0000009E           2 
                     DATA          000000A8 - 000000A8           1 
                     DATA          000000BE - 000000BE           1 
                     DATA          000000C0 - 000000C0           1 
                     DATA          000000C6 - 000000C6           1 
                     DATA          000000D9 - 000000D9           1 
                     DATA          000000E1 - 000000E1           1 
                     DATA          000000E8 - 000000E9           2 
                     DATA          000000F3 - 000000F3           1 
                     DATA          000000F5 - 000000F5           1 
                     DATA          000000F7 - 000000F7           1 
                     DATA          000000FD - 000000FF           3 
XSTACK               XDATA         00000001 - 00000100         100   rel    0
XDATA_Z              XDATA         00000101 - 000001BD          BD   rel    0
XDATA_I              XDATA         000001BE - 000001CD          10   rel    0
ISTACK               IDATA         000000C0 - 000000FF          40   rel    0

                ****************************************
                *                                      *
                *        END OF CROSS REFERENCE        *
                *                                      *
                ****************************************

 2 219 bytes of CODE  memory
    18 bytes of DATA  memory (+ 24 absolute )
   461 bytes of XDATA memory
    64 bytes of IDATA memory
     8 bits  of BIT   memory

Errors: none
Warnings: none

