################################################################################
#                                                                              #
#      IAR Universal Linker V4.61L/W32                                         #
#                                                                              #
#           Link time     =  05/Jul/2011  02:46:12                             #
#           Target CPU    =  x51                                               #
#           List file     =  "D:\ÎÒµÄ2530\CC2530 BasicRF£¨µã¶ÔµãÍ¨ÐÅ£©»ùÓÚBB°å #
#                            \ide\srf05_cc2530\iar\temp\per_test.map"          #
#           Output file 1 =  "D:\ÎÒµÄ2530\CC2530 BasicRF£¨µã¶ÔµãÍ¨ÐÅ£©»ùÓÚBB°å #
#                            \ide\srf05_cc2530\iar\per_test.hex"               #
#                            Format: intel-extended                            #
#           Output file 2 =  "D:\ÎÒµÄ2530\CC2530 BasicRF£¨µã¶ÔµãÍ¨ÐÅ£©»ùÓÚBB°å #
#                            \ide\srf05_cc2530\iar\per_test.d51"               #
#                            Format: debug                                     #
#                            UBROF version 10.0.2                              #
#                            Using library modules for C-SPY (-rt)             #
#           Command line  =  "-IC:\Program Files\IAR Systems\Embedded Workbenc #
#                            h 5.3\8051\CONFIG\"                               #
#                            -D_NR_OF_BANKS=0 -D_CODEBANK_END=0                #
#                            -D_CODEBANK_START=0                               #
#                            "D:\ÎÒµÄ2530\CC2530 BasicRF£¨µã¶ÔµãÍ¨ÐÅ£©»ùÓÚBB°å #
#                            \ide\srf05_cc2530\iar\temp\per_test\adc.r51"      #
#                            "D:\ÎÒµÄ2530\CC2530 BasicRF£¨µã¶ÔµãÍ¨ÐÅ£©»ùÓÚBB°å #
#                            \ide\srf05_cc2530\iar\temp\per_test\basic_rf.r51" #
#                            "D:\ÎÒµÄ2530\CC2530 BasicRF£¨µã¶ÔµãÍ¨ÐÅ£©»ùÓÚBB°å #
#                            \ide\srf05_cc2530\iar\temp\per_test\clock.r51"    #
#                            "D:\ÎÒµÄ2530\CC2530 BasicRF£¨µã¶ÔµãÍ¨ÐÅ£©»ùÓÚBB°å #
#                            \ide\srf05_cc2530\iar\temp\per_test\hal_assert.r5 #
#                            1"                                                #
#                            "D:\ÎÒµÄ2530\CC2530 BasicRF£¨µã¶ÔµãÍ¨ÐÅ£©»ùÓÚBB°å #
#                            \ide\srf05_cc2530\iar\temp\per_test\hal_board.r51 #
#                            "                                                 #
#                            "D:\ÎÒµÄ2530\CC2530 BasicRF£¨µã¶ÔµãÍ¨ÐÅ£©»ùÓÚBB°å #
#                            \ide\srf05_cc2530\iar\temp\per_test\hal_button.r5 #
#                            1"                                                #
#                            "D:\ÎÒµÄ2530\CC2530 BasicRF£¨µã¶ÔµãÍ¨ÐÅ£©»ùÓÚBB°å #
#                            \ide\srf05_cc2530\iar\temp\per_test\hal_digio.r51 #
#                            "                                                 #
#                            "D:\ÎÒµÄ2530\CC2530 BasicRF£¨µã¶ÔµãÍ¨ÐÅ£©»ùÓÚBB°å #
#                            \ide\srf05_cc2530\iar\temp\per_test\hal_int.r51"  #
#                            "D:\ÎÒµÄ2530\CC2530 BasicRF£¨µã¶ÔµãÍ¨ÐÅ£©»ùÓÚBB°å #
#                            \ide\srf05_cc2530\iar\temp\per_test\hal_joystick. #
#                            r51"                                              #
#                            "D:\ÎÒµÄ2530\CC2530 BasicRF£¨µã¶ÔµãÍ¨ÐÅ£©»ùÓÚBB°å #
#                            \ide\srf05_cc2530\iar\temp\per_test\hal_lcd_srf05 #
#                            .r51"                                             #
#                            "D:\ÎÒµÄ2530\CC2530 BasicRF£¨µã¶ÔµãÍ¨ÐÅ£©»ùÓÚBB°å #
#                            \ide\srf05_cc2530\iar\temp\per_test\hal_led.r51"  #
#                            "D:\ÎÒµÄ2530\CC2530 BasicRF£¨µã¶ÔµãÍ¨ÐÅ£©»ùÓÚBB°å #
#                            \ide\srf05_cc2530\iar\temp\per_test\hal_mcu.r51"  #
#                            "D:\ÎÒµÄ2530\CC2530 BasicRF£¨µã¶ÔµãÍ¨ÐÅ£©»ùÓÚBB°å #
#                            \ide\srf05_cc2530\iar\temp\per_test\hal_rf.r51"   #
#                            "D:\ÎÒµÄ2530\CC2530 BasicRF£¨µã¶ÔµãÍ¨ÐÅ£©»ùÓÚBB°å #
#                            \ide\srf05_cc2530\iar\temp\per_test\hal_timer_32k #
#                            .r51"                                             #
#                            "D:\ÎÒµÄ2530\CC2530 BasicRF£¨µã¶ÔµãÍ¨ÐÅ£©»ùÓÚBB°å #
#                            \ide\srf05_cc2530\iar\temp\per_test\per_test.r51" #
#                            "D:\ÎÒµÄ2530\CC2530 BasicRF£¨µã¶ÔµãÍ¨ÐÅ£©»ùÓÚBB°å #
#                            \ide\srf05_cc2530\iar\temp\per_test\per_test_menu #
#                            .r51"                                             #
#                            "D:\ÎÒµÄ2530\CC2530 BasicRF£¨µã¶ÔµãÍ¨ÐÅ£©»ùÓÚBB°å #
#                            \ide\srf05_cc2530\iar\temp\per_test\util.r51"     #
#                            "D:\ÎÒµÄ2530\CC2530 BasicRF£¨µã¶ÔµãÍ¨ÐÅ£©»ùÓÚBB°å #
#                            \ide\srf05_cc2530\iar\temp\per_test\util_buffer.r #
#                            51"                                               #
#                            "D:\ÎÒµÄ2530\CC2530 BasicRF£¨µã¶ÔµãÍ¨ÐÅ£©»ùÓÚBB°å #
#                            \ide\srf05_cc2530\iar\temp\per_test\util_lcd.r51" #
#                            -o                                                #
#                            "D:\ÎÒµÄ2530\CC2530 BasicRF£¨µã¶ÔµãÍ¨ÐÅ£©»ùÓÚBB°å #
#                            \ide\srf05_cc2530\iar\per_test.d51"               #
#                            -l                                                #
#                            "D:\ÎÒµÄ2530\CC2530 BasicRF£¨µã¶ÔµãÍ¨ÐÅ£©»ùÓÚBB°å #
#                            \ide\srf05_cc2530\iar\temp\per_test.map"          #
#                            -xmsn                                             #
#                            "-IC:\Program Files\IAR Systems\Embedded Workbenc #
#                            h 5.3\8051\LIB\"                                  #
#                            -f lnk51ew_cc2530b.xcl (-D_IDATA_END=0xFF         #
#                            -D_PDATA_START=0x1E00 -D_PDATA_END=0x1EFF         #
#                            -D_IXDATA_START=0x0001 -D_IXDATA_END=0x1EFF       #
#                            -D_XDATA_START=_IXDATA_START                      #
#                            -D_XDATA_END=_IXDATA_END -D_CODE_START=0x0000     #
#                            -D_CODE_END=0x7FFF -D_FIRST_BANK_ADDR=0x10000     #
#                            -M(CODE)[(_CODEBANK_START+_FIRST_BANK_ADDR)-(_COD #
#                            EBANK_END+_FIRST_BANK_ADDR)]*_NR_OF_BANKS+0x10000 #
#                            =0x8000                                           #
#                            -ww69=i -D_NEAR_CODE_END=_CODE_END                #
#                            -D?REGISTER_BANK=0 -D_REGISTER_BANK_START=0       #
#                            -D?PBANK_NUMBER=0x1E -D?PBANK=0x93                #
#                            -D_BREG_START=0x00 -D?VB=0x20                     #
#                            -D_FAR_DATA_NR_OF_BANKS=0x0E                      #
#                            -D_FAR_DATA_START=0x010001                        #
#                            -D_FAR_DATA_END=0xFFFFFF                          #
#                            -D_FAR_CODE_START=_CODE_START                     #
#                            -D_FAR_CODE_END=_CODE_END -f lnk_base.xcl         #
#                            (-Z(BIT)BREG=_BREG_START -Z(BIT)BIT_N=0-7F        #
#                            -Z(DATA)REGISTERS+8=_REGISTER_BANK_START          #
#                            -Z(DATA)BDATA_Z,BDATA_N,BDATA_I=20-2F             #
#                            -Z(DATA)VREG+_NR_OF_VIRTUAL_REGISTERS=08-7F       #
#                            -Z(DATA)PSP,XSP=08-7F -Z(DATA)DOVERLAY=08-7F      #
#                            -Z(DATA)DATA_I,DATA_Z,DATA_N=08-7F                #
#                            -U(IDATA)0-7F=(DATA)0-7F                          #
#                            -Z(IDATA)IDATA_I,IDATA_Z,IDATA_N=08-_IDATA_END    #
#                            -Z(IDATA)ISTACK+_IDATA_STACK_SIZE#08-_IDATA_END   #
#                            -Z(IDATA)IOVERLAY=08-FF -Z(CODE)INTVEC=0          #
#                            -Z(CODE)CSTART=_CODE_START-_CODE_END              #
#                            -Z(CODE)BIT_ID,BDATA_ID,DATA_ID,IDATA_ID,IXDATA_I #
#                            D,PDATA_ID,XDATA_ID=_CODE_START-_CODE_END         #
#                            -Z(CODE)HUGE_ID=_FAR_CODE_START-_FAR_CODE_END     #
#                            -Z(CODE)BANK_RELAYS,RCODE,DIFUNCT,CODE_C,CODE_N,N #
#                            EAR_CODE=_CODE_START-_CODE_END                    #
#                            -P(CODE)BANKED_CODE=_CODE_START-_CODE_END,[(_CODE #
#                            BANK_START+_FIRST_BANK_ADDR)-(_CODEBANK_END+_FIRS #
#                            T_BANK_ADDR)]*_NR_OF_BANKS+10000                  #
#                            -P(CODE)FAR_CODE_C,FAR_CODE_N,FAR_CODE=[_FAR_CODE #
#                            _START-_FAR_CODE_END]/10000                       #
#                            -P(CODE)HUGE_CODE_C=_FAR_CODE_START-_FAR_CODE_END #
#                            -Z(CODE)CHECKSUM#_CODE_END                        #
#                            -Z(XDATA)EXT_STACK+_EXTENDED_STACK_SIZE=_EXTENDED #
#                            _STACK_START                                      #
#                            -Z(XDATA)PSTACK+_PDATA_STACK_SIZE=_PDATA_START-_P #
#                            DATA_END                                          #
#                            -Z(XDATA)XSTACK+_XDATA_STACK_SIZE=_XDATA_START-_X #
#                            DATA_END                                          #
#                            -Z(XDATA)PDATA_Z,PDATA_I=_PDATA_START-_PDATA_END  #
#                            -P(XDATA)PDATA_N=_PDATA_START-_PDATA_END          #
#                            -Z(XDATA)IXDATA_Z,IXDATA_I=_IXDATA_START-_IXDATA_ #
#                            END                                               #
#                            -P(XDATA)IXDATA_N=_IXDATA_START-_IXDATA_END       #
#                            -Z(XDATA)XDATA_Z,XDATA_I=_XDATA_START-_XDATA_END  #
#                            -P(XDATA)XDATA_N=_XDATA_START-_XDATA_END          #
#                            -Z(XDATA)XDATA_HEAP+_XDATA_HEAP_SIZE=_XDATA_START #
#                            -_XDATA_END                                       #
#                            -Z(CONST)XDATA_ROM_C=_XDATA_START-_XDATA_END      #
#                            -Z(XDATA)FAR_Z=[_FAR_DATA_START-_FAR_DATA_END]/10 #
#                            000                                               #
#                            -Z(XDATA)FAR_I=[_FAR_DATA_START-_FAR_DATA_END]/10 #
#                            000                                               #
#                            -Z(CODE)FAR_ID=[_FAR_CODE_START-_FAR_CODE_END]/10 #
#                            000                                               #
#                            -Z(XDATA)FAR_HEAP+_FAR_HEAP_SIZE=[_FAR_DATA_START #
#                            -_FAR_DATA_END]/10000                             #
#                            -P(XDATA)FAR_N=[_FAR_DATA_START-_FAR_DATA_END]*_F #
#                            AR_DATA_NR_OF_BANKS+10000                         #
#                            -P(CONST)FAR_ROM_C=[_FAR_DATA_START-_FAR_DATA_END #
#                            ]*_FAR_DATA_NR_OF_BANKS+10000                     #
#                            -Z(XDATA)HUGE_Z,HUGE_I=_FAR_DATA_START-_FAR_DATA_ #
#                            END                                               #
#                            -P(XDATA)HUGE_N=_FAR_DATA_START-_FAR_DATA_END     #
#                            -Z(XDATA)HUGE_HEAP+_HUGE_HEAP_SIZE=_FAR_DATA_STAR #
#                            T-_FAR_DATA_END                                   #
#                            -Z(CONST)HUGE_ROM_C=_FAR_DATA_START-_FAR_DATA_END #
#                            -cx51) -D_BANK0_START=0x00000                     #
#                            -D_BANK0_END=0x07FFF -D_BANK1_START=0x18000       #
#                            -D_BANK1_END=0x1FFFF -D_BANK2_START=0x28000       #
#                            -D_BANK2_END=0x2FFFF -D_BANK3_START=0x38000       #
#                            -D_BANK3_END=0x3FFFF -D_BANK4_START=0x48000       #
#                            -D_BANK4_END=0x4FFFF -D_BANK5_START=0x58000       #
#                            -D_BANK5_END=0x5FFFF -D_BANK6_START=0x68000       #
#                            -D_BANK6_END=0x6FFFF -D_BANK7_START=0x78000       #
#                            -D_BANK7_END=0x7FFFF                              #
#                            -P(CODE)BANK0=_BANK0_START-_BANK0_END             #
#                            -P(CODE)BANK1=_BANK1_START-_BANK1_END             #
#                            -P(CODE)BANK2=_BANK2_START-_BANK2_END             #
#                            -P(CODE)BANK3=_BANK3_START-_BANK3_END             #
#                            -P(CODE)BANK4=_BANK4_START-_BANK4_END             #
#                            -P(CODE)BANK5=_BANK5_START-_BANK5_END             #
#                            -P(CODE)BANK6=_BANK6_START-_BANK6_END             #
#                            -P(CODE)BANK7=_BANK7_START-_BANK7_END             #
#                            -D_FLASH_LOCK_BITS_START=((_NR_OF_BANKS*_FIRST_BA #
#                            NK_ADDR)+0xFFF0)                                  #
#                            -D_FLASH_LOCK_BITS_END=((_NR_OF_BANKS*_FIRST_BANK #
#                            _ADDR)+0xFFFF)                                    #
#                            -Z(CODE)FLASH_LOCK_BITS=_FLASH_LOCK_BITS_START-_F #
#                            LASH_LOCK_BITS_END                                #
#                            -U(CODE)0x0000=(CODE)_FLASH_LOCK_BITS_START-_FLAS #
#                            H_LOCK_BITS_END)                                  #
#                            -D_NR_OF_VIRTUAL_REGISTERS=8                      #
#                            -e_medium_write=_formatted_write                  #
#                            -e_medium_read=_formatted_read -rt                #
#                            "-Ointel-extended=D:\ÎÒµÄ2530\CC2530 BasicRF£¨µã¶ #
#                            ÔµãÍ¨ÐÅ£©»ùÓÚBB°å\ide\srf05_cc2530\iar\per_test.h #
#                            ex"                                               #
#                            -s __program_start                                #
#                            "C:\Program Files\IAR Systems\Embedded Workbench  #
#                            5.3\8051\LIB\CLIB\cl-pli-nlxd-1e16x01.r51"        #
#                            -D_IDATA_STACK_SIZE=0x40                          #
#                            -D_EXTENDED_STACK_START=0x00                      #
#                            -D_EXTENDED_STACK_SIZE=0x00                       #
#                            -D_PDATA_STACK_SIZE=0x80                          #
#                            -D_XDATA_STACK_SIZE=0x100                         #
#                            -D_XDATA_HEAP_SIZE=0xFF -D_FAR_HEAP_SIZE=0xFFF    #
#                            -D_HUGE_HEAP_SIZE=0xFFF                           #
#                                                                              #
#                           Copyright (C) 1987-2009 IAR Systems AB.            #
################################################################################





                ****************************************
                *                                      *
                *           CROSS REFERENCE            *
                *                                      *
                ****************************************

       Program entry at : CODE      000000D3  Relocatable, from module : CSTARTUP




                ****************************************
                *                                      *
                *            RUNTIME MODEL             *
                *                                      *
                ****************************************

  __calling_convention     = xdata_reentrant
  __code_model             = near
  __core                   = plain
  __data_model             = large
  __dptr_size              = 16
  __extended_stack         = disabled
  __location_for_constants = data
  __number_of_dptrs        = 1
  __rt_version             = 1



                ****************************************
                *                                      *
                *              MODULE MAP              *
                *                                      *
                ****************************************


  DEFINED ABSOLUTE ENTRIES
    *************************************************************************

  DEFINED ABSOLUTE ENTRIES
  PROGRAM MODULE, NAME : ?ABS_ENTRY_MOD

Absolute parts
           ENTRY                   ADDRESS         REF BY
           =====                   =======         ======
           _HUGE_HEAP_SIZE         00000FFF 
           _FAR_HEAP_SIZE          00000FFF 
           _XDATA_HEAP_SIZE        000000FF 
           _XDATA_STACK_SIZE       00000100 
           _PDATA_STACK_SIZE       00000080 
           _EXTENDED_STACK_SIZE    00000000 
           _EXTENDED_STACK_START   00000000 
           _IDATA_STACK_SIZE       00000040 
           _NR_OF_VIRTUAL_REGISTERS
                                   00000008 
           _FLASH_LOCK_BITS_END    0000FFFF 
           _FLASH_LOCK_BITS_START
                                   0000FFF0 
           _BANK7_END              0007FFFF 
           _BANK7_START            00078000 
           _BANK6_END              0006FFFF 
           _BANK6_START            00068000 
           _BANK5_END              0005FFFF 
           _BANK5_START            00058000 
           _BANK4_END              0004FFFF 
           _BANK4_START            00048000 
           _BANK3_END              0003FFFF 
           _BANK3_START            00038000 
           _BANK2_END              0002FFFF 
           _BANK2_START            00028000 
           _BANK1_END              0001FFFF 
           _BANK1_START            00018000 
           _BANK0_END              00007FFF 
           _BANK0_START            00000000 
           _FAR_CODE_END           00007FFF 
           _FAR_CODE_START         00000000 
           _FAR_DATA_END           00FFFFFF 
           _FAR_DATA_START         00010001 
           _FAR_DATA_NR_OF_BANKS   0000000E 
           ?VB                     00000020        ?FUNC_ENTER_XDATA (?FUNC_ENTER_XDATA)
                                                   ?FUNC_LEAVE_XDATA (?FUNC_LEAVE_XDATA)
                                                   ?INTERRUPT_ENTER_XSP (?INTERRUPT_ENTER_XSP)
                                                   ?INTERRUPT_LEAVE_XSP (?INTERRUPT_LEAVE_XSP)
           _BREG_START             00000000 
           ?PBANK                  00000093 
           ?PBANK_NUMBER           0000001E 
           _REGISTER_BANK_START    00000000 
           ?REGISTER_BANK          00000000        Segment part 6 (CSTARTUP)
           _NEAR_CODE_END          00007FFF 
           _FIRST_BANK_ADDR        00010000 
           _CODE_END               00007FFF 
           _CODE_START             00000000 
           _XDATA_END              00001EFF 
           _XDATA_START            00000001 
           _IXDATA_END             00001EFF 
           _IXDATA_START           00000001 
           _PDATA_END              00001EFF 
           _PDATA_START            00001E00 
           _IDATA_END              000000FF 
           _CODEBANK_START         00000000 
           _CODEBANK_END           00000000 
           _NR_OF_BANKS            00000000 
    *************************************************************************

  FILE NAME : D:\ÎÒµÄ2530\CC2530 BasicRF£¨µã¶ÔµãÍ¨ÐÅ£©»ùÓÚBB°å\ide\srf05_cc2530\iar\temp\per_test\adc.r51
    *************************************************************************

  FILE NAME : D:\ÎÒµÄ2530\CC2530 BasicRF£¨µã¶ÔµãÍ¨ÐÅ£©»ùÓÚBB°å\ide\srf05_cc2530\iar\temp\per_test\basic_rf.r51
  PROGRAM MODULE, NAME : basic_rf

  SEGMENTS IN THE MODULE
  ======================
XDATA_I
  Relative segment, address: XDATA 0000026B - 00000270 (0x6 bytes), align: 0
  Segment part 50.            Intra module refs:   Segment part 97
    -------------------------------------------------------------------------
XDATA_I
  Relative segment, address: XDATA 00000271 - 00000275 (0x5 bytes), align: 0
  Segment part 52.            Intra module refs:   Segment part 97
    -------------------------------------------------------------------------
XDATA_I
  Relative segment, address: XDATA 00000276 - 0000027A (0x5 bytes), align: 0
  Segment part 54.            Intra module refs:   Segment part 97
    -------------------------------------------------------------------------
XDATA_I
  Relative segment, address: XDATA 0000027B - 00000284 (0xa bytes), align: 0
  Segment part 56.            Intra module refs:   Segment part 116
    -------------------------------------------------------------------------
XDATA_I
  Relative segment, address: XDATA 00000285 - 0000028F (0xb bytes), align: 0
  Segment part 58.            Intra module refs:   Segment part 116
    -------------------------------------------------------------------------
XDATA_I
  Relative segment, address: XDATA 00000290 - 0000029B (0xc bytes), align: 0
  Segment part 60.            Intra module refs:   Segment part 116
    -------------------------------------------------------------------------
XDATA_I
  Relative segment, address: XDATA 0000029C - 000002A8 (0xd bytes), align: 0
  Segment part 62.            Intra module refs:   Segment part 116
    -------------------------------------------------------------------------
XDATA_I
  Relative segment, address: XDATA 000002A9 - 000002B3 (0xb bytes), align: 0
  Segment part 64.            Intra module refs:   Segment part 122
    -------------------------------------------------------------------------
XDATA_I
  Relative segment, address: XDATA 000002B4 - 000002BD (0xa bytes), align: 0
  Segment part 66.            Intra module refs:   Segment part 122
    -------------------------------------------------------------------------
XDATA_I
  Relative segment, address: XDATA 000002BE - 000002C7 (0xa bytes), align: 0
  Segment part 68.            Intra module refs:   Segment part 122
    -------------------------------------------------------------------------
XDATA_I
  Relative segment, address: XDATA 000002C8 - 000002D1 (0xa bytes), align: 0
  Segment part 70.            Intra module refs:   Segment part 122
    -------------------------------------------------------------------------
XDATA_I
  Relative segment, address: XDATA 000002D2 - 000002DC (0xb bytes), align: 0
  Segment part 72.            Intra module refs:   appTransmitter
    -------------------------------------------------------------------------
XDATA_I
  Relative segment, address: XDATA 000002DD - 000002EA (0xe bytes), align: 0
  Segment part 74.            Intra module refs:   appTransmitter
    -------------------------------------------------------------------------
XDATA_I
  Relative segment, address: XDATA 000002EB - 000002F5 (0xb bytes), align: 0
  Segment part 76.            Intra module refs:   appTransmitter
    -------------------------------------------------------------------------
XDATA_I
  Relative segment, address: XDATA 000002F6 - 00000301 (0xc bytes), align: 0
  Segment part 78.            Intra module refs:   appTransmitter
    -------------------------------------------------------------------------
XDATA_I
  Relative segment, address: XDATA 00000302 - 00000308 (0x7 bytes), align: 0
  Segment part 80.            Intra module refs:   appTransmitter
    -------------------------------------------------------------------------
XDATA_I
  Relative segment, address: XDATA 00000309 - 00000311 (0x9 bytes), align: 0
  Segment part 82.            Intra module refs:   appTransmitter
    -------------------------------------------------------------------------
XDATA_I
  Relative segment, address: XDATA 00000312 - 0000031F (0xe bytes), align: 0
  Segment part 84.            Intra module refs:   appTransmitter
    -------------------------------------------------------------------------
XDATA_I
  Relative segment, address: XDATA 00000320 - 0000032C (0xd bytes), align: 0
  Segment part 86.            Intra module refs:   appTransmitter
    -------------------------------------------------------------------------
XDATA_I
  Relative segment, address: XDATA 0000032D - 0000033E (0x12 bytes), align: 0
  Segment part 88.            Intra module refs:   appTransmitter
    -------------------------------------------------------------------------
XDATA_I
  Relative segment, address: XDATA 0000033F - 0000034A (0xc bytes), align: 0
  Segment part 90.            Intra module refs:   basicRfInit
                                                   basicRfRxFrmDoneIsr
           LOCAL                   ADDRESS         
           =====                   =======         
           rxi                     0000033F 
    -------------------------------------------------------------------------
XDATA_Z
  Relative segment, address: XDATA 00000101 - 00000107 (0x7 bytes), align: 0
  Segment part 92.            Intra module refs:   appTransmitter
                                                   basicRfInit
                                                   basicRfRxFrmDoneIsr
                                                   basicRfSendPacket
           LOCAL                   ADDRESS         
           =====                   =======         
           txState                 00000101 
    -------------------------------------------------------------------------
XDATA_Z
  Relative segment, address: XDATA 00000108 - 00000109 (0x2 bytes), align: 0
  Segment part 93.            Intra module refs:   ?Subroutine13
                                                   ?Subroutine3
                                                   basicRfInit
           LOCAL                   ADDRESS         
           =====                   =======         
           pConfig                 00000108 
    -------------------------------------------------------------------------
XDATA_Z
  Relative segment, address: XDATA 0000010A - 0000017C (0x73 bytes), align: 0
  Segment part 94.            Intra module refs:   basicRfSendPacket
           LOCAL                   ADDRESS         
           =====                   =======         
           txMpdu                  0000010A 
    -------------------------------------------------------------------------
XDATA_Z
  Relative segment, address: XDATA 0000017D - 000001FC (0x80 bytes), align: 0
  Segment part 95.            Intra module refs:   ?Subroutine0
                                                   basicRfRxFrmDoneIsr
           LOCAL                   ADDRESS         
           =====                   =======         
           rxMpdu                  0000017D 
    -------------------------------------------------------------------------
NEAR_CODE
  Relative segment, address: CODE 00000BD4 - 00000CAF (0xdc bytes), align: 0
  Segment part 131.           Intra module refs:   basicRfInit
           LOCAL                   ADDRESS         
           =====                   =======         
           basicRfRxFrmDoneIsr     00000BD4 
               calls direct, is indirectly called
               ISTACK = 00000000 ( 00000002 )
    -------------------------------------------------------------------------
NEAR_CODE
  Relative segment, address: CODE 00000CB0 - 00000CBD (0xe bytes), align: 0
  Segment part 132.           Intra module refs:   basicRfRxFrmDoneIsr
           LOCAL                   ADDRESS         
           =====                   =======         
           ?Subroutine0            00000CB0 
    -------------------------------------------------------------------------
NEAR_CODE
  Relative segment, address: CODE 00000CBE - 00000D45 (0x88 bytes), align: 0
  Segment part 133.           Intra module refs:   appTransmitter
           ENTRY                   ADDRESS         REF BY
           =====                   =======         ======
           basicRfInit             00000CBE 
               calls direct
               XSTACK = 00000013 ( 0000000B )
    -------------------------------------------------------------------------
NEAR_CODE
  Relative segment, address: CODE 00000D46 - 00000D4A (0x5 bytes), align: 0
  Segment part 134.           Intra module refs:   basicRfInit
                                                   utilMenuSelect
           LOCAL                   ADDRESS         
           =====                   =======         
           ?Subroutine20           00000D46 
    -------------------------------------------------------------------------
NEAR_CODE
  Relative segment, address: CODE 00000D4B - 00000E4D (0x103 bytes), align: 0
  Segment part 135.           Intra module refs:   appTransmitter
           ENTRY                   ADDRESS         REF BY
           =====                   =======         ======
           basicRfSendPacket       00000D4B 
               calls direct
               XSTACK = 00000013 ( 0000000A )
               ISTACK = 00000000 ( 00000001 )
    -------------------------------------------------------------------------
NEAR_CODE
  Relative segment, address: CODE 00000E4E - 00000E58 (0xb bytes), align: 0
  Segment part 136.           Intra module refs:   basicRfInit
                                                   basicRfSendPacket
           LOCAL                   ADDRESS         
           =====                   =======         
           ?Subroutine3            00000E4E 
    -------------------------------------------------------------------------
NEAR_CODE
  Relative segment, address: CODE 00000E59 - 00000E60 (0x8 bytes), align: 0
  Segment part 137.           Intra module refs:   basicRfSendPacket
           LOCAL                   ADDRESS         
           =====                   =======         
           ?Subroutine2            00000E59 
    -------------------------------------------------------------------------
NEAR_CODE
  Relative segment, address: CODE 00000E61 - 00000E68 (0x8 bytes), align: 0
  Segment part 138.           Intra module refs:   basicRfInit
                                                   basicRfSendPacket
           LOCAL                   ADDRESS         
           =====                   =======         
           ?Subroutine1            00000E61 
    -------------------------------------------------------------------------
NEAR_CODE
  Relative segment, address: CODE 00000E69 - 00000E6E (0x6 bytes), align: 0
  Segment part 139.           Intra module refs:   ?Subroutine1
                                                   ?Subroutine3
                                                   basicRfRxFrmDoneIsr
                                                   halLcdWriteLines
           LOCAL                   ADDRESS         
           =====                   =======         
           ?Subroutine14           00000E69 
    -------------------------------------------------------------------------
NEAR_CODE
  Relative segment, address: CODE 00000E6F - 00000E77 (0x9 bytes), align: 0
  Segment part 140.           Intra module refs:   ?Subroutine1
                                                   ?Subroutine2
           LOCAL                   ADDRESS         
           =====                   =======         
           ?Subroutine13           00000E6F 
    -------------------------------------------------------------------------
SFR_AN
  Relative segment, address: DATA 00000080 - 00000080 (0x1 bytes), align: 0
  Segment part 1. ROOT.       Intra module refs:   HalLcd_HW_Control
                                                   HalLcd_HW_Write
                                                   halButtonPushed
                                                   halLedClear
                                                   halLedToggle
                                                   main
           ENTRY                   ADDRESS         REF BY
           =====                   =======         ======
           _A_P0                   00000080 
    -------------------------------------------------------------------------
SFR_AN
  Relative segment, address: DATA 00000088 - 00000088 (0x1 bytes), align: 0
  Segment part 2. ROOT.       Intra module refs:   adcSampleSingle
           ENTRY                   ADDRESS         REF BY
           =====                   =======         ======
           _A_TCON                 00000088 
    -------------------------------------------------------------------------
SFR_AN
  Relative segment, address: DATA 00000089 - 00000089 (0x1 bytes), align: 0
  Segment part 3. ROOT.       Intra module refs:   port0_ISR
           ENTRY                   ADDRESS         REF BY
           =====                   =======         ======
           P0IFG                   00000089 
    -------------------------------------------------------------------------
SFR_AN
  Relative segment, address: DATA 0000008A - 0000008A (0x1 bytes), align: 0
  Segment part 4. ROOT.       Intra module refs:   port1_ISR
           ENTRY                   ADDRESS         REF BY
           =====                   =======         ======
           P1IFG                   0000008A 
    -------------------------------------------------------------------------
SFR_AN
  Relative segment, address: DATA 0000008B - 0000008B (0x1 bytes), align: 0
  Segment part 5. ROOT.       Intra module refs:   port2_ISR
           ENTRY                   ADDRESS         REF BY
           =====                   =======         ======
           P2IFG                   0000008B 
    -------------------------------------------------------------------------
SFR_AN
  Relative segment, address: DATA 0000008F - 0000008F (0x1 bytes), align: 0
  Segment part 6. ROOT.       Intra module refs:   halButtonPushed
                                                   main
           ENTRY                   ADDRESS         REF BY
           =====                   =======         ======
           P0INP                   0000008F 
    -------------------------------------------------------------------------
SFR_AN
  Relative segment, address: DATA 00000090 - 00000090 (0x1 bytes), align: 0
  Segment part 7. ROOT.       Intra module refs:   HalLcd_HW_Control
                                                   HalLcd_HW_Write
                                                   halLedClear
                                                   halLedToggle
                                                   main
           ENTRY                   ADDRESS         REF BY
           =====                   =======         ======
           _A_P1                   00000090 
    -------------------------------------------------------------------------
SFR_AN
  Relative segment, address: DATA 00000091 - 00000091 (0x1 bytes), align: 0
  Segment part 8. ROOT.       Intra module refs:   basicRfSendPacket
           ENTRY                   ADDRESS         REF BY
           =====                   =======         ======
           RFIRQF1                 00000091 
    -------------------------------------------------------------------------
SFR_AN
  Relative segment, address: DATA 0000009A - 0000009A (0x1 bytes), align: 0
  Segment part 9. ROOT.       Intra module refs:   halRfDisableRxInterrupt
                                                   halRfEnableRxInterrupt
           ENTRY                   ADDRESS         REF BY
           =====                   =======         ======
           IEN2                    0000009A 
    -------------------------------------------------------------------------
SFR_AN
  Relative segment, address: DATA 0000009B - 0000009B (0x1 bytes), align: 0
  Segment part 10. ROOT.      Intra module refs:   rfIsr
           ENTRY                   ADDRESS         REF BY
           =====                   =======         ======
           S1CON                   0000009B 
    -------------------------------------------------------------------------
SFR_AN
  Relative segment, address: DATA 0000009D - 0000009D (0x1 bytes), align: 0
  Segment part 11. ROOT.      Intra module refs:   clockSetMainSrc
           ENTRY                   ADDRESS         REF BY
           =====                   =======         ======
           SLEEPSTA                0000009D 
    -------------------------------------------------------------------------
SFR_AN
  Relative segment, address: DATA 0000009E - 0000009E (0x1 bytes), align: 0
  Segment part 12. ROOT.      Intra module refs:   clockSelect32k
                                                   clockSetMainSrc
           ENTRY                   ADDRESS         REF BY
           =====                   =======         ======
           CLKCONSTA               0000009E 
    -------------------------------------------------------------------------
SFR_AN
  Relative segment, address: DATA 000000A0 - 000000A0 (0x1 bytes), align: 0
  Segment part 13. ROOT.      Intra module refs:   halJoystickPushed
           ENTRY                   ADDRESS         REF BY
           =====                   =======         ======
           _A_P2                   000000A0 
    -------------------------------------------------------------------------
SFR_AN
  Relative segment, address: DATA 000000A8 - 000000A8 (0x1 bytes), align: 0
  Segment part 14. ROOT.      Intra module refs:   appTransmitter
                                                   basicRfInit
                                                   basicRfRxFrmDoneIsr
                                                   main
                                                   rfIsr
           ENTRY                   ADDRESS         REF BY
           =====                   =======         ======
           _A_IEN0                 000000A8 
    -------------------------------------------------------------------------
SFR_AN
  Relative segment, address: DATA 000000AF - 000000AF (0x1 bytes), align: 0
  Segment part 15. ROOT.      Intra module refs:   appTransmitter
           ENTRY                   ADDRESS         REF BY
           =====                   =======         ======
           T1STAT                  000000AF 
    -------------------------------------------------------------------------
SFR_AN
  Relative segment, address: DATA 000000B6 - 000000B6 (0x1 bytes), align: 0
  Segment part 16. ROOT.      Intra module refs:   adcSampleSingle
           ENTRY                   ADDRESS         REF BY
           =====                   =======         ======
           ADCCON3                 000000B6 
    -------------------------------------------------------------------------
SFR_AN
  Relative segment, address: DATA 000000B8 - 000000B8 (0x1 bytes), align: 0
  Segment part 17. ROOT.      Intra module refs:   appStartStop
                                                   appTransmitter
           ENTRY                   ADDRESS         REF BY
           =====                   =======         ======
           _A_IEN1                 000000B8 
    -------------------------------------------------------------------------
SFR_AN
  Relative segment, address: DATA 000000BA - 000000BA (0x1 bytes), align: 0
  Segment part 18. ROOT.      Intra module refs:   adcSampleSingle
           ENTRY                   ADDRESS         REF BY
           =====                   =======         ======
           ADCL                    000000BA 
    -------------------------------------------------------------------------
SFR_AN
  Relative segment, address: DATA 000000BB - 000000BB (0x1 bytes), align: 0
  Segment part 19. ROOT.      Intra module refs:   adcSampleSingle
           ENTRY                   ADDRESS         REF BY
           =====                   =======         ======
           ADCH                    000000BB 
    -------------------------------------------------------------------------
SFR_AN
  Relative segment, address: DATA 000000BE - 000000BE (0x1 bytes), align: 0
  Segment part 20. ROOT.      Intra module refs:   clockSetMainSrc
           ENTRY                   ADDRESS         REF BY
           =====                   =======         ======
           SLEEPCMD                000000BE 
    -------------------------------------------------------------------------
SFR_AN
  Relative segment, address: DATA 000000C0 - 000000C0 (0x1 bytes), align: 0
  Segment part 21. ROOT.      Intra module refs:   port0_ISR
           ENTRY                   ADDRESS         REF BY
           =====                   =======         ======
           _A_IRCON                000000C0 
    -------------------------------------------------------------------------
SFR_AN
  Relative segment, address: DATA 000000C6 - 000000C6 (0x1 bytes), align: 0
  Segment part 22. ROOT.      Intra module refs:   clockSelect32k
                                                   clockSetMainSrc
           ENTRY                   ADDRESS         REF BY
           =====                   =======         ======
           CLKCONCMD               000000C6 
    -------------------------------------------------------------------------
SFR_AN
  Relative segment, address: DATA 000000D9 - 000000D9 (0x1 bytes), align: 0
  Segment part 23. ROOT.      Intra module refs:   basicRfSendPacket
                                                   halRfReadRxBuf
           ENTRY                   ADDRESS         REF BY
           =====                   =======         ======
           RFD                     000000D9 
    -------------------------------------------------------------------------
SFR_AN
  Relative segment, address: DATA 000000DA - 000000DA (0x1 bytes), align: 0
  Segment part 24. ROOT.      Intra module refs:   appTransmitter
           ENTRY                   ADDRESS         REF BY
           =====                   =======         ======
           T1CC0L                  000000DA 
    -------------------------------------------------------------------------
SFR_AN
  Relative segment, address: DATA 000000DB - 000000DB (0x1 bytes), align: 0
  Segment part 25. ROOT.      Intra module refs:   appTransmitter
           ENTRY                   ADDRESS         REF BY
           =====                   =======         ======
           T1CC0H                  000000DB 
    -------------------------------------------------------------------------
SFR_AN
  Relative segment, address: DATA 000000E1 - 000000E1 (0x1 bytes), align: 0
  Segment part 26. ROOT.      Intra module refs:   appTransmitter
                                                   basicRfSendPacket
           ENTRY                   ADDRESS         REF BY
           =====                   =======         ======
           RFST                    000000E1 
    -------------------------------------------------------------------------
SFR_AN
  Relative segment, address: DATA 000000E4 - 000000E4 (0x1 bytes), align: 0
  Segment part 27. ROOT.      Intra module refs:   appStartStop
                                                   appTransmitter
           ENTRY                   ADDRESS         REF BY
           =====                   =======         ======
           T1CTL                   000000E4 
    -------------------------------------------------------------------------
SFR_AN
  Relative segment, address: DATA 000000E5 - 000000E5 (0x1 bytes), align: 0
  Segment part 28. ROOT.      Intra module refs:   appTransmitter
           ENTRY                   ADDRESS         REF BY
           =====                   =======         ======
           T1CCTL0                 000000E5 
    -------------------------------------------------------------------------
SFR_AN
  Relative segment, address: DATA 000000E8 - 000000E8 (0x1 bytes), align: 0
  Segment part 29. ROOT.      Intra module refs:   port1_ISR
                                                   port2_ISR
           ENTRY                   ADDRESS         REF BY
           =====                   =======         ======
           _A_IRCON2               000000E8 
    -------------------------------------------------------------------------
SFR_AN
  Relative segment, address: DATA 000000E9 - 000000E9 (0x1 bytes), align: 0
  Segment part 30. ROOT.      Intra module refs:   rfIsr
           ENTRY                   ADDRESS         REF BY
           =====                   =======         ======
           RFIRQF0                 000000E9 
    -------------------------------------------------------------------------
SFR_AN
  Relative segment, address: DATA 000000F2 - 000000F2 (0x1 bytes), align: 0
  Segment part 31. ROOT.      Intra module refs:   adcSampleSingle
           ENTRY                   ADDRESS         REF BY
           =====                   =======         ======
           ADCCFG                  000000F2 
    -------------------------------------------------------------------------
SFR_AN
  Relative segment, address: DATA 000000F3 - 000000F3 (0x1 bytes), align: 0
  Segment part 32. ROOT.      Intra module refs:   appTransmitter
                                                   halButtonPushed
                                                   main
           ENTRY                   ADDRESS         REF BY
           =====                   =======         ======
           P0SEL                   000000F3 
    -------------------------------------------------------------------------
SFR_AN
  Relative segment, address: DATA 000000F5 - 000000F5 (0x1 bytes), align: 0
  Segment part 33. ROOT.      Intra module refs:   appTransmitter
                                                   main
           ENTRY                   ADDRESS         REF BY
           =====                   =======         ======
           P2SEL                   000000F5 
    -------------------------------------------------------------------------
SFR_AN
  Relative segment, address: DATA 000000F7 - 000000F7 (0x1 bytes), align: 0
  Segment part 34. ROOT.      Intra module refs:   appTransmitter
                                                   halButtonPushed
                                                   main
           ENTRY                   ADDRESS         REF BY
           =====                   =======         ======
           P2INP                   000000F7 
    -------------------------------------------------------------------------
SFR_AN
  Relative segment, address: DATA 000000F8 - 000000F8 (0x1 bytes), align: 0
  Segment part 35. ROOT.      Intra module refs:   HalLcd_HW_Control
                                                   HalLcd_HW_Write
           ENTRY                   ADDRESS         REF BY
           =====                   =======         ======
           _A_U1CSR                000000F8 
    -------------------------------------------------------------------------
SFR_AN
  Relative segment, address: DATA 000000F9 - 000000F9 (0x1 bytes), align: 0
  Segment part 36. ROOT.      Intra module refs:   HalLcd_HW_Control
                                                   HalLcd_HW_Write
           ENTRY                   ADDRESS         REF BY
           =====                   =======         ======
           U1DBUF                  000000F9 
    -------------------------------------------------------------------------
SFR_AN
  Relative segment, address: DATA 000000FD - 000000FD (0x1 bytes), align: 0
  Segment part 37. ROOT.      Intra module refs:   halButtonPushed
                                                   main
           ENTRY                   ADDRESS         REF BY
           =====                   =======         ======
           P0DIR                   000000FD 
    -------------------------------------------------------------------------
SFR_AN
  Relative segment, address: DATA 000000FE - 000000FE (0x1 bytes), align: 0
  Segment part 38. ROOT.      Intra module refs:   main
           ENTRY                   ADDRESS         REF BY
           =====                   =======         ======
           P1DIR                   000000FE 
    -------------------------------------------------------------------------
SFR_AN
  Relative segment, address: DATA 000000FF - 000000FF (0x1 bytes), align: 0
  Segment part 39. ROOT.      Intra module refs:   appTransmitter
                                                   main
           ENTRY                   ADDRESS         REF BY
           =====                   =======         ======
           P2DIR                   000000FF 
    -------------------------------------------------------------------------
NEAR_CODE
  Relative segment, address: CODE 00000E78 - 00000EBA (0x43 bytes), align: 0
  Segment part 141.           Intra module refs:   halJoystickGetDir
                                                   halJoystickPushed
           ENTRY                   ADDRESS         REF BY
           =====                   =======         ======
           adcSampleSingle         00000E78 
               XSTACK = 00000009 ( 00000000 )
               ISTACK = 00000000 ( 00000002 )
    -------------------------------------------------------------------------
NEAR_CODE
  Relative segment, address: CODE 00000EBB - 00000EEE (0x34 bytes), align: 0
  Segment part 142.           Intra module refs:   main
           ENTRY                   ADDRESS         REF BY
           =====                   =======         ======
           clockSetMainSrc         00000EBB 
    -------------------------------------------------------------------------
NEAR_CODE
  Relative segment, address: CODE 00000EEF - 00000F14 (0x26 bytes), align: 0
  Segment part 143.           Intra module refs:   main
           ENTRY                   ADDRESS         REF BY
           =====                   =======         ======
           clockSelect32k          00000EEF 
    -------------------------------------------------------------------------
NEAR_CODE
  Relative segment, address: CODE 00000F15 - 00000F45 (0x31 bytes), align: 0
  Segment part 144.           Intra module refs:   basicRfSendPacket
                                                   halJoystickPushed
                                                   halMcuWaitMs
           ENTRY                   ADDRESS         REF BY
           =====                   =======         ======
           halMcuWaitUs            00000F15 
               XSTACK = 0000000A ( 00000000 )
    -------------------------------------------------------------------------
NEAR_CODE
  Relative segment, address: CODE 00000F46 - 00000F72 (0x2d bytes), align: 0
  Segment part 145.           Intra module refs:   halAssertHandler
                                                   halJoystickPushed
           ENTRY                   ADDRESS         REF BY
           =====                   =======         ======
           halMcuWaitMs            00000F46 
               calls direct
               XSTACK = 00000009 ( 00000008 )
    -------------------------------------------------------------------------
XDATA_I
  Relative segment, address: XDATA 0000034B - 00000353 (0x9 bytes), align: 0
  Segment part 96.            Intra module refs:   Segment part 99
           LOCAL                   ADDRESS         
           =====                   =======         
           pPowerSettings          0000034B 
    -------------------------------------------------------------------------
XDATA_I
  Relative segment, address: XDATA 00000354 - 00000356 (0x3 bytes), align: 0
  Segment part 98.            Intra module refs:   appTransmitter
           ENTRY                   ADDRESS         REF BY
           =====                   =======         ======
           powerMenu               00000354 
    -------------------------------------------------------------------------
XDATA_Z
  Relative segment, address: XDATA 000001FD - 000001FE (0x2 bytes), align: 0
  Segment part 100.           Intra module refs:   basicRfInit
                                                   rfIsr
           LOCAL                   ADDRESS         
           =====                   =======         
           pfISR                   000001FD 
    -------------------------------------------------------------------------
NEAR_CODE
  Relative segment, address: CODE 00000F73 - 00000F96 (0x24 bytes), align: 0
  Segment part 146.           Intra module refs:   basicRfInit
                                                   main
           ENTRY                   ADDRESS         REF BY
           =====                   =======         ======
           halRfInit               00000F73 
               calls direct
               XSTACK = 0000000B ( 00000000 )
               ISTACK = 00000000 ( 00000002 )
    -------------------------------------------------------------------------
NEAR_CODE
  Relative segment, address: CODE 00000F97 - 00000FAF (0x19 bytes), align: 0
  Segment part 147.           Intra module refs:   ?Subroutine0
                                                   basicRfRxFrmDoneIsr
           ENTRY                   ADDRESS         REF BY
           =====                   =======         ======
           halRfReadRxBuf          00000F97 
               ISTACK = 00000000 ( 00000003 )
    -------------------------------------------------------------------------
NEAR_CODE
  Relative segment, address: CODE 00000FB0 - 00000FC0 (0x11 bytes), align: 0
  Segment part 148.           Intra module refs:   basicRfRxFrmDoneIsr
                                                   basicRfSendPacket
           ENTRY                   ADDRESS         REF BY
           =====                   =======         ======
           halRfDisableRxInterrupt
                                   00000FB0 
               XSTACK = 0000000A ( 00000000 )
               ISTACK = 00000000 ( 00000002 )
    -------------------------------------------------------------------------
NEAR_CODE
  Relative segment, address: CODE 00000FC1 - 00000FD1 (0x11 bytes), align: 0
  Segment part 149.           Intra module refs:   basicRfRxFrmDoneIsr
                                                   basicRfSendPacket
                                                   halRfInit
           ENTRY                   ADDRESS         REF BY
           =====                   =======         ======
           halRfEnableRxInterrupt
                                   00000FC1 
               XSTACK = 0000000A ( 00000000 )
               ISTACK = 00000000 ( 00000002 )
    -------------------------------------------------------------------------
NEAR_CODE
  Relative segment, address: CODE 00000FD2 - 00001004 (0x33 bytes), align: 0
  Segment part 150.           Intra module refs:   rfIsr::??INTVEC 131
           ENTRY                   ADDRESS         REF BY
           =====                   =======         ======
           rfIsr                   00000FD2 
               interrupt function
               ISTACK = 00000000 ( 0000000F )
    -------------------------------------------------------------------------
NEAR_CODE
  Relative segment, address: CODE 00001005 - 00001009 (0x5 bytes), align: 0
  Segment part 151.           Intra module refs:   T1_ISR
                                                   rfIsr
           LOCAL                   ADDRESS         
           =====                   =======         
           ?Subroutine21           00001005 
    -------------------------------------------------------------------------
XDATA_Z
  Relative segment, address: XDATA 000001FF - 00000200 (0x2 bytes), align: 0
  Segment part 101.           Intra module refs:   T1_ISR
                                                   appTransmitter
           LOCAL                   ADDRESS         
           =====                   =======         
           fptr                    000001FF 
    -------------------------------------------------------------------------
NEAR_CODE
  Relative segment, address: CODE 0000100A - 00001025 (0x1c bytes), align: 0
  Segment part 152.           Intra module refs:   T1_ISR::??INTVEC 75
           ENTRY                   ADDRESS         REF BY
           =====                   =======         ======
           T1_ISR                  0000100A 
               interrupt function
               ISTACK = 00000000 ( 0000000F )
    -------------------------------------------------------------------------
CODE_C
  Relative segment, address: CODE 000005D4 - 00000BD3 (0x600 bytes), align: 0
  Segment part 102.           Intra module refs:   ?Subroutine16
           ENTRY                   ADDRESS         REF BY
           =====                   =======         ======
           ASCIITAB                000005D4 
    -------------------------------------------------------------------------
XDATA_Z
  Relative segment, address: XDATA 00000201 - 00000210 (0x10 bytes), align: 0
  Segment part 103.           Intra module refs:   ?Subroutine11
                                                   halLcdWriteLine
           LOCAL                   ADDRESS         
           =====                   =======         
           pLcdLineBuffer          00000201 
    -------------------------------------------------------------------------
NEAR_CODE
  Relative segment, address: CODE 00001026 - 00001031 (0xc bytes), align: 0
  Segment part 153.           Intra module refs:   SET_DDRAM_ADDR
           LOCAL                   ADDRESS         
           =====                   =======         
           HalLcd_HW_Control       00001026 
    -------------------------------------------------------------------------
NEAR_CODE
  Relative segment, address: CODE 00001032 - 00001038 (0x7 bytes), align: 0
  Segment part 154.           Intra module refs:   HalLcd_HW_Control
                                                   HalLcd_HW_Write
           LOCAL                   ADDRESS         
           =====                   =======         
           ?Subroutine18           00001032 
    -------------------------------------------------------------------------
NEAR_CODE
  Relative segment, address: CODE 00001039 - 00001046 (0xe bytes), align: 0
  Segment part 155.           Intra module refs:   ?Subroutine16
                                                   halLcdClear
           LOCAL                   ADDRESS         
           =====                   =======         
           HalLcd_HW_Write         00001039 
               XSTACK = 00000011 ( 00000000 )
    -------------------------------------------------------------------------
NEAR_CODE
  Relative segment, address: CODE 00001047 - 000010FC (0xb6 bytes), align: 0
  Segment part 156.           Intra module refs:   halLcdWriteLine
           LOCAL                   ADDRESS         
           =====                   =======         
           lcdWriteLine            00001047 
               calls direct
               XSTACK = 00000009 ( 00000011 )
    -------------------------------------------------------------------------
NEAR_CODE
  Relative segment, address: CODE 000010FD - 00001104 (0x8 bytes), align: 0
  Segment part 157.           Intra module refs:   convInt32ToText
                                                   lcdWriteLine
           LOCAL                   ADDRESS         
           =====                   =======         
           ?Subroutine22           000010FD 
    -------------------------------------------------------------------------
NEAR_CODE
  Relative segment, address: CODE 00001105 - 0000110F (0xb bytes), align: 0
  Segment part 158.           Intra module refs:   lcdWriteLine
           LOCAL                   ADDRESS         
           =====                   =======         
           ?Subroutine7            00001105 
    -------------------------------------------------------------------------
NEAR_CODE
  Relative segment, address: CODE 00001110 - 0000111A (0xb bytes), align: 0
  Segment part 159.           Intra module refs:   ?Subroutine7
                                                   halLcdWriteChar
    -------------------------------------------------------------------------
XDATA_Z
  Relative segment, address: XDATA 00000211 - 00000220 (0x10 bytes), align: 0
  Segment part 104.           Intra module refs:   port0_ISR
           LOCAL                   ADDRESS         
           =====                   =======         
           port0_isr_tbl           00000211 
    -------------------------------------------------------------------------
XDATA_Z
  Relative segment, address: XDATA 00000221 - 00000230 (0x10 bytes), align: 0
  Segment part 105.           Intra module refs:   port1_ISR
           LOCAL                   ADDRESS         
           =====                   =======         
           port1_isr_tbl           00000221 
    -------------------------------------------------------------------------
XDATA_Z
  Relative segment, address: XDATA 00000231 - 0000023A (0xa bytes), align: 0
  Segment part 106.           Intra module refs:   port2_ISR
           LOCAL                   ADDRESS         
           =====                   =======         
           port2_isr_tbl           00000231 
    -------------------------------------------------------------------------
NEAR_CODE
  Relative segment, address: CODE 0000111B - 0000111C (0x2 bytes), align: 0
  Segment part 160.           Intra module refs:   port0_ISR
                                                   port1_ISR
                                                   port2_ISR
           LOCAL                   ADDRESS         
           =====                   =======         
           ?Subroutine4            0000111B 
    -------------------------------------------------------------------------
NEAR_CODE
  Relative segment, address: CODE 0000111D - 00001120 (0x4 bytes), align: 0
  Segment part 161.           Intra module refs:   ?Subroutine4
                                                   T1_ISR
                                                   basicRfInit
                                                   lcdWriteLine
                                                   rfIsr
    -------------------------------------------------------------------------
NEAR_CODE
  Relative segment, address: CODE 00001121 - 00001124 (0x4 bytes), align: 0
  Segment part 162.           Intra module refs:   ?Subroutine3
                                                   Segment part 161
           LOCAL                   ADDRESS         
           =====                   =======         
           ?Subroutine15           00001121 
    -------------------------------------------------------------------------
NEAR_CODE
  Relative segment, address: CODE 00001125 - 0000112D (0x9 bytes), align: 0
  Segment part 163.           Intra module refs:   ?Subroutine13
                                                   ?Subroutine15
           LOCAL                   ADDRESS         
           =====                   =======         
           ?Subroutine17           00001125 
    -------------------------------------------------------------------------
NEAR_CODE
  Relative segment, address: CODE 0000112E - 0000114E (0x21 bytes), align: 0
  Segment part 164.           Intra module refs:   halLcdClear
                                                   halLcdWriteChar
                                                   lcdWriteLine
           LOCAL                   ADDRESS         
           =====                   =======         
           SET_DDRAM_ADDR          0000112E 
               calls direct
               XSTACK = 00000011 ( 00000000 )
               ISTACK = 00000000 ( 00000001 )
    -------------------------------------------------------------------------
NEAR_CODE
  Relative segment, address: CODE 0000114F - 00001171 (0x23 bytes), align: 0
  Segment part 165.           Intra module refs:   appTransmitter
           ENTRY                   ADDRESS         REF BY
           =====                   =======         ======
           halLcdClear             0000114F 
               calls direct
               XSTACK = 00000013 ( 00000008 )
    -------------------------------------------------------------------------
NEAR_CODE
  Relative segment, address: CODE 00001172 - 00001176 (0x5 bytes), align: 0
  Segment part 166.           Intra module refs:   halLcdClear
                                                   halLcdWriteLines
           LOCAL                   ADDRESS         
           =====                   =======         
           ?Subroutine23           00001172 
    -------------------------------------------------------------------------
NEAR_CODE
  Relative segment, address: CODE 00001177 - 000011FF (0x89 bytes), align: 0
  Segment part 167.           Intra module refs:   utilMenuSelect
           ENTRY                   ADDRESS         REF BY
           =====                   =======         ======
           halLcdWriteChar         00001177 
               calls direct
               XSTACK = 0000000B ( 0000000D )
    -------------------------------------------------------------------------
NEAR_CODE
  Relative segment, address: CODE 00001200 - 00001211 (0x12 bytes), align: 0
  Segment part 168.           Intra module refs:   Segment part 159
                                                   halLcdWriteChar
           LOCAL                   ADDRESS         
           =====                   =======         
           ?Subroutine16           00001200 
    -------------------------------------------------------------------------
NEAR_CODE
  Relative segment, address: CODE 00001212 - 00001215 (0x4 bytes), align: 0
  Segment part 169.           Intra module refs:   halLcdWriteChar
                                                   lcdWriteLine
           LOCAL                   ADDRESS         
           =====                   =======         
           ?Subroutine8            00001212 
    -------------------------------------------------------------------------
NEAR_CODE
  Relative segment, address: CODE 00001216 - 0000121E (0x9 bytes), align: 0
  Segment part 170.           Intra module refs:   ?Subroutine8
                                                   halLcdWriteChar
                                                   lcdWriteLine
    -------------------------------------------------------------------------
NEAR_CODE
  Relative segment, address: CODE 0000121F - 00001259 (0x3b bytes), align: 0
  Segment part 171.           Intra module refs:   appTransmitter
                                                   halLcdWriteLines
                                                   utilLcdDisplayValue
                                                   utilMenuSelect
           ENTRY                   ADDRESS         REF BY
           =====                   =======         ======
           halLcdWriteLine         0000121F 
               calls direct
               XSTACK = 00000013 ( 00000009 )
               ISTACK = 00000000 ( 00000001 )
    -------------------------------------------------------------------------
NEAR_CODE
  Relative segment, address: CODE 0000125A - 0000125E (0x5 bytes), align: 0
  Segment part 172.           Intra module refs:   halJoystickGetDir
                                                   halJoystickPushed
                                                   halLcdWriteLine
           LOCAL                   ADDRESS         
           =====                   =======         
           ?Subroutine24           0000125A 
    -------------------------------------------------------------------------
NEAR_CODE
  Relative segment, address: CODE 0000125F - 0000126C (0xe bytes), align: 0
  Segment part 173.           Intra module refs:   halLcdWriteLine
           LOCAL                   ADDRESS         
           =====                   =======         
           ?Subroutine11           0000125F 
    -------------------------------------------------------------------------
NEAR_CODE
  Relative segment, address: CODE 0000126D - 000012AF (0x43 bytes), align: 0
  Segment part 174.           Intra module refs:   appTransmitter
           ENTRY                   ADDRESS         REF BY
           =====                   =======         ======
           halLcdWriteLines        0000126D 
               calls direct
               XSTACK = 00000015 ( 00000008 )
    -------------------------------------------------------------------------
NEAR_CODE
  Relative segment, address: CODE 000012B0 - 000012CC (0x1d bytes), align: 0
  Segment part 175.           Intra module refs:   appTransmitter
                                                   main
           ENTRY                   ADDRESS         REF BY
           =====                   =======         ======
           halAssertHandler        000012B0 
               calls direct
               XSTACK = 00000013 ( 00000000 )
    -------------------------------------------------------------------------
NEAR_CODE
  Relative segment, address: CODE 000012CD - 00001309 (0x3d bytes), align: 0
  Segment part 176.           Intra module refs:   main
                                                   utilMenuSelect
           ENTRY                   ADDRESS         REF BY
           =====                   =======         ======
           halButtonPushed         000012CD 
               XSTACK = 0000000B ( 00000000 )
               ISTACK = 00000000 ( 00000002 )
    -------------------------------------------------------------------------
NEAR_CODE
  Relative segment, address: CODE 0000130A - 0000130E (0x5 bytes), align: 0
  Segment part 177.           Intra module refs:   appStartStop
                                                   appTimerISR
                                                   basicRfRxFrmDoneIsr
                                                   halButtonPushed
                                                   halLedClear
                                                   halLedToggle
                                                   halRfDisableRxInterrupt
                                                   halRfEnableRxInterrupt
                                                   halRfInit
                                                   halRfReadRxBuf
           LOCAL                   ADDRESS         
           =====                   =======         
           ?Subroutine19           0000130A 
    -------------------------------------------------------------------------
NEAR_CODE
  Relative segment, address: CODE 0000130F - 00001363 (0x55 bytes), align: 0
  Segment part 178.           Intra module refs:   port0_ISR::??INTVEC 107
           ENTRY                   ADDRESS         REF BY
           =====                   =======         ======
           port0_ISR               0000130F 
               interrupt function
               ISTACK = 00000000 ( 00000010 )
    -------------------------------------------------------------------------
NEAR_CODE
  Relative segment, address: CODE 00001364 - 00001368 (0x5 bytes), align: 0
  Segment part 179.           Intra module refs:   port0_ISR
                                                   port1_ISR
                                                   port2_ISR
           LOCAL                   ADDRESS         
           =====                   =======         
           ?Subroutine25           00001364 
    -------------------------------------------------------------------------
NEAR_CODE
  Relative segment, address: CODE 00001369 - 000013BF (0x57 bytes), align: 0
  Segment part 180.           Intra module refs:   port1_ISR::??INTVEC 123
           ENTRY                   ADDRESS         REF BY
           =====                   =======         ======
           port1_ISR               00001369 
               interrupt function
               ISTACK = 00000000 ( 00000010 )
    -------------------------------------------------------------------------
NEAR_CODE
  Relative segment, address: CODE 000013C0 - 00001417 (0x58 bytes), align: 0
  Segment part 181.           Intra module refs:   port2_ISR::??INTVEC 51
           ENTRY                   ADDRESS         REF BY
           =====                   =======         ======
           port2_ISR               000013C0 
               interrupt function
               ISTACK = 00000000 ( 00000010 )
    -------------------------------------------------------------------------
NEAR_CODE
  Relative segment, address: CODE 00001418 - 0000146D (0x56 bytes), align: 0
  Segment part 182.           Intra module refs:   appTransmitter
           ENTRY                   ADDRESS         REF BY
           =====                   =======         ======
           halJoystickPushed       00001418 
               calls direct
               XSTACK = 00000013 ( 00000009 )
    -------------------------------------------------------------------------
XDATA_Z
  Relative segment, address: XDATA 0000023B - 0000023B (0x1 bytes), align: 0
  Segment part 107.           Intra module refs:   halJoystickPushed
           LOCAL                   ADDRESS         
           =====                   =======         
           halJoystickPushed::prevValue
                                   0000023B 
    -------------------------------------------------------------------------
NEAR_CODE
  Relative segment, address: CODE 0000146E - 000014BF (0x52 bytes), align: 0
  Segment part 183.           Intra module refs:   utilMenuSelect
           ENTRY                   ADDRESS         REF BY
           =====                   =======         ======
           halJoystickGetDir       0000146E 
               calls direct
               XSTACK = 0000000B ( 00000009 )
    -------------------------------------------------------------------------
XDATA_Z
  Relative segment, address: XDATA 0000023C - 0000023C (0x1 bytes), align: 0
  Segment part 108.           Intra module refs:   halButtonPushed
                                                   halLedClear
                                                   halLedToggle
           ENTRY                   ADDRESS         REF BY
           =====                   =======         ======
           led4State               0000023C 
    -------------------------------------------------------------------------
NEAR_CODE
  Relative segment, address: CODE 000014C0 - 000014E9 (0x2a bytes), align: 0
  Segment part 184.           Intra module refs:   appTransmitter
                                                   main
           ENTRY                   ADDRESS         REF BY
           =====                   =======         ======
           halLedClear             000014C0 
               XSTACK = 00000013 ( 00000000 )
               ISTACK = 00000000 ( 00000002 )
    -------------------------------------------------------------------------
NEAR_CODE
  Relative segment, address: CODE 000014EA - 0000151F (0x36 bytes), align: 0
  Segment part 185.           Intra module refs:   appTransmitter
                                                   halAssertHandler
           ENTRY                   ADDRESS         REF BY
           =====                   =======         ======
           halLedToggle            000014EA 
               XSTACK = 00000013 ( 00000000 )
               ISTACK = 00000000 ( 00000002 )
    -------------------------------------------------------------------------
NEAR_CODE
  Relative segment, address: CODE 00001520 - 00001630 (0x111 bytes), align: 0
  Segment part 186.           Intra module refs:   utilLcdDisplayValue
           ENTRY                   ADDRESS         REF BY
           =====                   =======         ======
           convInt32ToText         00001520 
               XSTACK = 0000000E ( 00000014 )
               ISTACK = 00000000 ( 00000002 )
    -------------------------------------------------------------------------
NEAR_CODE
  Relative segment, address: CODE 00001631 - 0000163E (0xe bytes), align: 0
  Segment part 187.           Intra module refs:   convInt32ToText
           LOCAL                   ADDRESS         
           =====                   =======         
           ?Subroutine6            00001631 
    -------------------------------------------------------------------------
XDATA_Z
  Relative segment, address: XDATA 0000023D - 00000248 (0xc bytes), align: 0
  Segment part 109.           Intra module refs:   convInt32ToText
           LOCAL                   ADDRESS         
           =====                   =======         
           convInt32ToText::pValueToTextBuffer
                                   0000023D 
    -------------------------------------------------------------------------
XDATA_Z
  Relative segment, address: XDATA 00000249 - 00000258 (0x10 bytes), align: 0
  Segment part 110.           Intra module refs:   ?Subroutine9
                                                   utilLcdDisplayValue
           LOCAL                   ADDRESS         
           =====                   =======         
           pLcdLineBuffer          00000249 
    -------------------------------------------------------------------------
NEAR_CODE
  Relative segment, address: CODE 0000163F - 000016F5 (0xb7 bytes), align: 0
  Segment part 188.           Intra module refs:   appTransmitter
           ENTRY                   ADDRESS         REF BY
           =====                   =======         ======
           utilMenuSelect          0000163F 
               calls direct
               XSTACK = 00000013 ( 0000000B )
               ISTACK = 00000000 ( 00000001 )
    -------------------------------------------------------------------------
NEAR_CODE
  Relative segment, address: CODE 000016F6 - 0000170D (0x18 bytes), align: 0
  Segment part 189.           Intra module refs:   utilMenuSelect
           LOCAL                   ADDRESS         
           =====                   =======         
           ?Subroutine5            000016F6 
    -------------------------------------------------------------------------
NEAR_CODE
[...]
                                                   convInt32ToText (basic_rf)
                                                   utilLcdDisplayValue (basic_rf)

    -------------------------------------------------------------------------
  LIBRARY MODULE, NAME : ?L_MOV_TO_X

  SEGMENTS IN THE MODULE
  ======================
RCODE
  Relative segment, address: CODE 00000363 - 00000371 (0xf bytes), align: 0
  Segment part 2.
           ENTRY                   ADDRESS         REF BY
           =====                   =======         ======
           ?L_MOV_TO_X             00000363        appTransmitter (basic_rf)
                                                   basicRfInit (basic_rf)
                                                   convInt32ToText (basic_rf)

    -------------------------------------------------------------------------
  LIBRARY MODULE, NAME : ?MOVE_LONG8_XDATA_IDATA

  SEGMENTS IN THE MODULE
  ======================
RCODE
  Relative segment, address: CODE 00000372 - 0000037E (0xd bytes), align: 0
  Segment part 0.
           ENTRY                   ADDRESS         REF BY
           =====                   =======         ======
           ?MOVE_LONG8_XDATA_IDATA
                                   00000372        ?PUSH_XSTACK_I (?PUSH_XSTACK_I)

    -------------------------------------------------------------------------
  LIBRARY MODULE, NAME : ?S_DIV_MOD

  SEGMENTS IN THE MODULE
  ======================
RCODE
  Relative segment, address: CODE 0000037F - 000003D7 (0x59 bytes), align: 0
  Segment part 1.
           ENTRY                   ADDRESS         REF BY
           =====                   =======         ======
           ?US_DIV_MOD             0000037F        appTransmitter (basic_rf)

    -------------------------------------------------------------------------
  LIBRARY MODULE, NAME : ?S_SHL

  SEGMENTS IN THE MODULE
  ======================
RCODE
  Relative segment, address: CODE 000003D8 - 000003DA (0x3 bytes), align: 0
  Segment part 0.
           ENTRY                   ADDRESS         REF BY
           =====                   =======         ======
           ?S_SHL                  000003D8        adcSampleSingle (basic_rf)
                                                   appTransmitter (basic_rf)
                                                   halLcdWriteChar (basic_rf)
                                                   lcdWriteLine (basic_rf)
                                                   port0_ISR (basic_rf)
                                                   port1_ISR (basic_rf)
                                                   port2_ISR (basic_rf)
    -------------------------------------------------------------------------
RCODE
  Relative segment, address: CODE 000003DB - 000003DD (0x3 bytes), align: 0
  Segment part 1.             Intra module refs:   Segment part 2
           ENTRY                   ADDRESS         REF BY
           =====                   =======         ======
           ?S_SHL_REW              000003DB 
    -------------------------------------------------------------------------
RCODE
  Relative segment, address: CODE 000003DE - 000003EA (0xd bytes), align: 0
  Segment part 2.             Intra module refs:   ?S_SHL
                                                   ?S_SHL_REW

    -------------------------------------------------------------------------
  LIBRARY MODULE, NAME : ?ALLOC_XSTACK8

  SEGMENTS IN THE MODULE
  ======================
RCODE
  Relative segment, address: CODE 000003EB - 00000400 (0x16 bytes), align: 0
  Segment part 0.
           ENTRY                   ADDRESS         REF BY
           =====                   =======         ======
           ?ALLOC_XSTACK8          000003EB        appTransmitter (basic_rf)
                                                   convInt32ToText (basic_rf)
                                                   lcdWriteLine (basic_rf)

    -------------------------------------------------------------------------
  LIBRARY MODULE, NAME : ?DEALLOC_XSTACK8

  SEGMENTS IN THE MODULE
  ======================
RCODE
  Relative segment, address: CODE 00000401 - 0000041A (0x1a bytes), align: 0
  Segment part 0.
           ENTRY                   ADDRESS         REF BY
           =====                   =======         ======
           ?DEALLOC_XSTACK8        00000401        ?Subroutine22 (basic_rf)
                                                   appTransmitter (basic_rf)

    -------------------------------------------------------------------------
  LIBRARY MODULE, NAME : ?ADD_XSTACK_DISP8

  SEGMENTS IN THE MODULE
  ======================
RCODE
  Relative segment, address: CODE 0000041B - 00000435 (0x1b bytes), align: 0
  Segment part 1.
           ENTRY                   ADDRESS         REF BY
           =====                   =======         ======
           ?ADD_XSTACK_DISP0_8     0000041B        ?PUSH_XSTACK_I (?PUSH_XSTACK_I)

    -------------------------------------------------------------------------
  LIBRARY MODULE, NAME : ?XSTACK_DISP8

  SEGMENTS IN THE MODULE
  ======================
RCODE
  Relative segment, address: CODE 00000436 - 0000043F (0xa bytes), align: 0
  Segment part 1.
           ENTRY                   ADDRESS         REF BY
           =====                   =======         ======
           ?XSTACK_DISP0_8         00000436        convInt32ToText (basic_rf)
                                                   halLcdWriteLines (basic_rf)
                                                   utilLcdDisplayValue (basic_rf)

    -------------------------------------------------------------------------
  LIBRARY MODULE, NAME : ?CALL_IND

  SEGMENTS IN THE MODULE
  ======================
RCODE
  Relative segment, address: CODE 00000440 - 00000441 (0x2 bytes), align: 0
  Segment part 0.
           ENTRY                   ADDRESS         REF BY
           =====                   =======         ======
           ?CALL_IND               00000440        T1_ISR (basic_rf)
                                                   port0_ISR (basic_rf)
                                                   port1_ISR (basic_rf)
                                                   port2_ISR (basic_rf)
                                                   rfIsr (basic_rf)

    -------------------------------------------------------------------------
  LIBRARY MODULE, NAME : ?FUNC_ENTER_XDATA

  SEGMENTS IN THE MODULE
  ======================
RCODE
  Relative segment, address: CODE 00000442 - 000004A1 (0x60 bytes), align: 0
  Segment part 1.
           ENTRY                   ADDRESS         REF BY
           =====                   =======         ======
           ?FUNC_ENTER_XDATA       00000442        appTransmitter (basic_rf)
                                                   basicRfInit (basic_rf)
                                                   basicRfSendPacket (basic_rf)
                                                   convInt32ToText (basic_rf)
                                                   halJoystickGetDir (basic_rf)
                                                   halJoystickPushed (basic_rf)
                                                   halLcdClear (basic_rf)
                                                   halLcdWriteChar (basic_rf)
                                                   halLcdWriteLine (basic_rf)
                                                   halLcdWriteLines (basic_rf)
                                                   halMcuWaitMs (basic_rf)
                                                   lcdWriteLine (basic_rf)
                                                   utilLcdDisplayValue (basic_rf)
                                                   utilMenuSelect (basic_rf)

    -------------------------------------------------------------------------
  LIBRARY MODULE, NAME : ?FUNC_LEAVE_XDATA

  SEGMENTS IN THE MODULE
  ======================
RCODE
  Relative segment, address: CODE 000004A2 - 000004D9 (0x38 bytes), align: 0
  Segment part 1.
           ENTRY                   ADDRESS         REF BY
           =====                   =======         ======
           ?FUNC_LEAVE_XDATA       000004A2        ?Subroutine20 (basic_rf)
                                                   ?Subroutine22 (basic_rf)
                                                   ?Subroutine23 (basic_rf)
                                                   ?Subroutine24 (basic_rf)
                                                   basicRfSendPacket (basic_rf)
                                                   halLcdWriteChar (basic_rf)
                                                   halMcuWaitMs (basic_rf)
                                                   utilLcdDisplayValue (basic_rf)

    -------------------------------------------------------------------------
  LIBRARY MODULE, NAME : ?INTERRUPT_ENTER_XSP

  SEGMENTS IN THE MODULE
  ======================
RCODE
  Relative segment, address: CODE 000004DA - 00000538 (0x5f bytes), align: 0
  Segment part 1.
           ENTRY                   ADDRESS         REF BY
           =====                   =======         ======
           ?INTERRUPT_ENTER_XSP    000004DA        T1_ISR (basic_rf)
                                                   port0_ISR (basic_rf)
                                                   port1_ISR (basic_rf)
                                                   port2_ISR (basic_rf)
                                                   rfIsr (basic_rf)

    -------------------------------------------------------------------------
  LIBRARY MODULE, NAME : ?INTERRUPT_LEAVE_XSP

  SEGMENTS IN THE MODULE
  ======================
RCODE
  Relative segment, address: CODE 00000539 - 00000588 (0x50 bytes), align: 0
  Segment part 1.
           ENTRY                   ADDRESS         REF BY
           =====                   =======         ======
           ?INTERRUPT_LEAVE_XSP    00000539        ?Subroutine21 (basic_rf)
                                                   ?Subroutine25 (basic_rf)

    -------------------------------------------------------------------------
  LIBRARY MODULE, NAME : ?PUSH_XSTACK_I

  SEGMENTS IN THE MODULE
  ======================
RCODE
  Relative segment, address: CODE 00000589 - 0000058C (0x4 bytes), align: 0
  Segment part 0.
           ENTRY                   ADDRESS         REF BY
           =====                   =======         ======
           ?PUSH_XSTACK_I_FOUR     00000589        appTransmitter (basic_rf)
    -------------------------------------------------------------------------
RCODE
  Relative segment, address: CODE 0000058D - 00000590 (0x4 bytes), align: 0
  Segment part 2.
           ENTRY                   ADDRESS         REF BY
           =====                   =======         ======
           ?PUSH_XSTACK_I_TWO      0000058D        appTransmitter (basic_rf)
    -------------------------------------------------------------------------
RCODE
  Relative segment, address: CODE 00000591 - 0000059D (0xd bytes), align: 0
  Segment part 4.             Intra module refs:   ?PUSH_XSTACK_I_FOUR
                                                   ?PUSH_XSTACK_I_TWO
           ENTRY                   ADDRESS         REF BY
           =====                   =======         ======
           ?PUSH_XSTACK_I          00000591 

    -------------------------------------------------------------------------
  LIBRARY MODULE, NAME : ?UC_SWITCH_DENSE

  SEGMENTS IN THE MODULE
  ======================
RCODE
  Relative segment, address: CODE 0000059E - 000005A3 (0x6 bytes), align: 0
  Segment part 0.
           ENTRY                   ADDRESS         REF BY
           =====                   =======         ======
           ?UC_SWITCH_DENSE        0000059E        appTransmitter (basic_rf)
                                                   halLedClear (basic_rf)
                                                   halLedToggle (basic_rf)
    -------------------------------------------------------------------------
RCODE
  Relative segment, address: CODE 000005A4 - 000005D2 (0x2f bytes), align: 0
  Segment part 2.             Intra module refs:   ?UC_SWITCH_DENSE
    -------------------------------------------------------------------------
RCODE
  Relative segment, address: CODE 000005D3 - 000005D3 (0x1 bytes), align: 0
  Segment part 4.             Intra module refs:   ?UC_SWITCH_DENSE

    -------------------------------------------------------------------------
  LIBRARY MODULE, NAME : ?strlen

  SEGMENTS IN THE MODULE
  ======================
NEAR_CODE
  Relative segment, address: CODE 00001A87 - 00001AA2 (0x1c bytes), align: 0
  Segment part 6.
           ENTRY                   ADDRESS         REF BY
           =====                   =======         ======
           strlen                  00001A87        lcdWriteLine (basic_rf)
               ISTACK = 00000000 ( 00000002 )

    -------------------------------------------------------------------------
  LIBRARY MODULE, NAME : ?low_level_init

  SEGMENTS IN THE MODULE
  ======================
CSTART
  Relative segment, address: CODE 000000E2 - 000000E4 (0x3 bytes), align: 0
  Segment part 6. ROOT.
           ENTRY                   ADDRESS         REF BY
           =====                   =======         ======
           __low_level_init        000000E2        __low_level_init_call (?cmain)




                ****************************************
                *                                      *
                *            MODULE SUMMARY            *
                *                                      *
                ****************************************

Module                    CODE      DATA      XDATA  IDATA    BIT
------                    ----      ----      -----  -----    ---
                         (Rel)  (Rel)  (Abs)  (Rel)  (Rel)  (Rel)
?ADD_XSTACK_DISP8           27
?ALLOC_XSTACK8              22
?CALL_IND                    2
?DEALLOC_XSTACK8            26
?FUNC_ENTER_XDATA           96
?FUNC_LEAVE_XDATA           56
?INTERRUPT_ENTER_XSP        95
?INTERRUPT_LEAVE_XSP        80
?L_ADD_TO_X                 19
?L_ADD_X                    19
?L_DIV_MOD                  87
?L_EQ_X                     21
?L_MOV_TO_X                 15
?L_MOV_X                    15
?L_NEG                      17
?L_NEG_R1                   17
?MOVE_LONG8_XDATA_IDATA     13
?PUSH_XSTACK_I              21
?SL_GT_X                    21
?S_DIV_MOD                  89
?S_SHL                      19
?UC_SWITCH_DENSE            54
?UL_DIV_MOD                112
?UL_GT                      16
?XSTACK_DISP8               10
?cexit                       5
?cmain                      72
?low_level_init              3
?strlen                     28
CSTARTUP                    15
  + common                   3
VIRTUAL_REGISTERS                   2                           8
basic_rf                 5 593            39    656
  + common                 134
N/A (command line)                 16           256     64
N/A (alignment)
----------               -----     --     --    ---     --      -
Total:                   6 685     18     39    912     64      8
  + common                 134


                ****************************************
                *                                      *
                *      SEGMENTS IN ADDRESS ORDER       *
                *                                      *
                ****************************************


SEGMENT              SPACE    START ADDRESS   END ADDRESS     SIZE  TYPE  ALIGN
=======              =====    =============   ===========     ====  ====  =====
INTVEC               CODE          00000000 - 00000085          86   com    0
CSTART               CODE          00000086 - 000000E4          5F   rel    0
IDATA_ID             CODE               000000E5                     dse    0
BIT_ID               CODE               000000E5                     dse    0
BDATA_ID             CODE               000000E5                     dse    0
IXDATA_ID            CODE               000000E5                     dse    0
PDATA_ID             CODE               000000E5                     dse    0
DATA_ID              CODE               000000E5                     dse    0
XDATA_ID             CODE          000000E5 - 0000020A         126   rel    0
BANK_RELAYS          CODE               0000020B                     dse    0
RCODE                CODE          0000020B - 000005D3         3C9   rel    0
DIFUNCT              CODE               000005D4                     dse    0
CODE_C               CODE          000005D4 - 00000BD3         600   rel    0
CODE_N               CODE               00000BD4                     dse    0
NEAR_CODE            CODE          00000BD4 - 00001AA2         ECF   rel    0
REGISTERS            DATA          00000000 - 00000007           8   rel    0
VREG                 DATA          00000008 - 0000000F           8   rel    0
PSP                  DATA               00000010                     dse    0
XSP                  DATA          00000010 - 00000011           2   rel    0
BREG                 BIT        00000020.0  -  00000020.7        8   rel    0
SFR_AN               DATA          00000080 - 00000080           1   rel    0
                     DATA          00000088 - 0000008B           4 
                     DATA          0000008F - 00000091           3 
                     DATA          0000009A - 0000009B           2 
                     DATA          0000009D - 0000009E           2 
                     DATA          000000A0 - 000000A0           1 
                     DATA          000000A8 - 000000A8           1 
                     DATA          000000AF - 000000AF           1 
                     DATA          000000B6 - 000000B6           1 
                     DATA          000000B8 - 000000B8           1 
                     DATA          000000BA - 000000BB           2 
                     DATA          000000BE - 000000BE           1 
                     DATA          000000C0 - 000000C0           1 
                     DATA          000000C6 - 000000C6           1 
                     DATA          000000D9 - 000000DB           3 
                     DATA          000000E1 - 000000E1           1 
                     DATA          000000E4 - 000000E5           2 
                     DATA          000000E8 - 000000E9           2 
                     DATA          000000F2 - 000000F3           2 
                     DATA          000000F5 - 000000F5           1 
                     DATA          000000F7 - 000000F9           3 
                     DATA          000000FD - 000000FF           3 
XSTACK               XDATA         00000001 - 00000100         100   rel    0
XDATA_Z              XDATA         00000101 - 0000026A         16A   rel    0
XDATA_I              XDATA         0000026B - 00000390         126   rel    0
ISTACK               IDATA         000000C0 - 000000FF          40   rel    0

                ****************************************
                *                                      *
                *        END OF CROSS REFERENCE        *
                *                                      *
                ****************************************

 6 819 bytes of CODE  memory
    18 bytes of DATA  memory (+ 39 absolute )
   912 bytes of XDATA memory
    64 bytes of IDATA memory
     8 bits  of BIT   memory

Errors: none
Warnings: none

