################################################################################
#                                                                              #
#      IAR Universal Linker V5.0.2.5/W32                                       #
#                                                                              #
#           Link time     =  04/Sep/2012  09:27:35                             #
#           Target CPU    =  x51                                               #
#           List file     =  "C:\Users\J\Desktop\Zigbee佳杰科技 (F)\CC2530 Bas #
#                            icRF（点对点通信）基于Q2530BB板\ide\srf05_cc2530\ #
#                            iar\temp\spectrum_analyzer.map"                   #
#           Output file 1 =  "C:\Users\J\Desktop\Zigbee佳杰科技 (F)\CC2530 Bas #
#                            icRF（点对点通信）基于Q2530BB板\ide\srf05_cc2530\ #
#                            iar\spectrum_analyzer.hex"                        #
#                            Format: intel-extended                            #
#           Output file 2 =  "C:\Users\J\Desktop\Zigbee佳杰科技 (F)\CC2530 Bas #
#                            icRF（点对点通信）基于Q2530BB板\ide\srf05_cc2530\ #
#                            iar\spectrum_analyzer.d51"                        #
#                            Format: debug                                     #
#                            UBROF version 10.0.3                              #
#                            Using library modules for C-SPY (-rt)             #
#           Command line  =  "-ID:\IAR Systems\Embedded Workbench 6.0 Evaluati #
#                            on\8051\CONFIG\"                                  #
#                            -D_NR_OF_BANKS=0 -D_CODEBANK_END=0                #
#                            -D_CODEBANK_START=0                               #
#                            "C:\Users\J\Desktop\Zigbee佳杰科技 (F)\CC2530 Bas #
#                            icRF（点对点通信）基于Q2530BB板\ide\srf05_cc2530\ #
#                            iar\temp\spectrum_analyzer\adc.r51"               #
#                            "C:\Users\J\Desktop\Zigbee佳杰科技 (F)\CC2530 Bas #
#                            icRF（点对点通信）基于Q2530BB板\ide\srf05_cc2530\ #
#                            iar\temp\spectrum_analyzer\clock.r51"             #
#                            "C:\Users\J\Desktop\Zigbee佳杰科技 (F)\CC2530 Bas #
#                            icRF（点对点通信）基于Q2530BB板\ide\srf05_cc2530\ #
#                            iar\temp\spectrum_analyzer\hal_assert.r51"        #
#                            "C:\Users\J\Desktop\Zigbee佳杰科技 (F)\CC2530 Bas #
#                            icRF（点对点通信）基于Q2530BB板\ide\srf05_cc2530\ #
#                            iar\temp\spectrum_analyzer\hal_board.r51"         #
#                            "C:\Users\J\Desktop\Zigbee佳杰科技 (F)\CC2530 Bas #
#                            icRF（点对点通信）基于Q2530BB板\ide\srf05_cc2530\ #
#                            iar\temp\spectrum_analyzer\hal_button.r51"        #
#                            "C:\Users\J\Desktop\Zigbee佳杰科技 (F)\CC2530 Bas #
#                            icRF（点对点通信）基于Q2530BB板\ide\srf05_cc2530\ #
#                            iar\temp\spectrum_analyzer\hal_digio.r51"         #
#                            "C:\Users\J\Desktop\Zigbee佳杰科技 (F)\CC2530 Bas #
#                            icRF（点对点通信）基于Q2530BB板\ide\srf05_cc2530\ #
#                            iar\temp\spectrum_analyzer\hal_int.r51"           #
#                            "C:\Users\J\Desktop\Zigbee佳杰科技 (F)\CC2530 Bas #
#                            icRF（点对点通信）基于Q2530BB板\ide\srf05_cc2530\ #
#                            iar\temp\spectrum_analyzer\hal_joystick.r51"      #
#                            "C:\Users\J\Desktop\Zigbee佳杰科技 (F)\CC2530 Bas #
#                            icRF（点对点通信）基于Q2530BB板\ide\srf05_cc2530\ #
#                            iar\temp\spectrum_analyzer\hal_lcd_srf05.r51"     #
#                            "C:\Users\J\Desktop\Zigbee佳杰科技 (F)\CC2530 Bas #
#                            icRF（点对点通信）基于Q2530BB板\ide\srf05_cc2530\ #
#                            iar\temp\spectrum_analyzer\hal_led.r51"           #
#                            "C:\Users\J\Desktop\Zigbee佳杰科技 (F)\CC2530 Bas #
#                            icRF（点对点通信）基于Q2530BB板\ide\srf05_cc2530\ #
#                            iar\temp\spectrum_analyzer\hal_mcu.r51"           #
#                            "C:\Users\J\Desktop\Zigbee佳杰科技 (F)\CC2530 Bas #
#                            icRF（点对点通信）基于Q2530BB板\ide\srf05_cc2530\ #
#                            iar\temp\spectrum_analyzer\hal_rf.r51"            #
#                            "C:\Users\J\Desktop\Zigbee佳杰科技 (F)\CC2530 Bas #
#                            icRF（点对点通信）基于Q2530BB板\ide\srf05_cc2530\ #
#                            iar\temp\spectrum_analyzer\hal_rf_util.r51"       #
#                            "C:\Users\J\Desktop\Zigbee佳杰科技 (F)\CC2530 Bas #
#                            icRF（点对点通信）基于Q2530BB板\ide\srf05_cc2530\ #
#                            iar\temp\spectrum_analyzer\spectrum_analyzer.r51" #
#                            "C:\Users\J\Desktop\Zigbee佳杰科技 (F)\CC2530 Bas #
#                            icRF（点对点通信）基于Q2530BB板\ide\srf05_cc2530\ #
#                            iar\temp\spectrum_analyzer\util.r51"              #
#                            "C:\Users\J\Desktop\Zigbee佳杰科技 (F)\CC2530 Bas #
#                            icRF（点对点通信）基于Q2530BB板\ide\srf05_cc2530\ #
#                            iar\temp\spectrum_analyzer\util_lcd.r51"          #
#                            -o                                                #
#                            "C:\Users\J\Desktop\Zigbee佳杰科技 (F)\CC2530 Bas #
#                            icRF（点对点通信）基于Q2530BB板\ide\srf05_cc2530\ #
#                            iar\spectrum_analyzer.d51"                        #
#                            -l                                                #
#                            "C:\Users\J\Desktop\Zigbee佳杰科技 (F)\CC2530 Bas #
#                            icRF（点对点通信）基于Q2530BB板\ide\srf05_cc2530\ #
#                            iar\temp\spectrum_analyzer.map"                   #
#                            -xmsn                                             #
#                            "-ID:\IAR Systems\Embedded Workbench 6.0 Evaluati #
#                            on\8051\LIB\"                                     #
#                            -f                                                #
#                            "D:\IAR Systems\Embedded Workbench 6.0 Evaluation #
#                            \8051\config\devices\Texas Instruments\lnk51ew_cc #
#                            2530F256.xcl"                                     #
#                            (-D_IDATA0_START=0x00 -D_IDATA0_END=0xFF          #
#                            -D_PDATA0_START=0x1E00 -D_PDATA0_END=0x1EFF       #
#                            -D_IXDATA0_START=0x0001 -D_IXDATA0_END=0x1EFF     #
#                            -D_XDATA0_START=_IXDATA0_START                    #
#                            -D_XDATA0_END=_IXDATA0_END                        #
#                            -D_CODE0_START=0x0000 -D_CODE0_END=0xFFFF         #
#                            -D?REGISTER_BANK=0x0 -D_REGISTER_BANK_START=0x0   #
#                            -D_BREG_START=0x00 -D?VB=0x20 -D?ESP=0x9B         #
#                            -Z(BIT)BREG=_BREG_START -Z(BIT)BIT_N=0-7F         #
#                            -Z(DATA)REGISTERS+8=_REGISTER_BANK_START          #
#                            -Z(DATA)BDATA_Z,BDATA_N,BDATA_I=20-2F             #
#                            -Z(DATA)VREG+_NR_OF_VIRTUAL_REGISTERS=08-7F       #
#                            -Z(DATA)PSP,XSP=08-7F -Z(DATA)DOVERLAY=08-7F      #
#                            -Z(DATA)DATA_I,DATA_Z,DATA_N=08-7F                #
#                            -U(IDATA)0-7F=(DATA)0-7F                          #
#                            -Z(IDATA)IDATA_I,IDATA_Z,IDATA_N=08-_IDATA0_END   #
#                            -Z(IDATA)ISTACK+_IDATA_STACK_SIZE#08-_IDATA0_END  #
#                            -Z(IDATA)IOVERLAY=08-FF -Z(CODE)INTVEC=0          #
#                            -Z(CODE)CSTART=_CODE0_START-_CODE0_END            #
#                            -Z(CODE)BIT_ID,BDATA_ID,DATA_ID,IDATA_ID,IXDATA_I #
#                            D,PDATA_ID,XDATA_ID=_CODE0_START-_CODE0_END       #
#                            -Z(CODE)RCODE,DIFUNCT,CODE_C,CODE_N,NEAR_CODE=_CO #
#                            DE0_START-_CODE0_END                              #
#                            -Z(CODE)CHECKSUM#_CODE0_END                       #
#                            -Z(XDATA)PDATA_Z,PDATA_I=_PDATA0_START-_PDATA0_EN #
#                            D                                                 #
#                            -P(XDATA)PDATA_N=_PDATA0_START-_PDATA0_END        #
#                            -Z(XDATA)PSTACK+_PDATA_STACK_SIZE=_PDATA0_START-_ #
#                            PDATA0_END                                        #
#                            -Z(XDATA)EXT_STACK+_EXTENDED_STACK_SIZE=_EXTENDED #
#                            _STACK_START                                      #
#                            -Z(XDATA)XSTACK+_XDATA_STACK_SIZE=_XDATA0_START-_ #
#                            XDATA0_END                                        #
#                            -Z(XDATA)IXDATA_Z,IXDATA_I=_IXDATA0_START-_IXDATA #
#                            0_END                                             #
#                            -P(XDATA)IXDATA_N=_IXDATA0_START-_IXDATA0_END     #
#                            -Z(XDATA)XDATA_Z,XDATA_I=_XDATA0_START-_XDATA0_EN #
#                            D                                                 #
#                            -P(XDATA)XDATA_N=_XDATA0_START-_XDATA0_END        #
#                            -Z(XDATA)XDATA_HEAP+_XDATA_HEAP_SIZE=_XDATA0_STAR #
#                            T-_XDATA0_END                                     #
#                            -Z(CONST)XDATA_ROM_C=_XDATA0_START-_XDATA0_END    #
#                            -cx51) -D_NR_OF_VIRTUAL_REGISTERS=8               #
#                            -D?PBANK=0xA0 -e_medium_write=_formatted_write    #
#                            -e_medium_read=_formatted_read -rt                #
#                            "-Ointel-extended=C:\Users\J\Desktop\Zigbee佳杰科 #
#                            技 (F)\CC2530 BasicRF（点对点通信）基于Q2530BB板\ #
#                            ide\srf05_cc2530\iar\spectrum_analyzer.hex"       #
#                            -s __program_start                                #
#                            "D:\IAR Systems\Embedded Workbench 6.0 Evaluation #
#                            \8051\LIB\CLIB\cl-pli-nlxd-1e16x01.r51"           #
#                            -D_IDATA_STACK_SIZE=0x40                          #
#                            -D_EXTENDED_STACK_START=0x00                      #
#                            -D_EXTENDED_STACK_SIZE=0x00                       #
#                            -D_PDATA_STACK_SIZE=0x80                          #
#                            -D_XDATA_STACK_SIZE=0x100                         #
#                            -D_XDATA_HEAP_SIZE=0xFF -D_FAR_HEAP_SIZE=0xFFF    #
#                            -D_HUGE_HEAP_SIZE=0xFFF                           #
#                            -D_FAR22_HEAP_SIZE=0xFFF                          #
#                                                                              #
#                           Copyright (C) 1987-2010 IAR Systems AB.            #
################################################################################





                ****************************************
                *                                      *
                *           CROSS REFERENCE            *
                *                                      *
                ****************************************

       Program entry at : CODE      000000D3  Relocatable, from module : CSTARTUP




                ****************************************
                *                                      *
                *            RUNTIME MODEL             *
                *                                      *
                ****************************************

  __SystemLibrary          = CLib
  __calling_convention     = xdata_reentrant
  __code_model             = near
  __core                   = plain
  __data_model             = large
  __dptr_size              = 16
  __extended_stack         = disabled
  __location_for_constants = data
  __number_of_dptrs        = 1
  __rt_version             = 1



                ****************************************
                *                                      *
                *              MODULE MAP              *
                *                                      *
                ****************************************


  DEFINED ABSOLUTE ENTRIES
    *************************************************************************

  DEFINED ABSOLUTE ENTRIES
  PROGRAM MODULE, NAME : ?ABS_ENTRY_MOD

Absolute parts
           ENTRY                   ADDRESS         REF BY
           =====                   =======         ======
           _FAR22_HEAP_SIZE        00000FFF 
           _HUGE_HEAP_SIZE         00000FFF 
           _FAR_HEAP_SIZE          00000FFF 
           _XDATA_HEAP_SIZE        000000FF 
           _XDATA_STACK_SIZE       00000100 
           _PDATA_STACK_SIZE       00000080 
           _EXTENDED_STACK_SIZE    00000000 
           _EXTENDED_STACK_START   00000000 
           _IDATA_STACK_SIZE       00000040 
           ?PBANK                  000000A0 
           _NR_OF_VIRTUAL_REGISTERS
                                   00000008 
           ?ESP                    0000009B 
           ?VB                     00000020        ?FUNC_ENTER_XDATA (?FUNC_ENTER_XDATA)
                                                   ?FUNC_LEAVE_XDATA (?FUNC_LEAVE_XDATA)
                                                   ?INTERRUPT_ENTER_XSP (?INTERRUPT_ENTER_XSP)
                                                   ?INTERRUPT_LEAVE_XSP (?INTERRUPT_LEAVE_XSP)
           _BREG_START             00000000 
           _REGISTER_BANK_START    00000000 
           ?REGISTER_BANK          00000000        Segment part 6 (CSTARTUP)
           _CODE0_END              0000FFFF 
           _CODE0_START            00000000 
           _XDATA0_END             00001EFF 
           _XDATA0_START           00000001 
           _IXDATA0_END            00001EFF 
           _IXDATA0_START          00000001 
           _PDATA0_END             00001EFF 
           _PDATA0_START           00001E00 
           _IDATA0_END             000000FF 
           _IDATA0_START           00000000 
           _CODEBANK_START         00000000 
           _CODEBANK_END           00000000 
           _NR_OF_BANKS            00000000 
    *************************************************************************

  FILE NAME : C:\Users\J\Desktop\Zigbee佳杰科技 (F)\CC2530 BasicRF（点对点通信）基于Q2530BB板\ide\srf05_cc2530\iar\temp\spectrum_analyzer\adc.r51
    *************************************************************************

  FILE NAME : C:\Users\J\Desktop\Zigbee佳杰科技 (F)\CC2530 BasicRF（点对点通信）基于Q2530BB板\ide\srf05_cc2530\iar\temp\spectrum_analyzer\clock.r51
    *************************************************************************

  FILE NAME : C:\Users\J\Desktop\Zigbee佳杰科技 (F)\CC2530 BasicRF（点对点通信）基于Q2530BB板\ide\srf05_cc2530\iar\temp\spectrum_analyzer\hal_assert.r51
    *************************************************************************

  FILE NAME : C:\Users\J\Desktop\Zigbee佳杰科技 (F)\CC2530 BasicRF（点对点通信）基于Q2530BB板\ide\srf05_cc2530\iar\temp\spectrum_analyzer\hal_board.r51
    *************************************************************************

  FILE NAME : C:\Users\J\Desktop\Zigbee佳杰科技 (F)\CC2530 BasicRF（点对点通信）基于Q2530BB板\ide\srf05_cc2530\iar\temp\spectrum_analyzer\hal_button.r51
    *************************************************************************

  FILE NAME : C:\Users\J\Desktop\Zigbee佳杰科技 (F)\CC2530 BasicRF（点对点通信）基于Q2530BB板\ide\srf05_cc2530\iar\temp\spectrum_analyzer\hal_digio.r51
    *************************************************************************

  FILE NAME : C:\Users\J\Desktop\Zigbee佳杰科技 (F)\CC2530 BasicRF（点对点通信）基于Q2530BB板\ide\srf05_cc2530\iar\temp\spectrum_analyzer\hal_int.r51
  PROGRAM MODULE, NAME : hal_int

  SEGMENTS IN THE MODULE
  ======================
SFR_AN
  Relative segment, address: DATA 00000080 - 00000080 (0x1 bytes), align: 0
  Segment part 1. ROOT.       Intra module refs:   HalLcd_HW_Control
                                                   HalLcd_HW_Write
                                                   halDigioConfig
                                                   halLedToggle
                                                   main
           ENTRY                   ADDRESS         REF BY
           =====                   =======         ======
           _A_P0                   00000080 
           LOCAL                   ADDRESS         
           =====                   =======         
           P0                      00000080 
    -------------------------------------------------------------------------
SFR_AN
  Relative segment, address: DATA 00000088 - 00000088 (0x1 bytes), align: 0
  Segment part 2. ROOT.       Intra module refs:   adcSampleSingle
           ENTRY                   ADDRESS         REF BY
           =====                   =======         ======
           _A_TCON                 00000088 
           LOCAL                   ADDRESS         
           =====                   =======         
           TCON                    00000088 
    -------------------------------------------------------------------------
SFR_AN
  Relative segment, address: DATA 00000089 - 00000089 (0x1 bytes), align: 0
  Segment part 3. ROOT.       Intra module refs:   halDigioIntClear
                                                   port0_ISR
           ENTRY                   ADDRESS         REF BY
           =====                   =======         ======
           P0IFG                   00000089 
    -------------------------------------------------------------------------
SFR_AN
  Relative segment, address: DATA 0000008A - 0000008A (0x1 bytes), align: 0
  Segment part 4. ROOT.       Intra module refs:   halDigioIntClear
                                                   port1_ISR
           ENTRY                   ADDRESS         REF BY
           =====                   =======         ======
           P1IFG                   0000008A 
    -------------------------------------------------------------------------
SFR_AN
  Relative segment, address: DATA 0000008B - 0000008B (0x1 bytes), align: 0
  Segment part 5. ROOT.       Intra module refs:   halDigioIntClear
                                                   port2_ISR
           ENTRY                   ADDRESS         REF BY
           =====                   =======         ======
           P2IFG                   0000008B 
    -------------------------------------------------------------------------
SFR_AN
  Relative segment, address: DATA 0000008C - 0000008C (0x1 bytes), align: 0
  Segment part 6. ROOT.       Intra module refs:   main
           ENTRY                   ADDRESS         REF BY
           =====                   =======         ======
           PICTL                   0000008C 
    -------------------------------------------------------------------------
SFR_AN
  Relative segment, address: DATA 0000008D - 0000008D (0x1 bytes), align: 0
  Segment part 7. ROOT.       Intra module refs:   halJoystickIntEnable
           ENTRY                   ADDRESS         REF BY
           =====                   =======         ======
           P1IEN                   0000008D 
    -------------------------------------------------------------------------
SFR_AN
  Relative segment, address: DATA 0000008F - 0000008F (0x1 bytes), align: 0
  Segment part 8. ROOT.       Intra module refs:   main
           ENTRY                   ADDRESS         REF BY
           =====                   =======         ======
           P0INP                   0000008F 
    -------------------------------------------------------------------------
SFR_AN
  Relative segment, address: DATA 00000090 - 00000090 (0x1 bytes), align: 0
  Segment part 9. ROOT.       Intra module refs:   HalLcd_HW_Control
                                                   HalLcd_HW_Write
                                                   halDigioConfig
                                                   halLedToggle
                                                   main
           ENTRY                   ADDRESS         REF BY
           =====                   =======         ======
           _A_P1                   00000090 
           LOCAL                   ADDRESS         
           =====                   =======         
           P1                      00000090 
    -------------------------------------------------------------------------
SFR_AN
  Relative segment, address: DATA 0000009A - 0000009A (0x1 bytes), align: 0
  Segment part 10. ROOT.      Intra module refs:   halJoystickIntEnable
                                                   main
           ENTRY                   ADDRESS         REF BY
           =====                   =======         ======
           IEN2                    0000009A 
    -------------------------------------------------------------------------
SFR_AN
  Relative segment, address: DATA 0000009B - 0000009B (0x1 bytes), align: 0
  Segment part 11. ROOT.      Intra module refs:   rfIsr
           ENTRY                   ADDRESS         REF BY
           =====                   =======         ======
           S1CON                   0000009B 
    -------------------------------------------------------------------------
SFR_AN
  Relative segment, address: DATA 0000009D - 0000009D (0x1 bytes), align: 0
  Segment part 12. ROOT.      Intra module refs:   clockSetMainSrc
           ENTRY                   ADDRESS         REF BY
           =====                   =======         ======
           SLEEPSTA                0000009D 
    -------------------------------------------------------------------------
SFR_AN
  Relative segment, address: DATA 0000009E - 0000009E (0x1 bytes), align: 0
  Segment part 13. ROOT.      Intra module refs:   clockSelect32k
                                                   clockSetMainSrc
           ENTRY                   ADDRESS         REF BY
           =====                   =======         ======
           CLKCONSTA               0000009E 
    -------------------------------------------------------------------------
SFR_AN
  Relative segment, address: DATA 000000A0 - 000000A0 (0x1 bytes), align: 0
  Segment part 14. ROOT.      Intra module refs:   halDigioConfig
           ENTRY                   ADDRESS         REF BY
           =====                   =======         ======
           _A_P2                   000000A0 
           LOCAL                   ADDRESS         
           =====                   =======         
           P2                      000000A0 
    -------------------------------------------------------------------------
SFR_AN
  Relative segment, address: DATA 000000A8 - 000000A8 (0x1 bytes), align: 0
  Segment part 15. ROOT.      Intra module refs:   halJoystickIntConnect
                                                   main
                                                   rfIsr
           ENTRY                   ADDRESS         REF BY
           =====                   =======         ======
           _A_IEN0                 000000A8 
           LOCAL                   ADDRESS         
           =====                   =======         
           IEN0                    000000A8 
    -------------------------------------------------------------------------
SFR_AN
  Relative segment, address: DATA 000000AB - 000000AB (0x1 bytes), align: 0
  Segment part 16. ROOT.      Intra module refs:   halJoystickIntEnable
           ENTRY                   ADDRESS         REF BY
           =====                   =======         ======
           P0IEN                   000000AB 
    -------------------------------------------------------------------------
SFR_AN
  Relative segment, address: DATA 000000AC - 000000AC (0x1 bytes), align: 0
  Segment part 17. ROOT.      Intra module refs:   halJoystickIntEnable
           ENTRY                   ADDRESS         REF BY
           =====                   =======         ======
           P2IEN                   000000AC 
    -------------------------------------------------------------------------
SFR_AN
  Relative segment, address: DATA 000000B6 - 000000B6 (0x1 bytes), align: 0
  Segment part 18. ROOT.      Intra module refs:   adcSampleSingle
           ENTRY                   ADDRESS         REF BY
           =====                   =======         ======
           ADCCON3                 000000B6 
    -------------------------------------------------------------------------
SFR_AN
  Relative segment, address: DATA 000000B8 - 000000B8 (0x1 bytes), align: 0
  Segment part 19. ROOT.      Intra module refs:   halJoystickIntEnable
           ENTRY                   ADDRESS         REF BY
           =====                   =======         ======
           _A_IEN1                 000000B8 
           LOCAL                   ADDRESS         
           =====                   =======         
           IEN1                    000000B8 
    -------------------------------------------------------------------------
SFR_AN
  Relative segment, address: DATA 000000BA - 000000BA (0x1 bytes), align: 0
  Segment part 20. ROOT.      Intra module refs:   adcSampleSingle
           ENTRY                   ADDRESS         REF BY
           =====                   =======         ======
           ADCL                    000000BA 
    -------------------------------------------------------------------------
SFR_AN
  Relative segment, address: DATA 000000BB - 000000BB (0x1 bytes), align: 0
  Segment part 21. ROOT.      Intra module refs:   adcSampleSingle
           ENTRY                   ADDRESS         REF BY
           =====                   =======         ======
           ADCH                    000000BB 
    -------------------------------------------------------------------------
SFR_AN
  Relative segment, address: DATA 000000BE - 000000BE (0x1 bytes), align: 0
  Segment part 22. ROOT.      Intra module refs:   clockSetMainSrc
           ENTRY                   ADDRESS         REF BY
           =====                   =======         ======
           SLEEPCMD                000000BE 
    -------------------------------------------------------------------------
SFR_AN
  Relative segment, address: DATA 000000C0 - 000000C0 (0x1 bytes), align: 0
  Segment part 23. ROOT.      Intra module refs:   port0_ISR
           ENTRY                   ADDRESS         REF BY
           =====                   =======         ======
           _A_IRCON                000000C0 
           LOCAL                   ADDRESS         
           =====                   =======         
           IRCON                   000000C0 
    -------------------------------------------------------------------------
SFR_AN
  Relative segment, address: DATA 000000C6 - 000000C6 (0x1 bytes), align: 0
  Segment part 24. ROOT.      Intra module refs:   clockSelect32k
                                                   clockSetMainSrc
           ENTRY                   ADDRESS         REF BY
           =====                   =======         ======
           CLKCONCMD               000000C6 
    -------------------------------------------------------------------------
SFR_AN
  Relative segment, address: DATA 000000E1 - 000000E1 (0x1 bytes), align: 0
  Segment part 25. ROOT.      Intra module refs:   main
           ENTRY                   ADDRESS         REF BY
           =====                   =======         ======
           RFST                    000000E1 
    -------------------------------------------------------------------------
SFR_AN
  Relative segment, address: DATA 000000E8 - 000000E8 (0x1 bytes), align: 0
  Segment part 26. ROOT.      Intra module refs:   port1_ISR
                                                   port2_ISR
           ENTRY                   ADDRESS         REF BY
           =====                   =======         ======
           _A_IRCON2               000000E8 
           LOCAL                   ADDRESS         
           =====                   =======         
           IRCON2                  000000E8 
    -------------------------------------------------------------------------
SFR_AN
  Relative segment, address: DATA 000000E9 - 000000E9 (0x1 bytes), align: 0
  Segment part 27. ROOT.      Intra module refs:   rfIsr
           ENTRY                   ADDRESS         REF BY
           =====                   =======         ======
           RFIRQF0                 000000E9 
    -------------------------------------------------------------------------
SFR_AN
  Relative segment, address: DATA 000000F2 - 000000F2 (0x1 bytes), align: 0
  Segment part 28. ROOT.      Intra module refs:   adcSampleSingle
           ENTRY                   ADDRESS         REF BY
           =====                   =======         ======
           ADCCFG                  000000F2 
    -------------------------------------------------------------------------
SFR_AN
  Relative segment, address: DATA 000000F3 - 000000F3 (0x1 bytes), align: 0
  Segment part 29. ROOT.      Intra module refs:   halDigioConfig
                                                   main
           ENTRY                   ADDRESS         REF BY
           =====                   =======         ======
           P0SEL                   000000F3 
    -------------------------------------------------------------------------
SFR_AN
  Relative segment, address: DATA 000000F4 - 000000F4 (0x1 bytes), align: 0
  Segment part 30. ROOT.      Intra module refs:   halDigioConfig
           ENTRY                   ADDRESS         REF BY
           =====                   =======         ======
           P1SEL                   000000F4 
    -------------------------------------------------------------------------
SFR_AN
  Relative segment, address: DATA 000000F5 - 000000F5 (0x1 bytes), align: 0
  Segment part 31. ROOT.      Intra module refs:   halDigioConfig
                                                   main
           ENTRY                   ADDRESS         REF BY
           =====                   =======         ======
           P2SEL                   000000F5 
    -------------------------------------------------------------------------
SFR_AN
  Relative segment, address: DATA 000000F7 - 000000F7 (0x1 bytes), align: 0
  Segment part 32. ROOT.      Intra module refs:   main
           ENTRY                   ADDRESS         REF BY
           =====                   =======         ======
           P2INP                   000000F7 
    -------------------------------------------------------------------------
SFR_AN
  Relative segment, address: DATA 000000F8 - 000000F8 (0x1 bytes), align: 0
  Segment part 33. ROOT.      Intra module refs:   HalLcd_HW_Control
                                                   HalLcd_HW_Write
           ENTRY                   ADDRESS         REF BY
           =====                   =======         ======
           _A_U1CSR                000000F8 
           LOCAL                   ADDRESS         
           =====                   =======         
           U1CSR                   000000F8 
    -------------------------------------------------------------------------
SFR_AN
  Relative segment, address: DATA 000000F9 - 000000F9 (0x1 bytes), align: 0
  Segment part 34. ROOT.      Intra module refs:   HalLcd_HW_Control
                                                   HalLcd_HW_Write
           ENTRY                   ADDRESS         REF BY
           =====                   =======         ======
           U1DBUF                  000000F9 
    -------------------------------------------------------------------------
SFR_AN
  Relative segment, address: DATA 000000FD - 000000FD (0x1 bytes), align: 0
  Segment part 35. ROOT.      Intra module refs:   halDigioConfig
                                                   main
           ENTRY                   ADDRESS         REF BY
           =====                   =======         ======
           P0DIR                   000000FD 
    -------------------------------------------------------------------------
SFR_AN
  Relative segment, address: DATA 000000FE - 000000FE (0x1 bytes), align: 0
  Segment part 36. ROOT.      Intra module refs:   halDigioConfig
                                                   main
           ENTRY                   ADDRESS         REF BY
           =====                   =======         ======
           P1DIR                   000000FE 
    -------------------------------------------------------------------------
SFR_AN
  Relative segment, address: DATA 000000FF - 000000FF (0x1 bytes), align: 0
  Segment part 37. ROOT.      Intra module refs:   halDigioConfig
                                                   main
           ENTRY                   ADDRESS         REF BY
           =====                   =======         ======
           P2DIR                   000000FF 
    -------------------------------------------------------------------------
NEAR_CODE
  Relative segment, address: CODE 00000BB2 - 00000BEF (0x3e bytes), align: 0
  Segment part 134.           Intra module refs:   halJoystickGetDir
           ENTRY                   ADDRESS         REF BY
           =====                   =======         ======
           adcSampleSingle         00000BB2 
               XSTACK = 00000000 ( 00000009 )
    -------------------------------------------------------------------------
NEAR_CODE
  Relative segment, address: CODE 00000BF0 - 00000BF4 (0x5 bytes), align: 0
  Segment part 135.           Intra module refs:   adcSampleSingle
                                                   halDigioConfig
                                                   halLcdWriteLine
           LOCAL                   ADDRESS         
           =====                   =======         
           ?Subroutine0            00000BF0 
    -------------------------------------------------------------------------
NEAR_CODE
  Relative segment, address: CODE 00000BF5 - 00000C26 (0x32 bytes), align: 0
  Segment part 136.           Intra module refs:   main
           ENTRY                   ADDRESS         REF BY
           =====                   =======         ======
           clockSetMainSrc         00000BF5 
    -------------------------------------------------------------------------
NEAR_CODE
  Relative segment, address: CODE 00000C27 - 00000C4C (0x26 bytes), align: 0
  Segment part 137.           Intra module refs:   main
           ENTRY                   ADDRESS         REF BY
           =====                   =======         ======
           clockSelect32k          00000C27 
    -------------------------------------------------------------------------
NEAR_CODE
  Relative segment, address: CODE 00000C4D - 00000C77 (0x2b bytes), align: 0
  Segment part 138.           Intra module refs:   halMcuWaitMs
                                                   main
           ENTRY                   ADDRESS         REF BY
           =====                   =======         ======
           halMcuWaitUs            00000C4D 
               XSTACK = 00000008 ( 00000000 )
    -------------------------------------------------------------------------
NEAR_CODE
  Relative segment, address: CODE 00000C78 - 00000C9E (0x27 bytes), align: 0
  Segment part 139.           Intra module refs:   halAssertHandler
                                                   main
           ENTRY                   ADDRESS         REF BY
           =====                   =======         ======
           halMcuWaitMs            00000C78 
               calls direct
               XSTACK = 00000000 ( 00000008 )
    -------------------------------------------------------------------------
XDATA_Z
  Relative segment, address: XDATA 00000101 - 00000102 (0x2 bytes), align: 0
  Segment part 111.           Intra module refs:   rfIsr
           LOCAL                   ADDRESS         
           =====                   =======         
           pfISR                   00000101 
    -------------------------------------------------------------------------
XDATA_I
  Relative segment, address: XDATA 000001E8 - 000001ED (0x6 bytes), align: 0
  Segment part 47.            Intra module refs:   Segment part 129
    -------------------------------------------------------------------------
XDATA_I
  Relative segment, address: XDATA 000001EE - 000001F3 (0x6 bytes), align: 0
  Segment part 49.            Intra module refs:   Segment part 129
    -------------------------------------------------------------------------
XDATA_I
  Relative segment, address: XDATA 000001F4 - 000001F9 (0x6 bytes), align: 0
  Segment part 51.            Intra module refs:   Segment part 129
    -------------------------------------------------------------------------
XDATA_I
  Relative segment, address: XDATA 000001FA - 000001FF (0x6 bytes), align: 0
  Segment part 53.            Intra module refs:   Segment part 129
    -------------------------------------------------------------------------
XDATA_I
  Relative segment, address: XDATA 00000200 - 00000205 (0x6 bytes), align: 0
  Segment part 55.            Intra module refs:   Segment part 129
    -------------------------------------------------------------------------
XDATA_I
  Relative segment, address: XDATA 00000206 - 0000020B (0x6 bytes), align: 0
  Segment part 57.            Intra module refs:   Segment part 129
    -------------------------------------------------------------------------
XDATA_I
  Relative segment, address: XDATA 0000020C - 00000211 (0x6 bytes), align: 0
  Segment part 59.            Intra module refs:   Segment part 129
    -------------------------------------------------------------------------
XDATA_I
  Relative segment, address: XDATA 00000212 - 00000217 (0x6 bytes), align: 0
  Segment part 61.            Intra module refs:   Segment part 129
    -------------------------------------------------------------------------
XDATA_I
  Relative segment, address: XDATA 00000218 - 0000021D (0x6 bytes), align: 0
  Segment part 63.            Intra module refs:   Segment part 129
    -------------------------------------------------------------------------
XDATA_I
  Relative segment, address: XDATA 0000021E - 00000223 (0x6 bytes), align: 0
  Segment part 65.            Intra module refs:   Segment part 129
    -------------------------------------------------------------------------
XDATA_I
  Relative segment, address: XDATA 00000224 - 00000229 (0x6 bytes), align: 0
  Segment part 67.            Intra module refs:   Segment part 129
    -------------------------------------------------------------------------
XDATA_I
  Relative segment, address: XDATA 0000022A - 0000022F (0x6 bytes), align: 0
  Segment part 69.            Intra module refs:   Segment part 129
    -------------------------------------------------------------------------
XDATA_I
  Relative segment, address: XDATA 00000230 - 00000235 (0x6 bytes), align: 0
  Segment part 71.            Intra module refs:   Segment part 129
    -------------------------------------------------------------------------
XDATA_I
  Relative segment, address: XDATA 00000236 - 0000023B (0x6 bytes), align: 0
  Segment part 73.            Intra module refs:   Segment part 129
    -------------------------------------------------------------------------
XDATA_I
  Relative segment, address: XDATA 0000023C - 00000241 (0x6 bytes), align: 0
  Segment part 75.            Intra module refs:   Segment part 129
    -------------------------------------------------------------------------
XDATA_I
  Relative segment, address: XDATA 00000242 - 00000247 (0x6 bytes), align: 0
  Segment part 77.            Intra module refs:   Segment part 129
    -------------------------------------------------------------------------
XDATA_I
  Relative segment, address: XDATA 00000248 - 0000024C (0x5 bytes), align: 0
  Segment part 79.            Intra module refs:   utilPrintLogo
    -------------------------------------------------------------------------
XDATA_I
  Relative segment, address: XDATA 0000024D - 00000251 (0x5 bytes), align: 0
  Segment part 81.            Intra module refs:   utilPrintLogo
    -------------------------------------------------------------------------
XDATA_I
  Relative segment, address: XDATA 00000252 - 00000256 (0x5 bytes), align: 0
  Segment part 83.            Intra module refs:   utilPrintLogo
    -------------------------------------------------------------------------
XDATA_I
  Relative segment, address: XDATA 00000257 - 0000025B (0x5 bytes), align: 0
  Segment part 85.            Intra module refs:   utilPrintLogo
    -------------------------------------------------------------------------
XDATA_I
  Relative segment, address: XDATA 0000025C - 00000260 (0x5 bytes), align: 0
  Segment part 87.            Intra module refs:   utilPrintLogo
    -------------------------------------------------------------------------
XDATA_I
  Relative segment, address: XDATA 00000261 - 00000265 (0x5 bytes), align: 0
  Segment part 89.            Intra module refs:   utilPrintLogo
    -------------------------------------------------------------------------
XDATA_I
  Relative segment, address: XDATA 00000266 - 0000026A (0x5 bytes), align: 0
  Segment part 91.            Intra module refs:   utilPrintLogo
    -------------------------------------------------------------------------
XDATA_I
  Relative segment, address: XDATA 0000026B - 0000026F (0x5 bytes), align: 0
  Segment part 93.            Intra module refs:   utilPrintLogo
    -------------------------------------------------------------------------
XDATA_I
  Relative segment, address: XDATA 00000270 - 00000274 (0x5 bytes), align: 0
  Segment part 95.            Intra module refs:   utilPrintLogo
    -------------------------------------------------------------------------
XDATA_I
  Relative segment, address: XDATA 00000275 - 00000279 (0x5 bytes), align: 0
  Segment part 97.            Intra module refs:   utilPrintLogo
    -------------------------------------------------------------------------
XDATA_I
  Relative segment, address: XDATA 0000027A - 0000027E (0x5 bytes), align: 0
  Segment part 99.            Intra module refs:   utilPrintLogo
    -------------------------------------------------------------------------
XDATA_I
  Relative segment, address: XDATA 0000027F - 0000028C (0xe bytes), align: 0
  Segment part 101.           Intra module refs:   utilPrintLogo
    -------------------------------------------------------------------------
XDATA_I
  Relative segment, address: XDATA 0000028D - 000002AA (0x1e bytes), align: 0
  Segment part 103.           Intra module refs:   utilPrintLogo
    -------------------------------------------------------------------------
XDATA_I
  Relative segment, address: XDATA 000002AB - 000002B4 (0xa bytes), align: 0
  Segment part 105.           Intra module refs:   utilPrintLogo
    -------------------------------------------------------------------------
XDATA_I
  Relative segment, address: XDATA 000002B5 - 000002C1 (0xd bytes), align: 0
  Segment part 107.           Intra module refs:   main
    -------------------------------------------------------------------------
XDATA_I
  Relative segment, address: XDATA 000002C2 - 000002C6 (0x5 bytes), align: 0
  Segment part 109.           Intra module refs:   main
    -------------------------------------------------------------------------
XDATA_I
  Relative segment, address: XDATA 000002C7 - 000002C7 (0x1 bytes), align: 0
  Segment part 112.           Intra module refs:   main
           LOCAL                   ADDRESS         
           =====                   =======         
           rssiOffset              000002C7 
    -------------------------------------------------------------------------
NEAR_CODE
  Relative segment, address: CODE 00000C9F - 00000CD2 (0x34 bytes), align: 0
  Segment part 140.           Intra module refs:   rfIsr::??INTVEC 131
           ENTRY                   ADDRESS         REF BY
           =====                   =======         ======
           rfIsr                   00000C9F 
               interrupt function
               XSTACK = 00000000 ( 0000000E )
    -------------------------------------------------------------------------
CODE_C
  Relative segment, address: CODE 000005B2 - 00000BB1 (0x600 bytes), align: 0
  Segment part 114.           Intra module refs:   ?Subroutine16
           ENTRY                   ADDRESS         REF BY
           =====                   =======         ======
           ASCIITAB                000005B2 
    -------------------------------------------------------------------------
XDATA_Z
  Relative segment, address: XDATA 00000103 - 00000112 (0x10 bytes), align: 0
  Segment part 115.           Intra module refs:   halLcdWriteLine
           LOCAL                   ADDRESS         
           =====                   =======         
           pLcdLineBuffer          00000103 
    -------------------------------------------------------------------------
NEAR_CODE
  Relative segment, address: CODE 00000CD3 - 00000CDE (0xc bytes), align: 0
  Segment part 141.           Intra module refs:   SET_DDRAM_ADDR
           LOCAL                   ADDRESS         
           =====                   =======         
           HalLcd_HW_Control       00000CD3 
               XSTACK = 00000008 ( 00000000 )
    -------------------------------------------------------------------------
NEAR_CODE
  Relative segment, address: CODE 00000CDF - 00000CE5 (0x7 bytes), align: 0
  Segment part 142.           Intra module refs:   HalLcd_HW_Control
                                                   HalLcd_HW_Write
           LOCAL                   ADDRESS         
           =====                   =======         
           ?Subroutine1            00000CDF 
    -------------------------------------------------------------------------
NEAR_CODE
  Relative segment, address: CODE 00000CE6 - 00000CF3 (0xe bytes), align: 0
  Segment part 143.           Intra module refs:   ?Subroutine16
           LOCAL                   ADDRESS         
           =====                   =======         
           HalLcd_HW_Write         00000CE6 
               XSTACK = 00000011 ( 00000000 )
    -------------------------------------------------------------------------
NEAR_CODE
  Relative segment, address: CODE 00000CF4 - 00000DB3 (0xc0 bytes), align: 0
  Segment part 144.           Intra module refs:   halLcdWriteLine
           LOCAL                   ADDRESS         
           =====                   =======         
           lcdWriteLine            00000CF4 
               calls direct
               XSTACK = 00000009 ( 00000011 )
               ISTACK = 00000000 ( 00000001 )
    -------------------------------------------------------------------------
NEAR_CODE
  Relative segment, address: CODE 00000DB4 - 00000DBB (0x8 bytes), align: 0
  Segment part 145.           Intra module refs:   convInt32ToText
                                                   lcdWriteLine
           LOCAL                   ADDRESS         
           =====                   =======         
           ?Subroutine3            00000DB4 
    -------------------------------------------------------------------------
NEAR_CODE
  Relative segment, address: CODE 00000DBC - 00000DD0 (0x15 bytes), align: 0
  Segment part 146.           Intra module refs:   lcdWriteLine
           LOCAL                   ADDRESS         
           =====                   =======         
           ?Subroutine8            00000DBC 
    -------------------------------------------------------------------------
NEAR_CODE
  Relative segment, address: CODE 00000DD1 - 00000DF6 (0x26 bytes), align: 0
  Segment part 147.           Intra module refs:   ?Subroutine13
                                                   lcdWriteLine
           LOCAL                   ADDRESS         
           =====                   =======         
           SET_DDRAM_ADDR          00000DD1 
               calls direct
               XSTACK = 00000011 ( 00000008 )
    -------------------------------------------------------------------------
NEAR_CODE
  Relative segment, address: CODE 00000DF7 - 00000E5A (0x64 bytes), align: 0
  Segment part 148.           Intra module refs:   main
           ENTRY                   ADDRESS         REF BY
           =====                   =======         ======
           halLcdWriteChar         00000DF7 
               calls direct
               XSTACK = 00000000 ( 0000000D )
    -------------------------------------------------------------------------
NEAR_CODE
  Relative segment, address: CODE 00000E5B - 00000E6C (0x12 bytes), align: 0
  Segment part 149.           Intra module refs:   halLcdWriteChar
           LOCAL                   ADDRESS         
           =====                   =======         
           ?Subroutine13           00000E5B 
    -------------------------------------------------------------------------
NEAR_CODE
  Relative segment, address: CODE 00000E6D - 00000E7F (0x13 bytes), align: 0
  Segment part 150.           Intra module refs:   halLcdWriteChar
           LOCAL                   ADDRESS         
           =====                   =======         
           ?Subroutine9            00000E6D 
    -------------------------------------------------------------------------
NEAR_CODE
  Relative segment, address: CODE 00000E80 - 00000E93 (0x14 bytes), align: 0
  Segment part 151.           Intra module refs:   ?Subroutine8
                                                   ?Subroutine9
           LOCAL                   ADDRESS         
           =====                   =======         
           ?Subroutine16           00000E80 
    -------------------------------------------------------------------------
NEAR_CODE
  Relative segment, address: CODE 00000E94 - 00000EE3 (0x50 bytes), align: 0
  Segment part 152.           Intra module refs:   utilLcdDisplayValue
                                                   utilPrintLogo
           ENTRY                   ADDRESS         REF BY
           =====                   =======         ======
           halLcdWriteLine         00000E94 
               calls direct
               XSTACK = 00000037 ( 00000009 )
               ISTACK = 00000000 ( 00000001 )
    -------------------------------------------------------------------------
NEAR_CODE
  Relative segment, address: CODE 00000EE4 - 00000F00 (0x1d bytes), align: 0
  Segment part 153.           Intra module refs:   main
           ENTRY                   ADDRESS         REF BY
           =====                   =======         ======
           halAssertHandler        00000EE4 
               calls direct
    -------------------------------------------------------------------------
XDATA_Z
  Relative segment, address: XDATA 00000113 - 00000122 (0x10 bytes), align: 0
  Segment part 116.           Intra module refs:   port0_ISR
           LOCAL                   ADDRESS         
           =====                   =======         
           port0_isr_tbl           00000113 
    -------------------------------------------------------------------------
XDATA_Z
  Relative segment, address: XDATA 00000123 - 00000132 (0x10 bytes), align: 0
  Segment part 117.           Intra module refs:   port1_ISR
           LOCAL                   ADDRESS         
           =====                   =======         
           port1_isr_tbl           00000123 
    -------------------------------------------------------------------------
XDATA_Z
  Relative segment, address: XDATA 00000133 - 0000013C (0xa bytes), align: 0
  Segment part 118.           Intra module refs:   main
                                                   port2_ISR
           LOCAL                   ADDRESS         
           =====                   =======         
           port2_isr_tbl           00000133 
    -------------------------------------------------------------------------
NEAR_CODE
  Relative segment, address: CODE 00000F01 - 00000FC3 (0xc3 bytes), align: 0
  Segment part 154.           Intra module refs:   main
           ENTRY                   ADDRESS         REF BY
           =====                   =======         ======
           halDigioConfig          00000F01 
               XSTACK = 00000000 ( 00000009 )
    -------------------------------------------------------------------------
NEAR_CODE
  Relative segment, address: CODE 00000FC4 - 00000FF5 (0x32 bytes), align: 0
  Segment part 155.           Intra module refs:   main
           ENTRY                   ADDRESS         REF BY
           =====                   =======         ======
           halDigioIntClear        00000FC4 
               ISTACK = 00000000 ( 00000002 )
    -------------------------------------------------------------------------
NEAR_CODE
  Relative segment, address: CODE 00000FF6 - 00001049 (0x54 bytes), align: 0
  Segment part 156.           Intra module refs:   port0_ISR::??INTVEC 107
           ENTRY                   ADDRESS         REF BY
           =====                   =======         ======
           port0_ISR               00000FF6 
               interrupt function
               XSTACK = 00000000 ( 0000000F )
    -------------------------------------------------------------------------
NEAR_CODE
  Relative segment, address: CODE 0000104A - 0000104E (0x5 bytes), align: 0
  Segment part 157.           Intra module refs:   port0_ISR
                                                   port1_ISR
                                                   port2_ISR
           LOCAL                   ADDRESS         
           =====                   =======         
           ?Subroutine4            0000104A 
    -------------------------------------------------------------------------
NEAR_CODE
  Relative segment, address: CODE 0000104F - 00001051 (0x3 bytes), align: 0
  Segment part 158.           Intra module refs:   port0_ISR
                                                   port1_ISR
                                                   port2_ISR
           LOCAL                   ADDRESS         
           =====                   =======         
           ?Subroutine5            0000104F 
    -------------------------------------------------------------------------
NEAR_CODE
  Relative segment, address: CODE 00001052 - 00001059 (0x8 bytes), align: 0
  Segment part 159.           Intra module refs:   ?Subroutine5
                                                   halJoystickMoveISR
                                                   rfIsr
    -------------------------------------------------------------------------
NEAR_CODE
  Relative segment, address: CODE 0000105A - 000010AF (0x56 bytes), align: 0
  Segment part 160.           Intra module refs:   port1_ISR::??INTVEC 123
           ENTRY                   ADDRESS         REF BY
           =====                   =======         ======
           port1_ISR               0000105A 
               interrupt function
               XSTACK = 00000000 ( 0000000F )
    -------------------------------------------------------------------------
NEAR_CODE
  Relative segment, address: CODE 000010B0 - 000010BB (0xc bytes), align: 0
  Segment part 161.           Intra module refs:   port0_ISR
                                                   port1_ISR
                                                   port2_ISR
           LOCAL                   ADDRESS         
           =====                   =======         
           ?Subroutine6            000010B0 
    -------------------------------------------------------------------------
NEAR_CODE
  Relative segment, address: CODE 000010BC - 00001112 (0x57 bytes), align: 0
  Segment part 162.           Intra module refs:   port2_ISR::??INTVEC 51
           ENTRY                   ADDRESS         REF BY
           =====                   =======         ======
           port2_ISR               000010BC 
               interrupt function
               XSTACK = 00000000 ( 0000000F )
    -------------------------------------------------------------------------
XDATA_I
  Relative segment, address: XDATA 000002C8 - 000002CC (0x5 bytes), align: 0
  Segment part 119.           Intra module refs:   main
           LOCAL                   ADDRESS         
           =====                   =======         
           pinJoystickMove         000002C8 
    -------------------------------------------------------------------------
XDATA_Z
  Relative segment, address: XDATA 0000013D - 00000148 (0xc bytes), align: 0
  Segment part 121.           Intra module refs:   halJoystickIntConnect
                                                   halJoystickMoveISR
           LOCAL                   ADDRESS         
           =====                   =======         
           joystick_isr_tbl        0000013D 
    -------------------------------------------------------------------------
NEAR_CODE
  Relative segment, address: CODE 00001113 - 00001160 (0x4e bytes), align: 0
  Segment part 163.           Intra module refs:   main
           ENTRY                   ADDRESS         REF BY
           =====                   =======         ======
           halJoystickIntConnect   00001113 
               ISTACK = 00000000 ( 00000002 )
    -------------------------------------------------------------------------
NEAR_CODE
  Relative segment, address: CODE 00001161 - 00001169 (0x9 bytes), align: 0
  Segment part 164.           Intra module refs:   main
           ENTRY                   ADDRESS         REF BY
           =====                   =======         ======
           halJoystickIntEnable    00001161 
    -------------------------------------------------------------------------
NEAR_CODE
  Relative segment, address: CODE 0000116A - 000011AC (0x43 bytes), align: 0
  Segment part 165.           Intra module refs:   halJoystickMoveISR
           ENTRY                   ADDRESS         REF BY
           =====                   =======         ======
           halJoystickGetDir       0000116A 
               calls direct
               ISTACK = 00000000 ( 00000001 )
    -------------------------------------------------------------------------
NEAR_CODE
  Relative segment, address: CODE 000011AD - 000011EB (0x3f bytes), align: 0
  Segment part 166.           Intra module refs:   main
           LOCAL                   ADDRESS         
           =====                   =======         
           halJoystickMoveISR      000011AD 
               calls direct, is indirectly called
               ISTACK = 00000000 ( 00000002 )
    -------------------------------------------------------------------------
XDATA_Z
  Relative segment, address: XDATA 00000149 - 00000149 (0x1 bytes), align: 0
  Segment part 122.           Intra module refs:   halLedToggle
           ENTRY                   ADDRESS         REF BY
           =====                   =======         ======
           led4State               00000149 
    -------------------------------------------------------------------------
NEAR_CODE
  Relative segment, address: CODE 000011EC - 0000121A (0x2f bytes), align: 0
  Segment part 167.           Intra module refs:   halAssertHandler
           ENTRY                   ADDRESS         REF BY
           =====                   =======         ======
           halLedToggle            000011EC 
               ISTACK = 00000000 ( 00000002 )
    -------------------------------------------------------------------------
NEAR_CODE
  Relative segment, address: CODE 0000121B - 00001327 (0x10d bytes), align: 0
  Segment part 168.           Intra module refs:   utilLcdDisplayValue
           ENTRY                   ADDRESS         REF BY
           =====                   =======         ======
           convInt32ToText         0000121B 
               XSTACK = 0000000E ( 00000014 )
               ISTACK = 00000000 ( 00000002 )
    -------------------------------------------------------------------------
NEAR_CODE
  Relative segment, address: CODE 00001328 - 00001331 (0xa bytes), align: 0
  Segment part 169.           Intra module refs:   convInt32ToText
           LOCAL                   ADDRESS         
           =====                   =======         
           ?Subroutine12           00001328 
    -------------------------------------------------------------------------
XDATA_Z
  Relative segment, address: XDATA 0000014A - 00000155 (0xc bytes), align: 0
  Segment part 123.           Intra module refs:   convInt32ToText
           LOCAL                   ADDRESS         
           =====                   =======         
           convInt32ToText::pValueToTextBuffer
                                   0000014A 
    -------------------------------------------------------------------------
XDATA_Z
  Relative segment, address: XDATA 00000156 - 00000165 (0x10 bytes), align: 0
  Segment part 124.           Intra module refs:   ?Subroutine14
                                                   utilLcdDisplayValue
           LOCAL                   ADDRESS         
           =====                   =======         
           pLcdLineBuffer          00000156 
    -------------------------------------------------------------------------
NEAR_CODE
  Relative segment, address: CODE 00001332 - 0000146D (0x13c bytes), align: 0
  Segment part 170.           Intra module refs:   main
           ENTRY                   ADDRESS         REF BY
           =====                   =======         ======
           utilPrintLogo           00001332 
               calls direct
               XSTACK = 00000000 ( 00000039 )
               ISTACK = 00000000 ( 00000002 )
    -------------------------------------------------------------------------
NEAR_CODE
  Relative segment, address: CODE 0000146E - 00001514 (0xa7 bytes), align: 0
  Segment part 171.           Intra module refs:   main
           ENTRY                   ADDRESS         REF BY
           =====                   =======         ======
           utilLcdDisplayValue     0000146E 
               calls direct
               XSTACK = 00000004 ( 0000000E )
               ISTACK = 00000000 ( 00000001 )
    -------------------------------------------------------------------------
NEAR_CODE
  Relative segment, address: CODE 00001515 - 0000151E (0xa bytes), align: 0
  Segment part 172.           Intra module refs:   utilLcdDisplayValue
           LOCAL                   ADDRESS         
           =====                   =======         
           ?Subroutine14           00001515 
    -------------------------------------------------------------------------
NEAR_CODE
  Relative segment, address: CODE 0000151F - 00001523 (0x5 bytes), align: 0
  Segment part 173.           Intra module refs:   ?Subroutine14
                                                   halLcdWriteLine
    -------------------------------------------------------------------------
XDATA_Z
  Relative segment, address: XDATA 00000166 - 00000166 (0x1 bytes), align: 0
  Segment part 125.           Intra module refs:   appDecChannel
                                                   appIncChannel
                                                   appSetShowText
                                                   main
           LOCAL                   ADDRESS         
           =====                   =======         
           appShowText             00000166 
    -------------------------------------------------------------------------
XDATA_Z
  Relative segment, address: XDATA 00000167 - 00000167 (0x1 bytes), align: 0
  Segment part 126.           Intra module refs:   ?Subroutine7
                                                   appDecChannel
                                                   appIncChannel
                                                   main
           LOCAL                   ADDRESS         
           =====                   =======         
           txtChannel              00000167 
    -------------------------------------------------------------------------
XDATA_Z
  Relative segment, address: XDATA 00000168 - 000001E7 (0x80 bytes), align: 0
  Segment part 127.           Intra module refs:   ?Subroutine17
                                                   main
           LOCAL                   ADDRESS         
           =====                   =======         
           ppRssi                  00000168 
    -------------------------------------------------------------------------
XDATA_I
  Relative segment, address: XDATA 000002CD - 000002EC (0x20 bytes), align: 0
  Segment part 128.           Intra module refs:   main
           LOCAL                   ADDRESS         
           =====                   =======         
           channelText             000002CD 
    -------------------------------------------------------------------------
XDATA_I
  Relative segment, address: XDATA 000002ED - 000002F0 (0x4 bytes), align: 0
  Segment part 130.           Intra module refs:   convInt32ToText
           ENTRY                   ADDRESS         REF BY
           =====                   =======         ======
           __Constant_0            000002ED 
    -------------------------------------------------------------------------
XDATA_I
  Relative segment, address: XDATA 000002F1 - 000002F4 (0x4 bytes), align: 0
  Segment part 132.           Intra module refs:   convInt32ToText
           ENTRY                   ADDRESS         REF BY
           =====                   =======         ======
           __Constant_a            000002F1 
    -------------------------------------------------------------------------
NEAR_CODE
  Relative segment, address: CODE 00001524 - 0000152E (0xb bytes), align: 0
  Segment part 174.           Intra module refs:   main
           LOCAL                   ADDRESS         
           =====                   =======         
           appSetShowText          00001524 
               is indirectly called
               ISTACK = 00000000 ( 00000002 )
    -------------------------------------------------------------------------
NEAR_CODE
  Relative segment, address: CODE 0000152F - 00001533 (0x5 bytes), align: 0
  Segment part 175.           Intra module refs:   appDecChannel
                                                   appIncChannel
                                                   appSetShowText
                                                   halDigioIntClear
                                                   halJoystickIntConnect
                                                   halJoystickMoveISR
                                                   halLedToggle
           LOCAL                   ADDRESS         
           =====                   =======         
           ?Subroutine2            0000152F 
    -------------------------------------------------------------------------
NEAR_CODE
  Relative segment, address: CODE 00001534 - 0000154D (0x1a bytes), align: 0
  Segment part 176.           Intra module refs:   main
           LOCAL                   ADDRESS         
           =====                   =======         
           appIncChannel           00001534 
               is indirectly called
               ISTACK = 00000000 ( 00000002 )
    -------------------------------------------------------------------------
NEAR_CODE
  Relative segment, address: CODE 0000154E - 00001566 (0x19 bytes), align: 0
  Segment part 177.           Intra module refs:   main
           LOCAL                   ADDRESS         
           =====                   =======         
           appDecChannel           0000154E 
               is indirectly called
               ISTACK = 00000000 ( 00000002 )
    -------------------------------------------------------------------------
NEAR_CODE
  Relative segment, address: CODE 00001567 - 000017FD (0x297 bytes), align: 0
  Segment part 178.
           ENTRY                   ADDRESS         REF BY
           =====                   =======         ======
           main                    00001567        ?call_main (?cmain)
               calls direct
               XSTACK = 00000000 ( 00000004 )
               ISTACK = 00000000 ( 00000001 )
    -------------------------------------------------------------------------
NEAR_CODE
  Relative segment, address: CODE 000017FE - 0000180A (0xd bytes), align: 0
  Segment part 179.           Intra module refs:   main
           LOCAL                   ADDRESS         
           =====                   =======         
           ?Subroutine15           000017FE 
    -------------------------------------------------------------------------
NEAR_CODE
  Relative segment, address: CODE 0000180B - 0000180E (0x4 bytes), align: 0
  Segment part 180.           Intra module refs:   main
           LOCAL                   ADDRESS         
           =====                   =======         
           ?Subroutine11           0000180B 
    -------------------------------------------------------------------------
NEAR_CODE
  Relative segment, address: CODE 0000180F - 00001823 (0x15 bytes), align: 0
  Segment part 181.           Intra module refs:   ?Subroutine10
                                                   ?Subroutine11
           LOCAL                   ADDRESS         
           =====                   =======         
           ?Subroutine17           0000180F 
    -------------------------------------------------------------------------
NEAR_CODE
  Relative segment, address: CODE 00001824 - 00001829 (0x6 bytes), align: 0
  Segment part 182.           Intra module refs:   main
           LOCAL                   ADDRESS         
           =====                   =======         
           ?Subroutine10           00001824 
    -------------------------------------------------------------------------
NEAR_CODE
  Relative segment, address: CODE 0000182A - 00001837 (0xe bytes), align: 0
  Segment part 183.           Intra module refs:   main
           LOCAL                   ADDRESS         
           =====                   =======         
           ?Subroutine7            0000182A 
    -------------------------------------------------------------------------
INTVEC
  Common segment, address: CODE 00000000 - 00000035 (0x36 bytes), align: 0
  Segment part 38. ROOT.
           ENTRY                   ADDRESS         REF BY
           =====                   =======         ======
           port2_ISR::??INTVEC 51
                                   00000033 
    -------------------------------------------------------------------------
INTVEC
  Common segment, address: CODE 00000000 - 0000006D (0x6e bytes), align: 0
  Segment part 39. ROOT.
           ENTRY                   ADDRESS         REF BY
           =====                   =======         ======
           port0_ISR::??INTVEC 107
                                   0000006B 
    -------------------------------------------------------------------------
INTVEC
  Common segment, address: CODE 00000000 - 0000007D (0x7e bytes), align: 0
  Segment part 40. ROOT.
           ENTRY                   ADDRESS         REF BY
           =====                   =======         ======
           port1_ISR::??INTVEC 123
                                   0000007B 
    -------------------------------------------------------------------------
INTVEC
  Common segment, address: CODE 00000000 - 00000085 (0x86 bytes), align: 0
  Segment part 41. ROOT.
           ENTRY                   ADDRESS         REF BY
           =====                   =======         ======
           rfIsr::??INTVEC 131     00000083 
    -------------------------------------------------------------------------
XDATA_ID
  Relative segment, address: CODE 000000E5 - 000000EA (0x6 bytes), align: 0
  Segment part 48.            Intra module refs:   Segment part 47
    -------------------------------------------------------------------------
XDATA_ID
  Relative segment, address: CODE 000000EB - 000000F0 (0x6 bytes), align: 0
  Segment part 50.            Intra module refs:   Segment part 49
    -------------------------------------------------------------------------
XDATA_ID
  Relative segment, address: CODE 000000F1 - 000000F6 (0x6 bytes), align: 0
  Segment part 52.            Intra module refs:   Segment part 51
    -------------------------------------------------------------------------
XDATA_ID
  Relative segment, address: CODE 000000F7 - 000000FC (0x6 bytes), align: 0
  Segment part 54.            Intra module refs:   Segment part 53
    -------------------------------------------------------------------------
XDATA_ID
  Relative segment, address: CODE 000000FD - 00000102 (0x6 bytes), align: 0
  Segment part 56.            Intra module refs:   Segment part 55
    -------------------------------------------------------------------------
XDATA_ID
  Relative segment, address: CODE 00000103 - 00000108 (0x6 bytes), align: 0
  Segment part 58.            Intra module refs:   Segment part 57
    -------------------------------------------------------------------------
XDATA_ID
  Relative segment, address: CODE 00000109 - 0000010E (0x6 bytes), align: 0
  Segment part 60.            Intra module refs:   Segment part 59
    -------------------------------------------------------------------------
XDATA_ID
  Relative segment, address: CODE 0000010F - 00000114 (0x6 bytes), align: 0
  Segment part 62.            Intra module refs:   Segment part 61
    -------------------------------------------------------------------------
XDATA_ID
  Relative segment, address: CODE 00000115 - 0000011A (0x6 bytes), align: 0
  Segment part 64.            Intra module refs:   Segment part 63
    -------------------------------------------------------------------------
XDATA_ID
  Relative segment, address: CODE 0000011B - 00000120 (0x6 bytes), align: 0
  Segment part 66.            Intra module refs:   Segment part 65
    -------------------------------------------------------------------------
XDATA_ID
  Relative segment, address: CODE 00000121 - 00000126 (0x6 bytes), align: 0
  Segment part 68.            Intra module refs:   Segment part 67
    -------------------------------------------------------------------------
XDATA_ID
  Relative segment, address: CODE 00000127 - 0000012C (0x6 bytes), align: 0
  Segment part 70.            Intra module refs:   Segment part 69
    -------------------------------------------------------------------------
XDATA_ID
  Relative segment, address: CODE 0000012D - 00000132 (0x6 bytes), align: 0
  Segment part 72.            Intra module refs:   Segment part 71
    -------------------------------------------------------------------------
XDATA_ID
  Relative segment, address: CODE 00000133 - 00000138 (0x6 bytes), align: 0
  Segment part 74.            Intra module refs:   Segment part 73
    -------------------------------------------------------------------------
XDATA_ID
  Relative segment, address: CODE 00000139 - 0000013E (0x6 bytes), align: 0
  Segment part 76.            Intra module refs:   Segment part 75
    -------------------------------------------------------------------------
XDATA_ID
  Relative segment, address: CODE 0000013F - 00000144 (0x6 bytes), align: 0
  Segment part 78.            Intra module refs:   Segment part 77
    -------------------------------------------------------------------------
XDATA_ID
  Relative segment, address: CODE 00000145 - 00000149 (0x5 bytes), align: 0
  Segment part 80.            Intra module refs:   Segment part 79
    -------------------------------------------------------------------------
XDATA_ID
  Relative segment, address: CODE 0000014A - 0000014E (0x5 bytes), align: 0
  Segment part 82.            Intra module refs:   Segment part 81
    -------------------------------------------------------------------------
XDATA_ID
  Relative segment, address: CODE 0000014F - 00000153 (0x5 bytes), align: 0
  Segment part 84.            Intra module refs:   Segment part 83
    -------------------------------------------------------------------------
XDATA_ID
  Relative segment, address: CODE 00000154 - 00000158 (0x5 bytes), align: 0
  Segment part 86.            Intra module refs:   Segment part 85
    -------------------------------------------------------------------------
XDATA_ID
  Relative segment, address: CODE 00000159 - 0000015D (0x5 bytes), align: 0
  Segment part 88.            Intra module refs:   Segment part 87
    -------------------------------------------------------------------------
XDATA_ID
  Relative segment, address: CODE 0000015E - 00000162 (0x5 bytes), align: 0
  Segment part 90.            Intra module refs:   Segment part 89
    -------------------------------------------------------------------------
XDATA_ID
  Relative segment, address: CODE 00000163 - 00000167 (0x5 bytes), align: 0
  Segment part 92.            Intra module refs:   Segment part 91
    -------------------------------------------------------------------------
XDATA_ID
  Relative segment, address: CODE 00000168 - 0000016C (0x5 bytes), align: 0
  Segment part 94.            Intra module refs:   Segment part 93
    -------------------------------------------------------------------------
XDATA_ID
  Relative segment, address: CODE 0000016D - 00000171 (0x5 bytes), align: 0
  Segment part 96.            Intra module refs:   Segment part 95
    -------------------------------------------------------------------------
XDATA_ID
  Relative segment, address: CODE 00000172 - 00000176 (0x5 bytes), align: 0
  Segment part 98.            Intra module refs:   Segment part 97
    -------------------------------------------------------------------------
XDATA_ID
  Relative segment, address: CODE 00000177 - 0000017B (0x5 bytes), align: 0
  Segment part 100.           Intra module refs:   Segment part 99
[...]
           ?L_MOV_TO_X             000002FF        convInt32ToText (hal_int)

    -------------------------------------------------------------------------
  LIBRARY MODULE, NAME : ?MOVE_LONG8_XDATA_IDATA

  SEGMENTS IN THE MODULE
  ======================
RCODE
  Relative segment, address: CODE 0000030E - 0000031A (0xd bytes), align: 0
  Segment part 0.
           ENTRY                   ADDRESS         REF BY
           =====                   =======         ======
           ?MOVE_LONG8_XDATA_IDATA
                                   0000030E        ?PUSH_XSTACK_I (?PUSH_XSTACK_I)

    -------------------------------------------------------------------------
  LIBRARY MODULE, NAME : ?MOVE_LONG8_XDATA_XDATA

  SEGMENTS IN THE MODULE
  ======================
RCODE
  Relative segment, address: CODE 0000031B - 0000033B (0x21 bytes), align: 0
  Segment part 0.
           ENTRY                   ADDRESS         REF BY
           =====                   =======         ======
           ?MOVE_LONG8_XDATA_XDATA
                                   0000031B        utilPrintLogo (hal_int)

    -------------------------------------------------------------------------
  LIBRARY MODULE, NAME : ?S_DIV_MOD

  SEGMENTS IN THE MODULE
  ======================
RCODE
  Relative segment, address: CODE 0000033C - 0000037C (0x41 bytes), align: 0
  Segment part 0.
           ENTRY                   ADDRESS         REF BY
           =====                   =======         ======
           ?S_DIV_MOD              00000375        main (hal_int)
    -------------------------------------------------------------------------
RCODE
  Relative segment, address: CODE 0000037D - 000003D5 (0x59 bytes), align: 0
  Segment part 1.             Intra module refs:   ?S_DIV_MOD
           ENTRY                   ADDRESS         REF BY
           =====                   =======         ======
           ?US_DIV_MOD             0000037D 

    -------------------------------------------------------------------------
  LIBRARY MODULE, NAME : ?S_SHL

  SEGMENTS IN THE MODULE
  ======================
RCODE
  Relative segment, address: CODE 000003D6 - 000003D8 (0x3 bytes), align: 0
  Segment part 0.
           ENTRY                   ADDRESS         REF BY
           =====                   =======         ======
           ?S_SHL                  000003D6        adcSampleSingle (hal_int)
                                                   halDigioConfig (hal_int)
                                                   halLcdWriteChar (hal_int)
                                                   lcdWriteLine (hal_int)
                                                   main (hal_int)
                                                   port0_ISR (hal_int)
                                                   port1_ISR (hal_int)
                                                   port2_ISR (hal_int)
    -------------------------------------------------------------------------
RCODE
  Relative segment, address: CODE 000003D9 - 000003DB (0x3 bytes), align: 0
  Segment part 1.             Intra module refs:   Segment part 2
           ENTRY                   ADDRESS         REF BY
           =====                   =======         ======
           ?S_SHL_REW              000003D9 
    -------------------------------------------------------------------------
RCODE
  Relative segment, address: CODE 000003DC - 000003E8 (0xd bytes), align: 0
  Segment part 2.             Intra module refs:   ?S_SHL
                                                   ?S_SHL_REW

    -------------------------------------------------------------------------
  LIBRARY MODULE, NAME : ?ALLOC_XSTACK8

  SEGMENTS IN THE MODULE
  ======================
RCODE
  Relative segment, address: CODE 000003E9 - 000003FE (0x16 bytes), align: 0
  Segment part 0.
           ENTRY                   ADDRESS         REF BY
           =====                   =======         ======
           ?ALLOC_XSTACK8          000003E9        convInt32ToText (hal_int)
                                                   lcdWriteLine (hal_int)
                                                   utilPrintLogo (hal_int)

    -------------------------------------------------------------------------
  LIBRARY MODULE, NAME : ?DEALLOC_XSTACK8

  SEGMENTS IN THE MODULE
  ======================
RCODE
  Relative segment, address: CODE 000003FF - 00000418 (0x1a bytes), align: 0
  Segment part 0.
           ENTRY                   ADDRESS         REF BY
           =====                   =======         ======
           ?DEALLOC_XSTACK8        000003FF        ?Subroutine3 (hal_int)
                                                   main (hal_int)
                                                   utilPrintLogo (hal_int)

    -------------------------------------------------------------------------
  LIBRARY MODULE, NAME : ?ADD_XSTACK_DISP8

  SEGMENTS IN THE MODULE
  ======================
RCODE
  Relative segment, address: CODE 00000419 - 00000433 (0x1b bytes), align: 0
  Segment part 1.
           ENTRY                   ADDRESS         REF BY
           =====                   =======         ======
           ?ADD_XSTACK_DISP0_8     00000419        ?PUSH_XSTACK_I (?PUSH_XSTACK_I)

    -------------------------------------------------------------------------
  LIBRARY MODULE, NAME : ?XSTACK_DISP8

  SEGMENTS IN THE MODULE
  ======================
RCODE
  Relative segment, address: CODE 00000434 - 0000043D (0xa bytes), align: 0
  Segment part 1.
           ENTRY                   ADDRESS         REF BY
           =====                   =======         ======
           ?XSTACK_DISP0_8         00000434        convInt32ToText (hal_int)
                                                   lcdWriteLine (hal_int)
                                                   strncpy (?strncpy)
                                                   utilLcdDisplayValue (hal_int)
                                                   utilPrintLogo (hal_int)

    -------------------------------------------------------------------------
  LIBRARY MODULE, NAME : ?CALL_IND

  SEGMENTS IN THE MODULE
  ======================
RCODE
  Relative segment, address: CODE 0000043E - 0000043F (0x2 bytes), align: 0
  Segment part 0.
           ENTRY                   ADDRESS         REF BY
           =====                   =======         ======
           ?CALL_IND               0000043E        halJoystickMoveISR (hal_int)
                                                   port0_ISR (hal_int)
                                                   port1_ISR (hal_int)
                                                   port2_ISR (hal_int)
                                                   rfIsr (hal_int)

    -------------------------------------------------------------------------
  LIBRARY MODULE, NAME : ?FUNC_ENTER_XDATA

  SEGMENTS IN THE MODULE
  ======================
RCODE
  Relative segment, address: CODE 00000440 - 000004A5 (0x66 bytes), align: 0
  Segment part 1.
           ENTRY                   ADDRESS         REF BY
           =====                   =======         ======
           ?FUNC_ENTER_XDATA       00000440        SET_DDRAM_ADDR (hal_int)
                                                   adcSampleSingle (hal_int)
                                                   convInt32ToText (hal_int)
                                                   halDigioConfig (hal_int)
                                                   halLcdWriteChar (hal_int)
                                                   halLcdWriteLine (hal_int)
                                                   halMcuWaitMs (hal_int)
                                                   lcdWriteLine (hal_int)
                                                   strcat (?strcat)
                                                   strncpy (?strncpy)
                                                   utilLcdDisplayValue (hal_int)
                                                   utilPrintLogo (hal_int)

    -------------------------------------------------------------------------
  LIBRARY MODULE, NAME : ?FUNC_LEAVE_XDATA

  SEGMENTS IN THE MODULE
  ======================
RCODE
  Relative segment, address: CODE 000004A6 - 000004E5 (0x40 bytes), align: 0
  Segment part 1.
           ENTRY                   ADDRESS         REF BY
           =====                   =======         ======
           ?FUNC_LEAVE_XDATA       000004A6        ?Subroutine0 (hal_int)
                                                   ?Subroutine3 (hal_int)
                                                   SET_DDRAM_ADDR (hal_int)
                                                   halLcdWriteChar (hal_int)
                                                   halMcuWaitMs (hal_int)
                                                   strcat (?strcat)
                                                   strncpy (?strncpy)
                                                   utilLcdDisplayValue (hal_int)
                                                   utilPrintLogo (hal_int)

    -------------------------------------------------------------------------
  LIBRARY MODULE, NAME : ?INTERRUPT_ENTER_XSP

  SEGMENTS IN THE MODULE
  ======================
RCODE
  Relative segment, address: CODE 000004E6 - 00000544 (0x5f bytes), align: 0
  Segment part 1.
           ENTRY                   ADDRESS         REF BY
           =====                   =======         ======
           ?INTERRUPT_ENTER_XSP    000004E6        port0_ISR (hal_int)
                                                   port1_ISR (hal_int)
                                                   port2_ISR (hal_int)
                                                   rfIsr (hal_int)

    -------------------------------------------------------------------------
  LIBRARY MODULE, NAME : ?INTERRUPT_LEAVE_XSP

  SEGMENTS IN THE MODULE
  ======================
RCODE
  Relative segment, address: CODE 00000545 - 0000059C (0x58 bytes), align: 0
  Segment part 1.
           ENTRY                   ADDRESS         REF BY
           =====                   =======         ======
           ?INTERRUPT_LEAVE_XSP    00000545        ?Subroutine4 (hal_int)
                                                   rfIsr (hal_int)

    -------------------------------------------------------------------------
  LIBRARY MODULE, NAME : ?PUSH_XSTACK_I

  SEGMENTS IN THE MODULE
  ======================
RCODE
  Relative segment, address: CODE 0000059D - 000005A0 (0x4 bytes), align: 0
  Segment part 0.
           ENTRY                   ADDRESS         REF BY
           =====                   =======         ======
           ?PUSH_XSTACK_I_FOUR     0000059D        main (hal_int)
    -------------------------------------------------------------------------
RCODE
  Relative segment, address: CODE 000005A1 - 000005A4 (0x4 bytes), align: 0
  Segment part 2.
           ENTRY                   ADDRESS         REF BY
           =====                   =======         ======
           ?PUSH_XSTACK_I_TWO      000005A1        utilPrintLogo (hal_int)
    -------------------------------------------------------------------------
RCODE
  Relative segment, address: CODE 000005A5 - 000005B1 (0xd bytes), align: 0
  Segment part 4.             Intra module refs:   ?PUSH_XSTACK_I_FOUR
                                                   ?PUSH_XSTACK_I_TWO
           ENTRY                   ADDRESS         REF BY
           =====                   =======         ======
           ?PUSH_XSTACK_I          000005A5 

    -------------------------------------------------------------------------
  LIBRARY MODULE, NAME : ?strcat

  SEGMENTS IN THE MODULE
  ======================
NEAR_CODE
  Relative segment, address: CODE 00001838 - 0000186D (0x36 bytes), align: 0
  Segment part 6.
           ENTRY                   ADDRESS         REF BY
           =====                   =======         ======
           strcat                  00001838        utilPrintLogo (hal_int)
               XSTACK = 00000000 ( 00000008 )
               ISTACK = 00000000 ( 00000001 )

    -------------------------------------------------------------------------
  LIBRARY MODULE, NAME : ?strlen

  SEGMENTS IN THE MODULE
  ======================
NEAR_CODE
  Relative segment, address: CODE 0000186E - 00001889 (0x1c bytes), align: 0
  Segment part 6.
           ENTRY                   ADDRESS         REF BY
           =====                   =======         ======
           strlen                  0000186E        lcdWriteLine (hal_int)
                                                   utilPrintLogo (hal_int)
               ISTACK = 00000000 ( 00000002 )

    -------------------------------------------------------------------------
  LIBRARY MODULE, NAME : ?strncpy

  SEGMENTS IN THE MODULE
  ======================
NEAR_CODE
  Relative segment, address: CODE 0000188A - 000018EC (0x63 bytes), align: 0
  Segment part 6.
           ENTRY                   ADDRESS         REF BY
           =====                   =======         ======
           strncpy                 0000188A        utilPrintLogo (hal_int)
               XSTACK = 00000002 ( 00000009 )
               ISTACK = 00000000 ( 00000001 )

    -------------------------------------------------------------------------
  LIBRARY MODULE, NAME : ?low_level_init

  SEGMENTS IN THE MODULE
  ======================
CSTART
  Relative segment, address: CODE 000000E2 - 000000E4 (0x3 bytes), align: 0
  Segment part 6. ROOT.
           ENTRY                   ADDRESS         REF BY
           =====                   =======         ======
           __low_level_init        000000E2        __low_level_init_call (?cmain)




                ****************************************
                *                                      *
                *            MODULE SUMMARY            *
                *                                      *
                ****************************************

Module                    CODE      DATA      XDATA  IDATA    BIT
------                    ----      ----      -----  -----    ---
                         (Rel)  (Rel)  (Abs)  (Rel)  (Rel)  (Rel)
?ADD_XSTACK_DISP8           27
?ALLOC_XSTACK8              22
?CALL_IND                    2
?DEALLOC_XSTACK8            26
?FUNC_ENTER_XDATA          102
?FUNC_LEAVE_XDATA           64
?INTERRUPT_ENTER_XSP        95
?INTERRUPT_LEAVE_XSP        88
?L_DIV_MOD                  87
?L_MOV_TO_X                 15
?L_MOV_X                    15
?L_NEG                      17
?L_NEG_R1                   17
?MOVE_LONG8_XDATA_IDATA     13
?MOVE_LONG8_XDATA_XDATA     33
?PUSH_XSTACK_I              21
?SL_GT_X                    21
?S_DIV_MOD                 154
?S_SHL                      19
?UL_DIV_MOD                112
?XSTACK_DISP8               10
?cexit                       5
?cmain                      72
?low_level_init              3
?strcat                     54
?strlen                     28
?strncpy                    99
CSTARTUP                    15
  + common                   3
VIRTUAL_REGISTERS                   2                           8
hal_int                  5 011            37    500
  + common                 134
N/A (command line)                 16           256     64
N/A (alignment)
----------               -----     --     --    ---     --      -
Total:                   6 247     18     37    756     64      8
  + common                 134


                ****************************************
                *                                      *
                *      SEGMENTS IN ADDRESS ORDER       *
                *                                      *
                ****************************************


SEGMENT              SPACE    START ADDRESS   END ADDRESS     SIZE  TYPE  ALIGN
=======              =====    =============   ===========     ====  ====  =====
INTVEC               CODE          00000000 - 00000085          86   com    0
CSTART               CODE          00000086 - 000000E4          5F   rel    0
DATA_ID              CODE               000000E5                     dse    0
BDATA_ID             CODE               000000E5                     dse    0
BIT_ID               CODE               000000E5                     dse    0
IDATA_ID             CODE               000000E5                     dse    0
IXDATA_ID            CODE               000000E5                     dse    0
PDATA_ID             CODE               000000E5                     dse    0
XDATA_ID             CODE          000000E5 - 000001F1         10D   rel    0
RCODE                CODE          000001F2 - 000005B1         3C0   rel    0
DIFUNCT              CODE               000005B2                     dse    0
CODE_C               CODE          000005B2 - 00000BB1         600   rel    0
CODE_N               CODE               00000BB2                     dse    0
NEAR_CODE            CODE          00000BB2 - 000018EC         D3B   rel    0
REGISTERS            DATA          00000000 - 00000007           8   rel    0
VREG                 DATA          00000008 - 0000000F           8   rel    0
PSP                  DATA               00000010                     dse    0
XSP                  DATA          00000010 - 00000011           2   rel    0
BREG                 BIT        00000020.0  -  00000020.7        8   rel    0
SFR_AN               DATA          00000080 - 00000080           1   rel    0
                     DATA          00000088 - 0000008D           6 
                     DATA          0000008F - 00000090           2 
                     DATA          0000009A - 0000009B           2 
                     DATA          0000009D - 0000009E           2 
                     DATA          000000A0 - 000000A0           1 
                     DATA          000000A8 - 000000A8           1 
                     DATA          000000AB - 000000AC           2 
                     DATA          000000B6 - 000000B6           1 
                     DATA          000000B8 - 000000B8           1 
                     DATA          000000BA - 000000BB           2 
                     DATA          000000BE - 000000BE           1 
                     DATA          000000C0 - 000000C0           1 
                     DATA          000000C6 - 000000C6           1 
                     DATA          000000E1 - 000000E1           1 
                     DATA          000000E8 - 000000E9           2 
                     DATA          000000F2 - 000000F5           4 
                     DATA          000000F7 - 000000F9           3 
                     DATA          000000FD - 000000FF           3 
XSTACK               XDATA         00000001 - 00000100         100   rel    0
XDATA_Z              XDATA         00000101 - 000001E7          E7   rel    0
XDATA_I              XDATA         000001E8 - 000002F4         10D   rel    0
ISTACK               IDATA         000000C0 - 000000FF          40   rel    0

                ****************************************
                *                                      *
                *        END OF CROSS REFERENCE        *
                *                                      *
                ****************************************

 6 381 bytes of CODE  memory
    18 bytes of DATA  memory (+ 37 absolute )
   756 bytes of XDATA memory
    64 bytes of IDATA memory
     8 bits  of BIT   memory

Errors: none
Warnings: none

